Archive member included to satisfy reference by file (symbol)

c:/programdata/matlab/supportpackages/r2024a/3p.instrset/gnuarm-armcortex.instrset/win/bin/../lib/gcc/arm-none-eabi/11.3.1/thumb/v7e-m+fp/hard\libm.a(libm_a-w_fmod.o)
                              G431debug.o (fmod)
c:/programdata/matlab/supportpackages/r2024a/3p.instrset/gnuarm-armcortex.instrset/win/bin/../lib/gcc/arm-none-eabi/11.3.1/thumb/v7e-m+fp/hard\libm.a(libm_a-wf_fmod.o)
                              G431debug.o (fmodf)
c:/programdata/matlab/supportpackages/r2024a/3p.instrset/gnuarm-armcortex.instrset/win/bin/../lib/gcc/arm-none-eabi/11.3.1/thumb/v7e-m+fp/hard\libm.a(libm_a-s_fmin.o)
                              G431debug.o (fmin)
c:/programdata/matlab/supportpackages/r2024a/3p.instrset/gnuarm-armcortex.instrset/win/bin/../lib/gcc/arm-none-eabi/11.3.1/thumb/v7e-m+fp/hard\libm.a(libm_a-s_fpclassify.o)
                              c:/programdata/matlab/supportpackages/r2024a/3p.instrset/gnuarm-armcortex.instrset/win/bin/../lib/gcc/arm-none-eabi/11.3.1/thumb/v7e-m+fp/hard\libm.a(libm_a-s_fmin.o) (__fpclassifyd)
c:/programdata/matlab/supportpackages/r2024a/3p.instrset/gnuarm-armcortex.instrset/win/bin/../lib/gcc/arm-none-eabi/11.3.1/thumb/v7e-m+fp/hard\libm.a(libm_a-sf_fmax.o)
                              G431debug.o (fmaxf)
c:/programdata/matlab/supportpackages/r2024a/3p.instrset/gnuarm-armcortex.instrset/win/bin/../lib/gcc/arm-none-eabi/11.3.1/thumb/v7e-m+fp/hard\libm.a(libm_a-sf_fmin.o)
                              G431debug.o (fminf)
c:/programdata/matlab/supportpackages/r2024a/3p.instrset/gnuarm-armcortex.instrset/win/bin/../lib/gcc/arm-none-eabi/11.3.1/thumb/v7e-m+fp/hard\libm.a(libm_a-sf_fpclassify.o)
                              c:/programdata/matlab/supportpackages/r2024a/3p.instrset/gnuarm-armcortex.instrset/win/bin/../lib/gcc/arm-none-eabi/11.3.1/thumb/v7e-m+fp/hard\libm.a(libm_a-sf_fmax.o) (__fpclassifyf)
c:/programdata/matlab/supportpackages/r2024a/3p.instrset/gnuarm-armcortex.instrset/win/bin/../lib/gcc/arm-none-eabi/11.3.1/thumb/v7e-m+fp/hard\libm.a(libm_a-s_floor.o)
                              G431debug.o (floor)
c:/programdata/matlab/supportpackages/r2024a/3p.instrset/gnuarm-armcortex.instrset/win/bin/../lib/gcc/arm-none-eabi/11.3.1/thumb/v7e-m+fp/hard\libm.a(libm_a-sf_floor.o)
                              G431debug.o (floorf)
c:/programdata/matlab/supportpackages/r2024a/3p.instrset/gnuarm-armcortex.instrset/win/bin/../lib/gcc/arm-none-eabi/11.3.1/thumb/v7e-m+fp/hard\libm.a(libm_a-sf_trunc.o)
                              G431debug.o (truncf)
c:/programdata/matlab/supportpackages/r2024a/3p.instrset/gnuarm-armcortex.instrset/win/bin/../lib/gcc/arm-none-eabi/11.3.1/thumb/v7e-m+fp/hard\libm.a(libm_a-e_fmod.o)
                              c:/programdata/matlab/supportpackages/r2024a/3p.instrset/gnuarm-armcortex.instrset/win/bin/../lib/gcc/arm-none-eabi/11.3.1/thumb/v7e-m+fp/hard\libm.a(libm_a-w_fmod.o) (__ieee754_fmod)
c:/programdata/matlab/supportpackages/r2024a/3p.instrset/gnuarm-armcortex.instrset/win/bin/../lib/gcc/arm-none-eabi/11.3.1/thumb/v7e-m+fp/hard\libm.a(libm_a-ef_fmod.o)
                              c:/programdata/matlab/supportpackages/r2024a/3p.instrset/gnuarm-armcortex.instrset/win/bin/../lib/gcc/arm-none-eabi/11.3.1/thumb/v7e-m+fp/hard\libm.a(libm_a-wf_fmod.o) (__ieee754_fmodf)
c:/programdata/matlab/supportpackages/r2024a/3p.instrset/gnuarm-armcortex.instrset/win/bin/../lib/gcc/arm-none-eabi/11.3.1/thumb/v7e-m+fp/hard\libgcc.a(_arm_muldf3.o)
                              G431debug.o (__aeabi_dmul)
c:/programdata/matlab/supportpackages/r2024a/3p.instrset/gnuarm-armcortex.instrset/win/bin/../lib/gcc/arm-none-eabi/11.3.1/thumb/v7e-m+fp/hard\libgcc.a(_arm_addsubdf3.o)
                              G431debug.o (__aeabi_dsub)
c:/programdata/matlab/supportpackages/r2024a/3p.instrset/gnuarm-armcortex.instrset/win/bin/../lib/gcc/arm-none-eabi/11.3.1/thumb/v7e-m+fp/hard\libgcc.a(_arm_muldivdf3.o)
                              xcp_ext_common.o (__aeabi_ddiv)
c:/programdata/matlab/supportpackages/r2024a/3p.instrset/gnuarm-armcortex.instrset/win/bin/../lib/gcc/arm-none-eabi/11.3.1/thumb/v7e-m+fp/hard\libgcc.a(_arm_cmpdf2.o)
                              xcp_ext_mode.o (__aeabi_dcmpeq)
c:/programdata/matlab/supportpackages/r2024a/3p.instrset/gnuarm-armcortex.instrset/win/bin/../lib/gcc/arm-none-eabi/11.3.1/thumb/v7e-m+fp/hard\libgcc.a(_arm_unorddf2.o)
                              rt_nonfinite.o (__aeabi_dcmpun)
c:/programdata/matlab/supportpackages/r2024a/3p.instrset/gnuarm-armcortex.instrset/win/bin/../lib/gcc/arm-none-eabi/11.3.1/thumb/v7e-m+fp/hard\libgcc.a(_arm_fixunsdfsi.o)
                              G431debug.o (__aeabi_d2uiz)
c:/programdata/matlab/supportpackages/r2024a/3p.instrset/gnuarm-armcortex.instrset/win/bin/../lib/gcc/arm-none-eabi/11.3.1/thumb/v7e-m+fp/hard\libgcc.a(_arm_truncdfsf2.o)
                              G431debug.o (__aeabi_d2f)
[...]
Memory Configuration

Name             Origin             Length             Attributes
RAM              0x20000000         0x00008000         xrw
FLASH            0x08000000         0x00020000         xr
*default*        0x00000000         0xffffffff

Linker script and memory map

LOAD c:/programdata/matlab/supportpackages/r2024a/3p.instrset/gnuarm-armcortex.instrset/win/bin/../lib/gcc/arm-none-eabi/11.3.1/thumb/v7e-m+fp/hard/crti.o
LOAD c:/programdata/matlab/supportpackages/r2024a/3p.instrset/gnuarm-armcortex.instrset/win/bin/../lib/gcc/arm-none-eabi/11.3.1/thumb/v7e-m+fp/hard/crtbegin.o
LOAD c:/programdata/matlab/supportpackages/r2024a/3p.instrset/gnuarm-armcortex.instrset/win/bin/../lib/gcc/arm-none-eabi/11.3.1/thumb/v7e-m+fp/hard/crt0.o
LOAD stm_adc_ll.o
LOAD stm_timer_ll.o
LOAD xcp_ext_mode.o
LOAD mw_stm32_nvic.o
LOAD G431debug.o
LOAD G431debug_data.o
LOAD ert_main.o
LOAD rt_nonfinite.o
LOAD xcp_ext_common.o
LOAD xcp_ext_classic_trigger.o
LOAD xcp.o
LOAD xcp_standard.o
LOAD xcp_daq.o
LOAD xcp_calibration.o
LOAD xcp_fifo.o
LOAD xcp_transport.o
LOAD xcp_mem_default.o
LOAD xcp_drv_rtiostream.o
LOAD xcp_utils.o
LOAD xcp_frame_serial.o
LOAD xcp_ext_param_default_serial.o
LOAD overrideHALDelay.o
LOAD platform_timer.o
LOAD SysTickScheduler.o
LOAD m3m4m4f_multitasking.o
LOAD rtiostream_serial.o
LOAD stm_usart.o
LOAD stm_lpuart.o
LOAD sys_arch.o
LOAD main.o
LOAD stm32g4xx_it.o
LOAD stm32g4xx_hal_msp.o
LOAD stm32g4xx_hal_timebase_tim.o
LOAD stm32g4xx_ll_utils.o
LOAD stm32g4xx_ll_exti.o
LOAD stm32g4xx_ll_gpio.o
LOAD stm32g4xx_ll_adc.o
LOAD stm32g4xx_ll_dma.o
LOAD stm32g4xx_hal.o
LOAD stm32g4xx_hal_rcc.o
LOAD stm32g4xx_hal_rcc_ex.o
LOAD stm32g4xx_hal_flash.o
LOAD stm32g4xx_hal_flash_ex.o
LOAD stm32g4xx_hal_flash_ramfunc.o
LOAD stm32g4xx_hal_gpio.o
LOAD stm32g4xx_hal_exti.o
LOAD stm32g4xx_hal_dma.o
LOAD stm32g4xx_hal_dma_ex.o
LOAD stm32g4xx_hal_pwr.o
LOAD stm32g4xx_hal_pwr_ex.o
LOAD stm32g4xx_hal_cortex.o
LOAD stm32g4xx_ll_lpuart.o
LOAD stm32g4xx_ll_rcc.o
LOAD stm32g4xx_hal_tim.o
LOAD stm32g4xx_hal_tim_ex.o
LOAD stm32g4xx_ll_tim.o
LOAD system_stm32g4xx.o
LOAD syscalls.o
LOAD sysmem.o
LOAD startup_stm32g431rbtx.o
LOAD C:/ProgramData/MATLAB/SupportPackages/R2024a/3P.instrset/cmsis_dsp.instrset/Lib/GCC/arm_cortexm4ldfsp_math/libCMSISDSP.a
LOAD C:/ProgramData/MATLAB/SupportPackages/R2024a/toolbox/shared/supportpackages/stm32/lib/GCC/libmw_pdmfilter_m4_spfp.lib
LOAD c:/programdata/matlab/supportpackages/r2024a/3p.instrset/gnuarm-armcortex.instrset/win/bin/../lib/gcc/arm-none-eabi/11.3.1/thumb/v7e-m+fp/hard\libstdc++_nano.a
LOAD c:/programdata/matlab/supportpackages/r2024a/3p.instrset/gnuarm-armcortex.instrset/win/bin/../lib/gcc/arm-none-eabi/11.3.1/thumb/v7e-m+fp/hard\libm.a
START GROUP
LOAD c:/programdata/matlab/supportpackages/r2024a/3p.instrset/gnuarm-armcortex.instrset/win/bin/../lib/gcc/arm-none-eabi/11.3.1/thumb/v7e-m+fp/hard\libgcc.a
LOAD c:/programdata/matlab/supportpackages/r2024a/3p.instrset/gnuarm-armcortex.instrset/win/bin/../lib/gcc/arm-none-eabi/11.3.1/thumb/v7e-m+fp/hard\libg_nano.a
LOAD c:/programdata/matlab/supportpackages/r2024a/3p.instrset/gnuarm-armcortex.instrset/win/bin/../lib/gcc/arm-none-eabi/11.3.1/thumb/v7e-m+fp/hard\libc_nano.a
END GROUP
START GROUP
LOAD c:/programdata/matlab/supportpackages/r2024a/3p.instrset/gnuarm-armcortex.instrset/win/bin/../lib/gcc/arm-none-eabi/11.3.1/thumb/v7e-m+fp/hard\libgcc.a
LOAD c:/programdata/matlab/supportpackages/r2024a/3p.instrset/gnuarm-armcortex.instrset/win/bin/../lib/gcc/arm-none-eabi/11.3.1/thumb/v7e-m+fp/hard\libc_nano.a
LOAD c:/programdata/matlab/supportpackages/r2024a/3p.instrset/gnuarm-armcortex.instrset/win/bin/../lib/gcc/arm-none-eabi/11.3.1/thumb/v7e-m+fp/hard\libnosys.a
END GROUP
START GROUP
LOAD c:/programdata/matlab/supportpackages/r2024a/3p.instrset/gnuarm-armcortex.instrset/win/bin/../lib/gcc/arm-none-eabi/11.3.1/thumb/v7e-m+fp/hard\libgcc.a
LOAD c:/programdata/matlab/supportpackages/r2024a/3p.instrset/gnuarm-armcortex.instrset/win/bin/../lib/gcc/arm-none-eabi/11.3.1/thumb/v7e-m+fp/hard\libc_nano.a
LOAD c:/programdata/matlab/supportpackages/r2024a/3p.instrset/gnuarm-armcortex.instrset/win/bin/../lib/gcc/arm-none-eabi/11.3.1/thumb/v7e-m+fp/hard\libnosys.a
END GROUP
LOAD c:/programdata/matlab/supportpackages/r2024a/3p.instrset/gnuarm-armcortex.instrset/win/bin/../lib/gcc/arm-none-eabi/11.3.1/thumb/v7e-m+fp/hard/crtend.o
LOAD c:/programdata/matlab/supportpackages/r2024a/3p.instrset/gnuarm-armcortex.instrset/win/bin/../lib/gcc/arm-none-eabi/11.3.1/thumb/v7e-m+fp/hard/crtn.o
                0x20008000                _estack = (ORIGIN (RAM) + LENGTH (RAM))
                0x00000200                _Min_Heap_Size = 0x200
                0x00000400                _Min_Stack_Size = 0x400

.isr_vector     0x08000000      0x1d8
                0x08000000                . = ALIGN (0x4)
 *(.isr_vector)
 .isr_vector    0x08000000      0x1d8 startup_stm32g431rbtx.o
                0x08000000                g_pfnVectors
                0x080001d8                . = ALIGN (0x4)

.text           0x080001d8    0x13138
                0x080001d8                . = ALIGN (0x4)
 *(.text)
 .text          0x080001d8      0x378 c:/programdata/matlab/supportpackages/r2024a/3p.instrset/gnuarm-armcortex.instrset/win/bin/../lib/gcc/arm-none-eabi/11.3.1/thumb/v7e-m+fp/hard\libgcc.a(_arm_addsubdf3.o)
                0x080001d8                __aeabi_drsub
                0x080001e0                __aeabi_dsub
                0x080001e0                __subdf3
                0x080001e4                __aeabi_dadd
                0x080001e4                __adddf3
                0x0800045c                __floatunsidf
                0x0800045c                __aeabi_ui2d
                0x0800047c                __floatsidf
                0x0800047c                __aeabi_i2d
                0x080004a0                __aeabi_f2d
                0x080004a0                __extendsfdf2
                0x080004e4                __floatundidf
                0x080004e4                __aeabi_ul2d
                0x080004f4                __floatdidf
                0x080004f4                __aeabi_l2d
 .text          0x08000550      0x424 c:/programdata/matlab/supportpackages/r2024a/3p.instrset/gnuarm-armcortex.instrset/win/bin/../lib/gcc/arm-none-eabi/11.3.1/thumb/v7e-m+fp/hard\libgcc.a(_arm_muldivdf3.o)
                0x08000550                __aeabi_dmul
                0x08000550                __muldf3
                0x080007a4                __divdf3
                0x080007a4                __aeabi_ddiv
 .text          0x08000974      0x110 c:/programdata/matlab/supportpackages/r2024a/3p.instrset/gnuarm-armcortex.instrset/win/bin/../lib/gcc/arm-none-eabi/11.3.1/thumb/v7e-m+fp/hard\libgcc.a(_arm_cmpdf2.o)
                0x08000974                __gtdf2
                0x08000974                __gedf2
                0x0800097c                __ltdf2
                0x0800097c                __ledf2
                0x08000984                __nedf2
                0x08000984                __eqdf2
                0x08000984                __cmpdf2
                0x08000a00                __aeabi_cdrcmple
                0x08000a10                __aeabi_cdcmpeq
                0x08000a10                __aeabi_cdcmple
                0x08000a20                __aeabi_dcmpeq
                0x08000a34                __aeabi_dcmplt
                0x08000a48                __aeabi_dcmple
                0x08000a5c                __aeabi_dcmpge
                0x08000a70                __aeabi_dcmpgt
 .text          0x08000a84       0x2c c:/programdata/matlab/supportpackages/r2024a/3p.instrset/gnuarm-armcortex.instrset/win/bin/../lib/gcc/arm-none-eabi/11.3.1/thumb/v7e-m+fp/hard\libgcc.a(_arm_unorddf2.o)
                0x08000a84                __unorddf2
                0x08000a84                __aeabi_dcmpun
 .text          0x08000ab0       0x40 c:/programdata/matlab/supportpackages/r2024a/3p.instrset/gnuarm-armcortex.instrset/win/bin/../lib/gcc/arm-none-eabi/11.3.1/thumb/v7e-m+fp/hard\libgcc.a(_arm_fixunsdfsi.o)
                0x08000ab0                __aeabi_d2uiz
                0x08000ab0                __fixunsdfsi
 .text          0x08000af0       0xa0 c:/programdata/matlab/supportpackages/r2024a/3p.instrset/gnuarm-armcortex.instrset/win/bin/../lib/gcc/arm-none-eabi/11.3.1/thumb/v7e-m+fp/hard\libgcc.a(_arm_truncdfsf2.o)
                0x08000af0                __truncdfsf2
                0x08000af0                __aeabi_d2f
 .text          0x08000b90       0x30 c:/programdata/matlab/supportpackages/r2024a/3p.instrset/gnuarm-armcortex.instrset/win/bin/../lib/gcc/arm-none-eabi/11.3.1/thumb/v7e-m+fp/hard\libgcc.a(_aeabi_uldivmod.o)
                0x08000b90                __aeabi_uldivmod
 .text          0x08000bc0        0x4 c:/programdata/matlab/supportpackages/r2024a/3p.instrset/gnuarm-armcortex.instrset/win/bin/../lib/gcc/arm-none-eabi/11.3.1/thumb/v7e-m+fp/hard\libgcc.a(_dvmd_tls.o)
                0x08000bc0                __aeabi_idiv0
                0x08000bc0                __aeabi_ldiv0
 *(.text*)
 .text.deregister_tm_clones
                0x08000bc4       0x1c c:/programdata/matlab/supportpackages/r2024a/3p.instrset/gnuarm-armcortex.instrset/win/bin/../lib/gcc/arm-none-eabi/11.3.1/thumb/v7e-m+fp/hard/crtbegin.o
 .text.register_tm_clones
                0x08000be0       0x24 c:/programdata/matlab/supportpackages/r2024a/3p.instrset/gnuarm-armcortex.instrset/win/bin/../lib/gcc/arm-none-eabi/11.3.1/thumb/v7e-m+fp/hard/crtbegin.o
 .text.__do_global_dtors_aux
                0x08000c04       0x28 c:/programdata/matlab/supportpackages/r2024a/3p.instrset/gnuarm-armcortex.instrset/win/bin/../lib/gcc/arm-none-eabi/11.3.1/thumb/v7e-m+fp/hard/crtbegin.o
 .text.frame_dummy
                0x08000c2c       0x24 c:/programdata/matlab/supportpackages/r2024a/3p.instrset/gnuarm-armcortex.instrset/win/bin/../lib/gcc/arm-none-eabi/11.3.1/thumb/v7e-m+fp/hard/crtbegin.o
 .text.LL_ADC_REG_IsTriggerSourceSWStart
                0x08000c50       0x26 stm_adc_ll.o
 .text.LL_ADC_REG_SetSequencerLength
                0x08000c76       0x26 stm_adc_ll.o
 .text.LL_ADC_REG_SetDMATransfer
                0x08000c9c       0x26 stm_adc_ll.o
 .text.LL_ADC_INJ_IsTriggerSourceSWStart
                0x08000cc2       0x26 stm_adc_ll.o
 .text.LL_ADC_Enable
                0x08000ce8       0x28 stm_adc_ll.o
 .text.LL_ADC_Disable
                0x08000d10       0x28 stm_adc_ll.o
 .text.LL_ADC_IsEnabled
                0x08000d38       0x26 stm_adc_ll.o
 .text.LL_ADC_REG_StartConversion
                0x08000d5e       0x28 stm_adc_ll.o
 .text.LL_ADC_INJ_StartConversion
                0x08000d86       0x28 stm_adc_ll.o
 .text.LL_ADC_IsActiveFlag_JEOS
                0x08000dae       0x26 stm_adc_ll.o
 .text.LL_ADC_ClearFlag_JEOS
                0x08000dd4       0x1a stm_adc_ll.o
 .text.LL_ADC_EnableIT_EOS
                0x08000dee       0x20 stm_adc_ll.o
 .text.LL_ADC_EnableIT_JEOS
                0x08000e0e       0x20 stm_adc_ll.o
 .text.LL_ADC_DisableIT_EOS
                0x08000e2e       0x20 stm_adc_ll.o
 .text.LL_ADC_DisableIT_OVR
                0x08000e4e       0x20 stm_adc_ll.o
 .text.LL_ADC_DisableIT_JEOS
                0x08000e6e       0x20 stm_adc_ll.o
 .text.LL_ADC_DisableIT_AWD1
                0x08000e8e       0x20 stm_adc_ll.o
 .text.LL_ADC_IsEnabledIT_OVR
                0x08000eae       0x26 stm_adc_ll.o
 .text.LL_ADC_IsEnabledIT_AWD1
                0x08000ed4       0x26 stm_adc_ll.o
 .text.injectedADCTrigger
                0x08000efa       0x70 stm_adc_ll.o
 .text.injectedOnlyReadADC
                0x08000f6a       0x4c stm_adc_ll.o
 .text.configure_ADCs_DMA
                0x08000fb6       0x1a stm_adc_ll.o
 .text.deconfigure_ADCs_DMA
                0x08000fd0       0x18 stm_adc_ll.o
 .text.ADC_IsActiveFlagJEOS
                0x08000fe8       0x36 stm_adc_ll.o
                0x08000fe8                ADC_IsActiveFlagJEOS
 .text.startADCConversionForExternalTrigger
                0x0800101e       0x50 stm_adc_ll.o
                0x0800101e                startADCConversionForExternalTrigger
 *fill*         0x0800106e        0x2 
 .text.ADC_Handle_Init
                0x08001070      0x118 stm_adc_ll.o
                0x08001070                ADC_Handle_Init
 .text.enableADC
                0x08001188       0x2a stm_adc_ll.o
                0x08001188                enableADC
 .text.injectedReadADCIntr
                0x080011b2       0xbc stm_adc_ll.o
                0x080011b2                injectedReadADCIntr
 .text.ADC_Handle_Deinit
                0x0800126e       0xee stm_adc_ll.o
                0x0800126e                ADC_Handle_Deinit
 .text.LL_TIM_GetCounterMode
                0x0800135c       0x30 stm_timer_ll.o
 .text.LL_TIM_GetRepetitionCounter
                0x0800138c       0x18 stm_timer_ll.o
 .text.LL_TIM_CC_EnableChannel
                0x080013a4       0x22 stm_timer_ll.o
 .text.LL_TIM_CC_DisableChannel
                0x080013c6       0x24 stm_timer_ll.o
 .text.LL_TIM_IC_GetCaptureCH1
                0x080013ea       0x18 stm_timer_ll.o
 .text.LL_TIM_IC_GetCaptureCH3
                0x08001402       0x18 stm_timer_ll.o
 .text.LL_TIM_IC_GetCaptureCH4
                0x0800141a       0x18 stm_timer_ll.o
 .text.LL_TIM_EnableAllOutputs
                0x08001432       0x20 stm_timer_ll.o
 .text.LL_TIM_ClearFlag_CC1
                0x08001452       0x1c stm_timer_ll.o
 .text.LL_TIM_IsActiveFlag_CC1
                0x0800146e       0x26 stm_timer_ll.o
 .text.LL_TIM_ClearFlag_CC3
                0x08001494       0x1c stm_timer_ll.o
 .text.LL_TIM_IsActiveFlag_CC3
                0x080014b0       0x26 stm_timer_ll.o
 .text.LL_TIM_ClearFlag_CC4
                0x080014d6       0x1c stm_timer_ll.o
 .text.LL_TIM_IsActiveFlag_CC4
                0x080014f2       0x26 stm_timer_ll.o
 .text.LL_TIM_ClearFlag_CC1OVR
                0x08001518       0x1c stm_timer_ll.o
 .text.LL_TIM_IsActiveFlag_CC1OVR
                0x08001534       0x28 stm_timer_ll.o
 .text.LL_TIM_ClearFlag_CC3OVR
                0x0800155c       0x1c stm_timer_ll.o
 .text.LL_TIM_IsActiveFlag_CC3OVR
                0x08001578       0x28 stm_timer_ll.o
 .text.LL_TIM_ClearFlag_CC4OVR
                0x080015a0       0x1c stm_timer_ll.o
 .text.LL_TIM_IsActiveFlag_CC4OVR
                0x080015bc       0x28 stm_timer_ll.o
 .text.LL_TIM_EnableIT_UPDATE
                0x080015e4       0x20 stm_timer_ll.o
 .text.LL_TIM_DisableIT_UPDATE
                0x08001604       0x20 stm_timer_ll.o
 .text.LL_TIM_IsEnabledIT_UPDATE
                0x08001624       0x26 stm_timer_ll.o
 .text.LL_TIM_EnableIT_CC1
                0x0800164a       0x20 stm_timer_ll.o
 .text.LL_TIM_DisableIT_CC1
                0x0800166a       0x20 stm_timer_ll.o
 .text.LL_TIM_IsEnabledIT_CC1
                0x0800168a       0x26 stm_timer_ll.o
 .text.LL_TIM_EnableIT_CC2
                0x080016b0       0x20 stm_timer_ll.o
 .text.LL_TIM_DisableIT_CC2
                0x080016d0       0x20 stm_timer_ll.o
 .text.LL_TIM_IsEnabledIT_CC2
                0x080016f0       0x26 stm_timer_ll.o
 .text.LL_TIM_EnableIT_CC3
                0x08001716       0x20 stm_timer_ll.o
 .text.LL_TIM_DisableIT_CC3
                0x08001736       0x20 stm_timer_ll.o
 .text.LL_TIM_IsEnabledIT_CC3
                0x08001756       0x26 stm_timer_ll.o
 .text.LL_TIM_EnableIT_CC4
                0x0800177c       0x20 stm_timer_ll.o
 .text.LL_TIM_DisableIT_CC4
                0x0800179c       0x20 stm_timer_ll.o
 .text.LL_TIM_IsEnabledIT_CC4
                0x080017bc       0x26 stm_timer_ll.o
 .text.LL_TIM_EnableIT_COM
                0x080017e2       0x20 stm_timer_ll.o
 .text.LL_TIM_DisableIT_COM
                0x08001802       0x20 stm_timer_ll.o
 .text.LL_TIM_IsEnabledIT_COM
                0x08001822       0x26 stm_timer_ll.o
 .text.LL_TIM_EnableIT_TRIG
                0x08001848       0x20 stm_timer_ll.o
 .text.LL_TIM_DisableIT_TRIG
                0x08001868       0x20 stm_timer_ll.o
 .text.LL_TIM_IsEnabledIT_TRIG
                0x08001888       0x26 stm_timer_ll.o
 .text.LL_TIM_EnableIT_BRK
                0x080018ae       0x20 stm_timer_ll.o
 .text.LL_TIM_DisableIT_BRK
                0x080018ce       0x20 stm_timer_ll.o
 .text.LL_TIM_IsEnabledIT_BRK
                0x080018ee       0x26 stm_timer_ll.o
 .text.LL_TIM_EnableIT_TERR
                0x08001914       0x20 stm_timer_ll.o
 .text.LL_TIM_DisableIT_TERR
                0x08001934       0x20 stm_timer_ll.o
 .text.LL_TIM_IsEnabledIT_TERR
                0x08001954       0x28 stm_timer_ll.o
 .text.LL_TIM_EnableIT_IERR
                0x0800197c       0x20 stm_timer_ll.o
 .text.LL_TIM_DisableIT_IERR
                0x0800199c       0x20 stm_timer_ll.o
 .text.LL_TIM_IsEnabledIT_IERR
                0x080019bc       0x28 stm_timer_ll.o
 .text.LL_TIM_EnableIT_DIR
                0x080019e4       0x20 stm_timer_ll.o
 .text.LL_TIM_DisableIT_DIR
                0x08001a04       0x20 stm_timer_ll.o
 .text.LL_TIM_IsEnabledIT_DIR
                0x08001a24       0x28 stm_timer_ll.o
 .text.LL_TIM_EnableIT_IDX
                0x08001a4c       0x20 stm_timer_ll.o
 .text.LL_TIM_DisableIT_IDX
                0x08001a6c       0x20 stm_timer_ll.o
 .text.LL_TIM_IsEnabledIT_IDX
                0x08001a8c       0x28 stm_timer_ll.o
 .text.TIM_IsActiveFlag_CC1
                0x08001ab4       0x38 stm_timer_ll.o
                0x08001ab4                TIM_IsActiveFlag_CC1
 .text.TIM_IsActiveFlag_CC3
                0x08001aec       0x38 stm_timer_ll.o
                0x08001aec                TIM_IsActiveFlag_CC3
 .text.TIM_IsActiveFlag_CC4
                0x08001b24       0x38 stm_timer_ll.o
                0x08001b24                TIM_IsActiveFlag_CC4
 .text.enableTimerInterrupts
                0x08001b5c      0x1c4 stm_timer_ll.o
                0x08001b5c                enableTimerInterrupts
 .text.disableTimerInterrupts
                0x08001d20      0x1c4 stm_timer_ll.o
                0x08001d20                disableTimerInterrupts
 .text.enableTimerChannel1
                0x08001ee4       0xa0 stm_timer_ll.o
                0x08001ee4                enableTimerChannel1
 .text.disableTimerChannel1
                0x08001f84       0xa0 stm_timer_ll.o
                0x08001f84                disableTimerChannel1
 .text.enableTimerChannel2
                0x08002024       0xa0 stm_timer_ll.o
                0x08002024                enableTimerChannel2
 .text.disableTimerChannel2
                0x080020c4       0xa0 stm_timer_ll.o
                0x080020c4                disableTimerChannel2
 .text.enableTimerChannel3
                0x08002164       0xa8 stm_timer_ll.o
                0x08002164                enableTimerChannel3
 .text.disableTimerChannel3
                0x0800220c       0xa8 stm_timer_ll.o
                0x0800220c                disableTimerChannel3
 .text.enableTimerChannel4
                0x080022b4       0xa8 stm_timer_ll.o
                0x080022b4                enableTimerChannel4
 .text.disableTimerChannel4
                0x0800235c       0xa8 stm_timer_ll.o
                0x0800235c                disableTimerChannel4
 .text.Timer_Handle_Init
                0x08002404      0x110 stm_timer_ll.o
                0x08002404                Timer_Handle_Init
 .text.getCCR1RegisterValuePollingMode
                0x08002514       0x92 stm_timer_ll.o
                0x08002514                getCCR1RegisterValuePollingMode
 .text.getCCR3RegisterValuePollingMode
                0x080025a6       0x92 stm_timer_ll.o
                0x080025a6                getCCR3RegisterValuePollingMode
 .text.getCCR4RegisterValuePollingMode
                0x08002638       0x92 stm_timer_ll.o
                0x08002638                getCCR4RegisterValuePollingMode
 .text.extmodeParseArgs
                0x080026ca       0x1e xcp_ext_mode.o
                0x080026ca                extmodeParseArgs
 .text.extmodeInit
                0x080026e8      0x128 xcp_ext_mode.o
                0x080026e8                extmodeInit
 .text.extmodeWaitForHostRequest
                0x08002810       0xcc xcp_ext_mode.o
                0x08002810                extmodeWaitForHostRequest
 .text.extmodeEvent
                0x080028dc       0xfc xcp_ext_mode.o
                0x080028dc                extmodeEvent
 .text.extmodeBackgroundRun
                0x080029d8       0x20 xcp_ext_mode.o
                0x080029d8                extmodeBackgroundRun
 .text.extmodeReset
                0x080029f8       0x40 xcp_ext_mode.o
                0x080029f8                extmodeReset
 .text.extmodeStopRequested
                0x08002a38       0x18 xcp_ext_mode.o
                0x08002a38                extmodeStopRequested
 .text.extmodeSimulationComplete
                0x08002a50       0x18 xcp_ext_mode.o
                0x08002a50                extmodeSimulationComplete
 .text.__NVIC_SetPriority
                0x08002a68       0x54 mw_stm32_nvic.o
 .text.MW_NVIC_ConfigureIRQ
                0x08002abc       0x26 mw_stm32_nvic.o
                0x08002abc                MW_NVIC_ConfigureIRQ
 .text.MW_HWI_MaskInterrupt
                0x08002ae2       0x2a mw_stm32_nvic.o
                0x08002ae2                MW_HWI_MaskInterrupt
 .text.__NVIC_EnableIRQ
                0x08002b0c       0x3c G431debug.o
 .text.__NVIC_DisableIRQ
                0x08002b48       0x48 G431debug.o
 .text.LL_ADC_ClearFlag_JEOS
                0x08002b90       0x1a G431debug.o
 .text.LL_ADC_IsEnabledIT_JEOS
                0x08002baa       0x26 G431debug.o
 .text.LL_TIM_EnableCounter
                0x08002bd0       0x20 G431debug.o
 .text.LL_TIM_DisableCounter
                0x08002bf0       0x20 G431debug.o
 .text.LL_TIM_SetUpdateSource
                0x08002c10       0x26 G431debug.o
 .text.LL_TIM_GetUpdateSource
                0x08002c36       0x1c G431debug.o
 .text.LL_TIM_GetAutoReload
                0x08002c52       0x18 G431debug.o
 .text.LL_TIM_SetRepetitionCounter
                0x08002c6a       0x1c G431debug.o
 .text.LL_TIM_OC_SetCompareCH1
                0x08002c86       0x1c G431debug.o
 .text.LL_TIM_OC_SetCompareCH2
                0x08002ca2       0x1c G431debug.o
 .text.LL_TIM_OC_SetCompareCH3
                0x08002cbe       0x1c G431debug.o
 .text.LL_TIM_OC_GetCompareCH1
                0x08002cda       0x18 G431debug.o
 .text.LL_TIM_OC_GetCompareCH2
                0x08002cf2       0x18 G431debug.o
 .text.LL_TIM_OC_GetCompareCH3
                0x08002d0a       0x18 G431debug.o
 .text.LL_TIM_ClearFlag_CC1
                0x08002d22       0x1c G431debug.o
 .text.LL_TIM_ClearFlag_CC3
                0x08002d3e       0x1c G431debug.o
 .text.LL_TIM_ClearFlag_CC4
                0x08002d5a       0x1c G431debug.o
 .text.LL_TIM_IsEnabledIT_CC1
                0x08002d76       0x26 G431debug.o
 .text.LL_TIM_IsEnabledIT_CC3
                0x08002d9c       0x26 G431debug.o
 .text.LL_TIM_IsEnabledIT_CC4
                0x08002dc2       0x26 G431debug.o
 .text.LL_TIM_GenerateEvent_UPDATE
                0x08002de8       0x20 G431debug.o
 .text.LL_GPIO_ReadInputPort
                0x08002e08       0x18 G431debug.o
 .text.LL_GPIO_SetOutputPin
                0x08002e20       0x1c G431debug.o
 .text.LL_GPIO_ResetOutputPin
                0x08002e3c       0x1c G431debug.o
 .text.convertDutyCyclePercentageToCounts
                0x08002e58       0x88 G431debug.o
 .text.setDutyCycleChannel1
                0x08002ee0       0x30 G431debug.o
 .text.setDutyCycleChannel2
                0x08002f10       0x30 G431debug.o
 .text.setDutyCycleChannel3
                0x08002f40       0x30 G431debug.o
 .text.setDutyCycleInPercentageChannel1
                0x08002f70       0x28 G431debug.o
 .text.setDutyCycleInPercentageChannel2
                0x08002f98       0x28 G431debug.o
 .text.setDutyCycleInPercentageChannel3
                0x08002fc0       0x28 G431debug.o
 .text.isSlaveTriggerModeEnabled
                0x08002fe8       0x30 G431debug.o
 .text.enableCounter
                0x08003018      0x100 G431debug.o
 .text.disableCounter
                0x08003118       0x1a G431debug.o
 *fill*         0x08003132        0x2 
 .text.G431debug_SetEventsForThisBaseStep
                0x08003134       0x30 G431debug.o
                0x08003134                G431debug_SetEventsForThisBaseStep
 .text.rate_monotonic_scheduler
                0x08003164       0x34 G431debug.o
 .text.G431debug_HallValueof1
                0x08003198       0x1e G431debug.o
                0x08003198                G431debug_HallValueof1
 .text.G431debug_SystemCore_setup
                0x080031b6       0x7a G431debug.o
 .text.G431debug_PWMOutput_setupImpl
                0x08003230       0x84 G431debug.o
 .text.G431debu_IfActionSubsystem6
                0x080032b4       0x2a G431debug.o
                0x080032b4                G431debu_IfActionSubsystem6
 .text.G431debug_IfActionSubsystem
                0x080032de       0x28 G431debug.o
                0x080032de                G431debug_IfActionSubsystem
 .text.G431debug_ValidHalls_Init
                0x08003306       0x38 G431debug.o
                0x08003306                G431debug_ValidHalls_Init
 *fill*         0x0800333e        0x2 
 .text.G431debug_ValidHalls
                0x08003340      0x140 G431debug.o
                0x08003340                G431debug_ValidHalls
 .text.Badhallglitchorwrongconnect
                0x08003480       0x32 G431debug.o
                0x08003480                Badhallglitchorwrongconnect
 *fill*         0x080034b2        0x2 
 .text.G431debug_SystemCore_setup_i
                0x080034b4       0x78 G431debug.o
 .text.G431debug_SystemCore_setup_g
                0x0800352c       0x78 G431debug.o
 .text.G431debug_SystemCore_setup_i2
                0x080035a4       0x78 G431debug.o
 .text.G431debug_step0
                0x0800361c       0x88 G431debug.o
                0x0800361c                G431debug_step0
 .text.G431debug_step1
                0x080036a4       0xec G431debug.o
                0x080036a4                G431debug_step1
 .text.G431debug_initialize
                0x08003790      0x8dc G431debug.o
                0x08003790                G431debug_initialize
 .text.G431debug_terminate
                0x0800406c      0x164 G431debug.o
                0x0800406c                G431debug_terminate
 .text.G431debug_configure_interrupts
                0x080041d0       0x30 G431debug.o
                0x080041d0                G431debug_configure_interrupts
 .text.ADC1_2_IRQHandler
                0x08004200     0x1edc G431debug.o
                0x08004200                ADC1_2_IRQHandler
 *fill*         0x080060dc        0x4 
 .text.TIM3_IRQHandler
                0x080060e0      0x970 G431debug.o
                0x080060e0                TIM3_IRQHandler
 .text.G431debug_unconfigure_interrupts
                0x08006a50       0x14 G431debug.o
                0x08006a50                G431debug_unconfigure_interrupts
 *fill*         0x08006a64        0x4 
 .text.rt_OneStep
                0x08006a68      0x128 ert_main.o
                0x08006a68                rt_OneStep
 .text.main     0x08006b90      0x194 ert_main.o
                0x08006b90                main
 .text.rtIsInf  0x08006d24       0x48 rt_nonfinite.o
                0x08006d24                rtIsInf
 .text.rtIsInfF
                0x08006d6c       0x4c rt_nonfinite.o
                0x08006d6c                rtIsInfF
 .text.rtIsNaN  0x08006db8       0x2a rt_nonfinite.o
                0x08006db8                rtIsNaN
 .text.rtIsNaNF
                0x08006de2       0x2e rt_nonfinite.o
                0x08006de2                rtIsNaNF
 .text.xcp_void_printf
                0x08006e10       0x12 xcp_ext_common.o
                0x08006e10                xcp_void_printf
 .text.xcpCopyTimeValue
                0x08006e22       0x26 xcp_ext_common.o
 .text.xcpExtModeUpdateTime
                0x08006e48      0x13c xcp_ext_common.o
                0x08006e48                xcpExtModeUpdateTime
 .text.xcpExtModeInit
                0x08006f84       0x9c xcp_ext_common.o
                0x08006f84                xcpExtModeInit
 .text.xcpExtModeRunBackground
                0x08007020      0x13c xcp_ext_common.o
                0x08007020                xcpExtModeRunBackground
 .text.xcpExtModeReset
                0x0800715c      0x128 xcp_ext_common.o
                0x0800715c                xcpExtModeReset
 .text.sampleSignalTrigger
                0x08007284      0x1b4 xcp_ext_classic_trigger.o
 .text.updateTriggerStatus
                0x08007438      0x2b8 xcp_ext_classic_trigger.o
 .text.xcpExtModeClassicTriggerInit
                0x080076f0       0x68 xcp_ext_classic_trigger.o
                0x080076f0                xcpExtModeClassicTriggerInit
 .text.xcpExtModeClassicTriggerEnabled
                0x08007758      0x100 xcp_ext_classic_trigger.o
                0x08007758                xcpExtModeClassicTriggerEnabled
 .text.xcpExtModeClassicTriggerReset
                0x08007858       0xf4 xcp_ext_classic_trigger.o
                0x08007858                xcpExtModeClassicTriggerReset
 .text.xcpExtModeClassicTriggerForceEnableStatusUpdate
                0x0800794c       0x80 xcp_ext_classic_trigger.o
                0x0800794c                xcpExtModeClassicTriggerForceEnableStatusUpdate
 .text.msgBufferRealloc
                0x080079cc       0x72 xcp.o
 *fill*         0x08007a3e        0x2 
 .text.discardInputPacketHandler
                0x08007a40       0x3c xcp.o
 .text.unknownInputPacketHandler
                0x08007a7c       0x34 xcp.o
 .text.xcpGetPacketGroupID
                0x08007ab0       0x74 xcp.o
 .text.xcpGetPacketHandlers
                0x08007b24      0x124 xcp.o
 .text.xcpStatusSet
                0x08007c48       0x20 xcp.o
                0x08007c48                xcpStatusSet
 .text.xcpSessionStatusGet
                0x08007c68       0x18 xcp.o
                0x08007c68                xcpSessionStatusGet
 .text.xcpSessionStatusSetMask
                0x08007c80       0x28 xcp.o
                0x08007c80                xcpSessionStatusSetMask
 .text.xcpSessionStatusClearMask
                0x08007ca8       0x34 xcp.o
                0x08007ca8                xcpSessionStatusClearMask
 .text.xcpResourceProtectionStatusGet
                0x08007cdc       0x18 xcp.o
                0x08007cdc                xcpResourceProtectionStatusGet
 .text.xcpSessionConfigurationIdGet
                0x08007cf4       0x18 xcp.o
                0x08007cf4                xcpSessionConfigurationIdGet
 .text.genericOutputPacketHandler
                0x08007d0c      0x11c xcp.o
                0x08007d0c                genericOutputPacketHandler
 .text.xcpFindPacket
                0x08007e28       0x6e xcp.o
                0x08007e28                xcpFindPacket
 *fill*         0x08007e96        0x2 
 .text.xcpInit  0x08007e98       0x64 xcp.o
                0x08007e98                xcpInit
 .text.xcpRun   0x08007efc      0x194 xcp.o
                0x08007efc                xcpRun
 .text.xcpEvent
                0x08008090       0x50 xcp.o
                0x08008090                xcpEvent
 .text.xcpGetStatus
                0x080080e0       0x18 xcp.o
                0x080080e0                xcpGetStatus
 .text.xcpReset
                0x080080f8       0x40 xcp.o
                0x080080f8                xcpReset
 .text.xcpPackedModeEventsFlush
                0x08008138       0x1e xcp.o
                0x08008138                xcpPackedModeEventsFlush
 .text.xcpPackedModeEventReset
                0x08008156       0x2a xcp.o
                0x08008156                xcpPackedModeEventReset
 .text.isValidUploadSize
                0x08008180       0x30 xcp_standard.o
 .text.xcpMemcpyFromMTA
                0x080081b0       0x38 xcp_standard.o
 .text.connectInputPacketHandler
                0x080081e8       0xa4 xcp_standard.o
 .text.connectOutputPacketHandler
                0x0800828c       0xd4 xcp_standard.o
 .text.disconnectInputPacketHandler
                0x08008360       0x54 xcp_standard.o
 .text.getStatusInputPacketHandler
                0x080083b4       0x28 xcp_standard.o
 .text.getStatusOutputPacketHandler
                0x080083dc       0x80 xcp_standard.o
 .text.synchInputPacketHandler
                0x0800845c       0x44 xcp_standard.o
 .text.setMTAInputPacketHandler
                0x080084a0       0x78 xcp_standard.o
 .text.uploadInputPacketHandler
                0x08008518       0x98 xcp_standard.o
 .text.uploadOutputPacketHandler
                0x080085b0       0x9c xcp_standard.o
 .text.shortUploadInputPacketHandler
                0x0800864c       0xa4 xcp_standard.o
 .text.shortUploadOutputPacketHandler
                0x080086f0       0x9c xcp_standard.o
 .text.getPacket
                0x0800878c       0x24 xcp_standard.o
 .text.xcpStandardInit
                0x080087b0       0x18 xcp_standard.o
                0x080087b0                xcpStandardInit
 .text.xcpStandardGetPacketLookup
                0x080087c8       0x18 xcp_standard.o
                0x080087c8                xcpStandardGetPacketLookup
 .text.xcpStandardSetPacketLookup
                0x080087e0       0x20 xcp_standard.o
                0x080087e0                xcpStandardSetPacketLookup
 .text.xcpStandardReset
                0x08008800       0x12 xcp_standard.o
                0x08008800                xcpStandardReset
 *fill*         0x08008812        0x2 
 .text.xcpStandardGetAddressFromMta
                0x08008814       0x18 xcp_standard.o
                0x08008814                xcpStandardGetAddressFromMta
 .text.xcpStandardSetMta
                0x0800882c       0x3c xcp_standard.o
                0x0800882c                xcpStandardSetMta
 .text.xcpStandardIncrementMta
                0x08008868       0x28 xcp_standard.o
                0x08008868                xcpStandardIncrementMta
 .text.xcpStandardExtendedInit
                0x08008890        0xe xcp_standard.o
                0x08008890                xcpStandardExtendedInit
 .text.xcpStandardExtendedReset
                0x0800889e        0xe xcp_standard.o
                0x0800889e                xcpStandardExtendedReset
 .text.xcpDaqWriteLock
                0x080088ac       0x4c xcp_daq.o
 .text.xcpDaqWriteUnlock
                0x080088f8       0x20 xcp_daq.o
 .text.xcpDaqReadLock
                0x08008918       0x38 xcp_daq.o
 .text.xcpDaqReadUnlock
                0x08008950       0x38 xcp_daq.o
 .text.isActiveDaqList
                0x08008988       0x50 xcp_daq.o
 .text.noActiveDaqLists
                0x080089d8       0x50 xcp_daq.o
 .text.isValidDaqPtr
                0x08008a28       0xb8 xcp_daq.o
 .text.isValidDaqEntry
                0x08008ae0       0x36 xcp_daq.o
 .text.isSupportedDaqListMode
                0x08008b16       0x26 xcp_daq.o
 .text.isValidStartStopMode
                0x08008b3c       0x32 xcp_daq.o
 .text.isValidStartStopSynchMode
                0x08008b6e       0x32 xcp_daq.o
 .text.absoluteOdtNumberIdentification
                0x08008ba0       0x10 xcp_daq.o
 .text.isDaqPackedModeEnabled
                0x08008bb0       0x6c xcp_daq.o
 .text.odtPacketSize
                0x08008c1c       0x54 xcp_daq.o
 .text.createDaqReservedPool
                0x08008c70       0x88 xcp_daq.o
 .text.destroyDaqReservedPool
                0x08008cf8       0x2c xcp_daq.o
 .text.setDaqPtrInputPacketHandler
                0x08008d24       0xdc xcp_daq.o
 .text.writeDaqInputPacketHandler
                0x08008e00      0x198 xcp_daq.o
 .text.setDaqListModeInputPacketHandler
                0x08008f98      0x1c8 xcp_daq.o
 .text.startStopDaqListInputPacketHandler
                0x08009160      0x3f4 xcp_daq.o
 .text.startStopDaqListOutputPacketHandler
                0x08009554       0x5c xcp_daq.o
 .text.startStopSynchInputPacketHandler
                0x080095b0      0x328 xcp_daq.o
 .text.getDaqProcessorInfoInputPacketHandler
                0x080098d8       0x28 xcp_daq.o
 .text.getDaqProcessorInfoOutputPacketHandler
                0x08009900       0xac xcp_daq.o
 .text.getDaqResolutionInfoInputPacketHandler
                0x080099ac       0x28 xcp_daq.o
 .text.getDaqResolutionInfoOutputPacketHandler
                0x080099d4       0xb8 xcp_daq.o
 .text.freeDaqInputPacketHandler
                0x08009a8c       0x5c xcp_daq.o
 .text.allocDaqInputPacketHandler
                0x08009ae8      0x18c xcp_daq.o
 .text.allocOdtInputPacketHandler
                0x08009c74      0x1c0 xcp_daq.o
 .text.allocOdtEntryInputPacketHandler
                0x08009e34      0x270 xcp_daq.o
 .text.getDaqClockInputPacketHandler
                0x0800a0a4       0x22 xcp_daq.o
 *fill*         0x0800a0c6        0x2 
 .text.setDaqPackedModeInputPacketHandler
                0x0800a0c8      0x21c xcp_daq.o
 .text.level1CommandInputPacketHandler
                0x0800a2e4       0x64 xcp_daq.o
 .text.getPacket
                0x0800a348       0x24 xcp_daq.o
 .text.xcpDaqInit
                0x0800a36c       0x38 xcp_daq.o
                0x0800a36c                xcpDaqInit
 .text.xcpDaqGetPacketLookup
                0x0800a3a4       0x18 xcp_daq.o
                0x0800a3a4                xcpDaqGetPacketLookup
 .text.xcpDaqSetPacketLookup
                0x0800a3bc       0x20 xcp_daq.o
                0x0800a3bc                xcpDaqSetPacketLookup
 .text.xcpResetDaq
                0x0800a3dc       0xa4 xcp_daq.o
 .text.daqWriteXCPDataForOdt
                0x0800a480       0x7c xcp_daq.o
 .text.odtWriteEntries
                0x0800a4fc       0x9c xcp_daq.o
 .text.xcpProcessDaq
                0x0800a598      0x208 xcp_daq.o
 .text.xcpDaqEvent
                0x0800a7a0      0x108 xcp_daq.o
                0x0800a7a0                xcpDaqEvent
 .text.xcpDaqEventsFlush
                0x0800a8a8      0x284 xcp_daq.o
                0x0800a8a8                xcpDaqEventsFlush
 .text.xcpDaqLock
                0x0800ab2c       0x1e xcp_daq.o
                0x0800ab2c                xcpDaqLock
 .text.xcpDaqUnlock
                0x0800ab4a        0xe xcp_daq.o
                0x0800ab4a                xcpDaqUnlock
 .text.xcpResetDaqListStatus
                0x0800ab58      0x19c xcp_daq.o
                0x0800ab58                xcpResetDaqListStatus
 .text.xcpDaqReset
                0x0800acf4       0x20 xcp_daq.o
                0x0800acf4                xcpDaqReset
 .text.xcpDaqExtendedInit
                0x0800ad14        0xe xcp_daq.o
                0x0800ad14                xcpDaqExtendedInit
 .text.xcpDaqExtendedReset
                0x0800ad22        0xe xcp_daq.o
                0x0800ad22                xcpDaqExtendedReset
 .text.isValidShortDownloadSize
                0x0800ad30       0x34 xcp_calibration.o
 .text.isValidDownloadSize
                0x0800ad64       0x3a xcp_calibration.o
 *fill*         0x0800ad9e        0x2 
 .text.xcpMemcpyToMTA
                0x0800ada0       0x34 xcp_calibration.o
 .text.downloadInputPacketHandler
                0x0800add4       0xb0 xcp_calibration.o
 .text.shortDownloadInputPacketHandler
                0x0800ae84       0xb8 xcp_calibration.o
 .text.getPacket
                0x0800af3c       0x24 xcp_calibration.o
 .text.xcpCalibrationInit
                0x0800af60       0x14 xcp_calibration.o
                0x0800af60                xcpCalibrationInit
 .text.xcpCalibrationGetPacketLookup
                0x0800af74       0x18 xcp_calibration.o
                0x0800af74                xcpCalibrationGetPacketLookup
 .text.xcpCalibrationSetPacketLookup
                0x0800af8c       0x20 xcp_calibration.o
                0x0800af8c                xcpCalibrationSetPacketLookup
 .text.xcpCalibrationReset
                0x0800afac        0xe xcp_calibration.o
                0x0800afac                xcpCalibrationReset
 .text.xcpFifoInit
                0x0800afba       0x20 xcp_fifo.o
                0x0800afba                xcpFifoInit
 .text.xcpFifoEnqueue
                0x0800afda       0x2a xcp_fifo.o
                0x0800afda                xcpFifoEnqueue
 .text.xcpFifoDequeue
                0x0800b004       0x3e xcp_fifo.o
                0x0800b004                xcpFifoDequeue
 .text.xcpFifoEnqueueHead
                0x0800b042       0x32 xcp_fifo.o
                0x0800b042                xcpFifoEnqueueHead
 .text.xcpFifoReset
                0x0800b074       0x16 xcp_fifo.o
                0x0800b074                xcpFifoReset
 *fill*         0x0800b08a        0x2 
 .text.xcpTransportEmptyTxFifo
                0x0800b08c       0x6c xcp_transport.o
 .text.xcpTransportEmptyRxFifo
                0x0800b0f8       0x6c xcp_transport.o
 .text.xcpTransportInit
                0x0800b164      0x138 xcp_transport.o
                0x0800b164                xcpTransportInit
 .text.xcpTransportTxReady
                0x0800b29c       0x1a xcp_transport.o
                0x0800b29c                xcpTransportTxReady
 .text.xcpTransportTxTrigger
                0x0800b2b6       0x1a xcp_transport.o
                0x0800b2b6                xcpTransportTxTrigger
 .text.xcpTransportTxPacketSet
                0x0800b2d0      0x144 xcp_transport.o
                0x0800b2d0                xcpTransportTxPacketSet
 .text.xcpTransportTx
                0x0800b414       0xec xcp_transport.o
                0x0800b414                xcpTransportTx
 .text.xcpTransportRx
                0x0800b500       0x80 xcp_transport.o
                0x0800b500                xcpTransportRx
 .text.xcpTransportRxPacketGet
                0x0800b580      0x12c xcp_transport.o
                0x0800b580                xcpTransportRxPacketGet
 .text.xcpTransportPacketOffset
                0x0800b6ac       0x20 xcp_transport.o
                0x0800b6ac                xcpTransportPacketOffset
 .text.xcpTransportMsgBufferSize
                0x0800b6cc       0x70 xcp_transport.o
                0x0800b6cc                xcpTransportMsgBufferSize
 .text.xcpTransportMaxDtoSize
                0x0800b73c        0xe xcp_transport.o
                0x0800b73c                xcpTransportMaxDtoSize
 .text.xcpTransportMaxCtoSize
                0x0800b74a        0xe xcp_transport.o
                0x0800b74a                xcpTransportMaxCtoSize
 .text.xcpTransportRestart
                0x0800b758       0x44 xcp_transport.o
                0x0800b758                xcpTransportRestart
 .text.xcpTransportResynch
                0x0800b79c       0x40 xcp_transport.o
                0x0800b79c                xcpTransportResynch
 .text.xcpTransportCtoReservedMemPoolId
                0x0800b7dc       0x18 xcp_transport.o
                0x0800b7dc                xcpTransportCtoReservedMemPoolId
 .text.xcpTransportReset
                0x0800b7f4       0xe4 xcp_transport.o
                0x0800b7f4                xcpTransportReset
 .text.xcpInitializePoolMemoryArea
                0x0800b8d8       0x72 xcp_mem_default.o
 *fill*         0x0800b94a        0x2 
 .text.xcpMemInit
                0x0800b94c      0x1d4 xcp_mem_default.o
                0x0800b94c                xcpMemInit
 .text.xcpMemAlloc
                0x0800bb20       0xe8 xcp_mem_default.o
                0x0800bb20                xcpMemAlloc
 .text.xcpMemFree
                0x0800bc08      0x170 xcp_mem_default.o
                0x0800bc08                xcpMemFree
 .text.xcpMemReservedPoolCreate
                0x0800bd78      0x220 xcp_mem_default.o
                0x0800bd78                xcpMemReservedPoolCreate
 .text.xcpMemReservedPoolDestroy
                0x0800bf98      0x158 xcp_mem_default.o
                0x0800bf98                xcpMemReservedPoolDestroy
 .text.xcpMemCustomPoolCreate
                0x0800c0f0       0xbc xcp_mem_default.o
                0x0800c0f0                xcpMemCustomPoolCreate
 .text.xcpMemCustomPoolDestroy
                0x0800c1ac       0x64 xcp_mem_default.o
                0x0800c1ac                xcpMemCustomPoolDestroy
 .text.xcpMemAllocFromPool
                0x0800c210      0x170 xcp_mem_default.o
                0x0800c210                xcpMemAllocFromPool
 .text.xcpMemReset
                0x0800c380       0x50 xcp_mem_default.o
                0x0800c380                xcpMemReset
 .text.xcpDrvOpen
                0x0800c3d0       0x64 xcp_drv_rtiostream.o
                0x0800c3d0                xcpDrvOpen
 .text.xcpDrvIoctl
                0x0800c434       0x4c xcp_drv_rtiostream.o
                0x0800c434                xcpDrvIoctl
 .text.xcpDrvSend
                0x0800c480      0x14c xcp_drv_rtiostream.o
                0x0800c480                xcpDrvSend
 .text.xcpDrvRecv
                0x0800c5cc      0x14c xcp_drv_rtiostream.o
                0x0800c5cc                xcpDrvRecv
 .text.xcpDrvClose
                0x0800c718       0x5c xcp_drv_rtiostream.o
                0x0800c718                xcpDrvClose
 .text.xcpSortArray
                0x0800c774       0xcc xcp_utils.o
                0x0800c774                xcpSortArray
 .text.xcpSxiHtons
                0x0800c840       0x18 xcp_frame_serial.o
 .text.xcpSxiNtohs
                0x0800c858       0x1c xcp_frame_serial.o
 .text.xcpSxiChecksum
                0x0800c874       0x3e xcp_frame_serial.o
                0x0800c874                xcpSxiChecksum
 *fill*         0x0800c8b2        0x2 
 .text.xcpFrameInit
                0x0800c8b4       0x70 xcp_frame_serial.o
                0x0800c8b4                xcpFrameInit
 .text.xcpFrameMsgSend
                0x0800c924      0x184 xcp_frame_serial.o
                0x0800c924                xcpFrameMsgSend
 .text.xcpFrameMsgRecv
                0x0800caa8      0x180 xcp_frame_serial.o
                0x0800caa8                xcpFrameMsgRecv
 .text.xcpFrameCreateMsg
                0x0800cc28       0x94 xcp_frame_serial.o
                0x0800cc28                xcpFrameCreateMsg
 .text.xcpFrameExtractPacket
                0x0800ccbc      0x154 xcp_frame_serial.o
                0x0800ccbc                xcpFrameExtractPacket
 .text.xcpFrameHeaderSize
                0x0800ce10       0x10 xcp_frame_serial.o
                0x0800ce10                xcpFrameHeaderSize
 .text.xcpFrameTailSize
                0x0800ce20       0x10 xcp_frame_serial.o
                0x0800ce20                xcpFrameTailSize
 .text.xcpFrameMaxDtoSize
                0x0800ce30       0x12 xcp_frame_serial.o
                0x0800ce30                xcpFrameMaxDtoSize
 .text.xcpFrameMaxCtoSize
                0x0800ce42       0x10 xcp_frame_serial.o
                0x0800ce42                xcpFrameMaxCtoSize
 *fill*         0x0800ce52        0x2 
 .text.xcpFrameRestart
                0x0800ce54       0x30 xcp_frame_serial.o
                0x0800ce54                xcpFrameRestart
 .text.xcpFrameSetCtoReservedMemPoolId
                0x0800ce84       0x20 xcp_frame_serial.o
                0x0800ce84                xcpFrameSetCtoReservedMemPoolId
 .text.xcpFrameReset
                0x0800cea4       0x70 xcp_frame_serial.o
                0x0800cea4                xcpFrameReset
 .text.xcpTransportGetInitParameters
                0x0800cf14       0x2e xcp_ext_param_default_serial.o
                0x0800cf14                xcpTransportGetInitParameters
 .text.xcpGetInitParameters
                0x0800cf42       0x2e xcp_ext_param_default_serial.o
                0x0800cf42                xcpGetInitParameters
 .text.HAL_Delay
                0x0800cf70       0x2e overrideHALDelay.o
                0x0800cf70                HAL_Delay
 *fill*         0x0800cf9e        0x2 
 .text.PeriphCommonClock_Config
                0x0800cfa0       0x10 platform_timer.o
                0x0800cfa0                PeriphCommonClock_Config
 .text.getCurrentTimestampInMicros
                0x0800cfb0       0x3c platform_timer.o
                0x0800cfb0                getCurrentTimestampInMicros
 .text.returnTimeElapsed
                0x0800cfec       0x2c platform_timer.o
                0x0800cfec                returnTimeElapsed
 .text.timestampInit
                0x0800d018       0x28 platform_timer.o
 .text.getCurrentTimestamp
                0x0800d040       0x44 platform_timer.o
                0x0800d040                getCurrentTimestamp
 .text.__NVIC_SetPriority
                0x0800d084       0x54 SysTickScheduler.o
 .text.SysTick_Config
                0x0800d0d8       0x44 SysTickScheduler.o
 .text.SysTick_Isr
                0x0800d11c       0x48 SysTickScheduler.o
 .text.SysTick_Handler
                0x0800d164       0x20 SysTickScheduler.o
                0x0800d164                SysTick_Handler
 .text.ARMCM_SysTick_Config
                0x0800d184       0xb8 SysTickScheduler.o
                0x0800d184                ARMCM_SysTick_Config
 .text.PendSV_Handler
                0x0800d23c       0x44 m3m4m4f_multitasking.o
                0x0800d23c                PendSV_Handler
 .text.SVC_Handler
                0x0800d280       0x58 m3m4m4f_multitasking.o
                0x0800d280                SVC_Handler
 .text.rtIOStreamOpen
                0x0800d2d8       0x44 rtiostream_serial.o
                0x0800d2d8                rtIOStreamOpen
 .text.rtIOStreamSend
                0x0800d31c       0x38 rtiostream_serial.o
                0x0800d31c                rtIOStreamSend
 .text.rtIOStreamRecv
                0x0800d354       0x48 rtiostream_serial.o
                0x0800d354                rtIOStreamRecv
 .text.rtIOStreamClose
                0x0800d39c       0x20 rtiostream_serial.o
                0x0800d39c                rtIOStreamClose
 .text.LL_DMA_GetDataLength
                0x0800d3bc       0x30 stm_usart.o
 .text.getAvailableDataInBuffer
                0x0800d3ec       0xcc stm_usart.o
                0x0800d3ec                getAvailableDataInBuffer
 .text.getBytesToBeReadFromBuffer
                0x0800d4b8       0x6e stm_usart.o
                0x0800d4b8                getBytesToBeReadFromBuffer
 *fill*         0x0800d526        0x2 
 .text.readDataFromBuffer
                0x0800d528       0xdc stm_usart.o
                0x0800d528                readDataFromBuffer
 .text.__NVIC_GetPriorityGrouping
                0x0800d604       0x1c stm_lpuart.o
 .text.__NVIC_EnableIRQ
                0x0800d620       0x3c stm_lpuart.o
 .text.__NVIC_SetPriority
                0x0800d65c       0x54 stm_lpuart.o
 .text.NVIC_EncodePriority
                0x0800d6b0       0x66 stm_lpuart.o
 *fill*         0x0800d716        0x2 
 .text.LL_DMA_EnableChannel
                0x0800d718       0x44 stm_lpuart.o
 .text.LL_DMA_DisableChannel
                0x0800d75c       0x44 stm_lpuart.o
 .text.LL_DMA_GetMode
                0x0800d7a0       0x34 stm_lpuart.o
 .text.LL_DMA_SetDataLength
                0x0800d7d4       0x4c stm_lpuart.o
 .text.LL_DMA_ConfigAddresses
                0x0800d820       0x7c stm_lpuart.o
 .text.LL_DMA_IsActiveFlag_TC3
                0x0800d89c       0x28 stm_lpuart.o
 .text.LL_DMA_ClearFlag_TC3
                0x0800d8c4       0x1c stm_lpuart.o
 .text.LL_DMA_EnableIT_TC
                0x0800d8e0       0x44 stm_lpuart.o
 .text.LL_DMA_DisableIT_TC
                0x0800d924       0x44 stm_lpuart.o
 .text.LL_DMA_IsEnabledIT_TC
                0x0800d968       0x3c stm_lpuart.o
 .text.LL_LPUART_Enable
                0x0800d9a4       0x20 stm_lpuart.o
 .text.LL_LPUART_Disable
                0x0800d9c4       0x20 stm_lpuart.o
 .text.LL_LPUART_IsEnabled
                0x0800d9e4       0x26 stm_lpuart.o
 .text.LL_LPUART_IsActiveFlag_PE
                0x0800da0a       0x26 stm_lpuart.o
 .text.LL_LPUART_IsActiveFlag_FE
                0x0800da30       0x26 stm_lpuart.o
 .text.LL_LPUART_IsActiveFlag_NE
                0x0800da56       0x26 stm_lpuart.o
 .text.LL_LPUART_IsActiveFlag_ORE
                0x0800da7c       0x26 stm_lpuart.o
 .text.LL_LPUART_IsActiveFlag_TC
                0x0800daa2       0x26 stm_lpuart.o
 .text.LL_LPUART_IsActiveFlag_TXE_TXFNF
                0x0800dac8       0x26 stm_lpuart.o
 .text.LL_LPUART_ClearFlag_PE
                0x0800daee       0x1a stm_lpuart.o
 .text.LL_LPUART_ClearFlag_FE
                0x0800db08       0x1a stm_lpuart.o
 .text.LL_LPUART_ClearFlag_NE
                0x0800db22       0x1a stm_lpuart.o
 .text.LL_LPUART_ClearFlag_ORE
                0x0800db3c       0x1a stm_lpuart.o
 .text.LL_LPUART_EnableIT_RXNE_RXFNE
                0x0800db56       0x42 stm_lpuart.o
 .text.LL_LPUART_EnableIT_PE
                0x0800db98       0x42 stm_lpuart.o
 .text.LL_LPUART_EnableIT_ERROR
                0x0800dbda       0x46 stm_lpuart.o
 .text.LL_LPUART_DisableIT_RXNE_RXFNE
                0x0800dc20       0x42 stm_lpuart.o
 .text.LL_LPUART_DisableIT_TXE_TXFNF
                0x0800dc62       0x42 stm_lpuart.o
 .text.LL_LPUART_DisableIT_PE
                0x0800dca4       0x42 stm_lpuart.o
 .text.LL_LPUART_DisableIT_ERROR
                0x0800dce6       0x46 stm_lpuart.o
 .text.LL_LPUART_EnableDMAReq_RX
                0x0800dd2c       0x46 stm_lpuart.o
 .text.LL_LPUART_DisableDMAReq_RX
                0x0800dd72       0x46 stm_lpuart.o
 .text.LL_LPUART_EnableDMAReq_TX
                0x0800ddb8       0x46 stm_lpuart.o
 .text.LL_LPUART_DisableDMAReq_TX
                0x0800ddfe       0x46 stm_lpuart.o
 .text.LL_LPUART_DMA_GetRegAddr
                0x0800de44       0x2c stm_lpuart.o
 .text.LL_LPUART_ReceiveData8
                0x0800de70       0x1a stm_lpuart.o
 .text.LL_LPUART_TransmitData8
                0x0800de8a       0x1e stm_lpuart.o
 .text.LPUART_RXDMAInterruptHandler
                0x0800dea8       0xd4 stm_lpuart.o
                0x0800dea8                LPUART_RXDMAInterruptHandler
 .text.LPUART_IsActiveFlagError
                0x0800df7c       0xf4 stm_lpuart.o
                0x0800df7c                LPUART_IsActiveFlagError
 .text.LPUART1_IRQHandler
                0x0800e070       0x14 stm_lpuart.o
                0x0800e070                LPUART1_IRQHandler
 .text.DMA1_Channel3_IRQHandler
                0x0800e084       0x20 stm_lpuart.o
                0x0800e084                DMA1_Channel3_IRQHandler
 .text.LPUART_ConfigureReceiveDMA
                0x0800e0a4       0xae stm_lpuart.o
                0x0800e0a4                LPUART_ConfigureReceiveDMA
 .text.LPUART_ConfigureTransmitDMA
                0x0800e152       0x7a stm_lpuart.o
                0x0800e152                LPUART_ConfigureTransmitDMA
 .text.MW_LPUART_GetReadErrorStatus
                0x0800e1cc       0xc8 stm_lpuart.o
                0x0800e1cc                MW_LPUART_GetReadErrorStatus
 .text.MW_LPUART_Initialize
                0x0800e294      0x170 stm_lpuart.o
                0x0800e294                MW_LPUART_Initialize
 .text.MW_LPUART_ReceiveUsingBuffer
                0x0800e404       0x5c stm_lpuart.o
                0x0800e404                MW_LPUART_ReceiveUsingBuffer
 .text.MW_LPUART_TransmitUsingPolling
                0x0800e460      0x184 stm_lpuart.o
                0x0800e460                MW_LPUART_TransmitUsingPolling
 .text.MW_LPUART_DeInit
                0x0800e5e4       0xaa stm_lpuart.o
                0x0800e5e4                MW_LPUART_DeInit
 .text.sys_arch_protect
                0x0800e68e       0x22 sys_arch.o
                0x0800e68e                sys_arch_protect
 .text.sys_arch_unprotect
                0x0800e6b0       0x20 sys_arch.o
                0x0800e6b0                sys_arch_unprotect
 .text.__NVIC_GetPriorityGrouping
                0x0800e6d0       0x1c main.o
 .text.__NVIC_EnableIRQ
                0x0800e6ec       0x3c main.o
 .text.__NVIC_SetPriority
                0x0800e728       0x54 main.o
 .text.NVIC_EncodePriority
                0x0800e77c       0x66 main.o
 .text.LL_ADC_SetGainCompensation
                0x0800e7e2       0x4a main.o
 .text.LL_ADC_REG_SetSequencerRanks
                0x0800e82c       0x58 main.o
 .text.LL_ADC_INJ_SetTriggerEdge
                0x0800e884       0x26 main.o
 .text.LL_ADC_INJ_SetSequencerRanks
                0x0800e8aa       0x44 main.o
 .text.LL_ADC_INJ_SetQueueMode
                0x0800e8ee       0x2a main.o
 .text.LL_ADC_SetChannelSamplingTime
                0x0800e918       0x56 main.o
 *fill*         0x0800e96e        0x2 
 .text.LL_ADC_SetChannelSingleDiff
                0x0800e970       0x50 main.o
 .text.LL_ADC_SetOverSamplingScope
                0x0800e9c0       0x2a main.o
 .text.LL_ADC_DisableDeepPowerDown
                0x0800e9ea       0x24 main.o
 .text.LL_ADC_EnableInternalRegulator
                0x0800ea0e       0x28 main.o
 *fill*         0x0800ea36        0x2 
 .text.LL_DMA_SetDataTransferDirection
                0x0800ea38       0x50 main.o
 .text.LL_DMA_SetMode
                0x0800ea88       0x4c main.o
 .text.LL_DMA_SetPeriphIncMode
                0x0800ead4       0x4c main.o
 .text.LL_DMA_SetMemoryIncMode
                0x0800eb20       0x4c main.o
 .text.LL_DMA_SetPeriphSize
                0x0800eb6c       0x4c main.o
 .text.LL_DMA_SetMemorySize
                0x0800ebb8       0x4c main.o
 .text.LL_DMA_SetChannelPriorityLevel
                0x0800ec04       0x4c main.o
 .text.LL_DMA_SetPeriphRequest
                0x0800ec50       0x54 main.o
 .text.LL_LPUART_Enable
                0x0800eca4       0x20 main.o
 .text.LL_LPUART_DisableFIFO
                0x0800ecc4       0x20 main.o
 .text.LL_LPUART_SetTXFIFOThreshold
                0x0800ece4       0x4e main.o
 .text.LL_LPUART_SetRXFIFOThreshold
                0x0800ed32       0x4e main.o
 .text.LL_LPUART_IsActiveFlag_TEACK
                0x0800ed80       0x28 main.o
 .text.LL_LPUART_IsActiveFlag_REACK
                0x0800eda8       0x28 main.o
 .text.LL_RCC_HSI_Enable
                0x0800edd0       0x20 main.o
 .text.LL_RCC_HSI_IsReady
                0x0800edf0       0x28 main.o
 .text.LL_RCC_HSI_SetCalibTrimming
                0x0800ee18       0x2c main.o
 .text.LL_RCC_SetSysClkSource
                0x0800ee44       0x28 main.o
 .text.LL_RCC_GetSysClkSource
                0x0800ee6c       0x1c main.o
 .text.LL_RCC_SetAHBPrescaler
                0x0800ee88       0x28 main.o
 .text.LL_RCC_SetAPB1Prescaler
                0x0800eeb0       0x28 main.o
 .text.LL_RCC_SetAPB2Prescaler
                0x0800eed8       0x28 main.o
 .text.LL_RCC_SetLPUARTClockSource
                0x0800ef00       0x2c main.o
 .text.LL_RCC_SetADCClockSource
                0x0800ef2c       0x48 main.o
 .text.LL_RCC_PLL_Enable
                0x0800ef74       0x20 main.o
 .text.LL_RCC_PLL_IsReady
                0x0800ef94       0x28 main.o
 .text.LL_RCC_PLL_ConfigDomain_SYS
                0x0800efbc       0x40 main.o
 .text.LL_RCC_PLL_EnableDomain_SYS
                0x0800effc       0x20 main.o
 .text.LL_AHB1_GRP1_EnableClock
                0x0800f01c       0x30 main.o
 .text.LL_AHB2_GRP1_EnableClock
                0x0800f04c       0x30 main.o
 .text.LL_APB1_GRP1_EnableClock
                0x0800f07c       0x30 main.o
 .text.LL_APB1_GRP2_EnableClock
                0x0800f0ac       0x30 main.o
 .text.LL_APB2_GRP1_EnableClock
                0x0800f0dc       0x30 main.o
 .text.LL_SYSCFG_SetEXTISource
                0x0800f10c       0x70 main.o
 .text.LL_FLASH_SetLatency
                0x0800f17c       0x28 main.o
 .text.LL_FLASH_GetLatency
                0x0800f1a4       0x1c main.o
 .text.LL_PWR_EnableRange1BoostMode
                0x0800f1c0       0x24 main.o
 .text.LL_TIM_EnableARRPreload
                0x0800f1e4       0x20 main.o
 .text.LL_TIM_OC_DisableFast
                0x0800f204       0xb0 main.o
 .text.LL_TIM_OC_EnablePreload
                0x0800f2b4       0xac main.o
 .text.LL_TIM_IC_SetActiveInput
                0x0800f360       0xc0 main.o
 .text.LL_TIM_IC_SetPrescaler
                0x0800f420       0xc0 main.o
 .text.LL_TIM_IC_SetFilter
                0x0800f4e0       0xc0 main.o
 .text.LL_TIM_IC_SetPolarity
                0x0800f5a0       0xac main.o
 .text.LL_TIM_SetClockSource
                0x0800f64c       0x2a main.o
 .text.LL_TIM_SetTriggerOutput
                0x0800f676       0x2a main.o
 .text.LL_TIM_SetTriggerOutput2
                0x0800f6a0       0x26 main.o
 .text.LL_TIM_EnableMasterSlaveMode
                0x0800f6c6       0x20 main.o
 .text.LL_TIM_DisableMasterSlaveMode
                0x0800f6e6       0x20 main.o
 .text.LL_TIM_SetBreakInputSourcePolarity
                0x0800f706       0x8e main.o
 .text.LL_GPIO_SetPinMode
                0x0800f794       0x7a main.o
 .text.LL_GPIO_SetPinPull
                0x0800f80e       0x7a main.o
 .text.LL_GPIO_ResetOutputPin
                0x0800f888       0x1c main.o
 .text.SystemClock_Config
                0x0800f8a4       0xc8 main.o
                0x0800f8a4                SystemClock_Config
 .text.MX_ADC1_Init
                0x0800f96c      0x2a4 main.o
                0x0800f96c                MX_ADC1_Init
 .text.MX_LPUART1_UART_Init
                0x0800fc10      0x148 main.o
                0x0800fc10                MX_LPUART1_UART_Init
 .text.MX_TIM1_Init
                0x0800fd58      0x27c main.o
                0x0800fd58                MX_TIM1_Init
 .text.MX_TIM3_Init
                0x0800ffd4      0x298 main.o
                0x0800ffd4                MX_TIM3_Init
 .text.MX_DMA_Init
                0x0801026c       0xb4 main.o
                0x0801026c                MX_DMA_Init
 .text.MX_GPIO_Init
                0x08010320       0xf8 main.o
                0x08010320                MX_GPIO_Init
 .text.HAL_TIM_PeriodElapsedCallback
                0x08010418       0x1e main.o
                0x08010418                HAL_TIM_PeriodElapsedCallback
 .text.Error_Handler
                0x08010436        0xa main.o
                0x08010436                Error_Handler
 .text.NMI_Handler
                0x08010440        0x6 stm32g4xx_it.o
                0x08010440                NMI_Handler
 .text.HardFault_Handler
                0x08010446        0x6 stm32g4xx_it.o
                0x08010446                HardFault_Handler
 .text.MemManage_Handler
                0x0801044c        0x6 stm32g4xx_it.o
                0x0801044c                MemManage_Handler
 .text.BusFault_Handler
                0x08010452        0x6 stm32g4xx_it.o
                0x08010452                BusFault_Handler
 .text.UsageFault_Handler
                0x08010458        0x6 stm32g4xx_it.o
                0x08010458                UsageFault_Handler
 .text.DebugMon_Handler
                0x0801045e        0xe stm32g4xx_it.o
                0x0801045e                DebugMon_Handler
 .text.DMA1_Channel1_IRQHandler
                0x0801046c        0xe stm32g4xx_it.o
                0x0801046c                DMA1_Channel1_IRQHandler
 .text.DMA1_Channel2_IRQHandler
                0x0801047a        0xe stm32g4xx_it.o
                0x0801047a                DMA1_Channel2_IRQHandler
 .text.DMA1_Channel4_IRQHandler
                0x08010488        0xe stm32g4xx_it.o
                0x08010488                DMA1_Channel4_IRQHandler
 .text.DMA1_Channel5_IRQHandler
                0x08010496        0xe stm32g4xx_it.o
                0x08010496                DMA1_Channel5_IRQHandler
 .text.TIM2_IRQHandler
                0x080104a4       0x14 stm32g4xx_it.o
                0x080104a4                TIM2_IRQHandler
 .text.HAL_MspInit
                0x080104b8       0x48 stm32g4xx_hal_msp.o
                0x080104b8                HAL_MspInit
 .text.HAL_InitTick
                0x08010500       0xdc stm32g4xx_hal_timebase_tim.o
                0x08010500                HAL_InitTick
 .text.LL_SetSystemCoreClock
                0x080105dc       0x20 stm32g4xx_ll_utils.o
                0x080105dc                LL_SetSystemCoreClock
 .text.LL_EXTI_EnableIT_0_31
                0x080105fc       0x24 stm32g4xx_ll_exti.o
 .text.LL_EXTI_EnableIT_32_63
                0x08010620       0x24 stm32g4xx_ll_exti.o
 .text.LL_EXTI_DisableIT_0_31
                0x08010644       0x28 stm32g4xx_ll_exti.o
 .text.LL_EXTI_DisableIT_32_63
                0x0801066c       0x28 stm32g4xx_ll_exti.o
 .text.LL_EXTI_EnableEvent_0_31
                0x08010694       0x24 stm32g4xx_ll_exti.o
 .text.LL_EXTI_EnableEvent_32_63
                0x080106b8       0x24 stm32g4xx_ll_exti.o
 .text.LL_EXTI_DisableEvent_0_31
                0x080106dc       0x28 stm32g4xx_ll_exti.o
 .text.LL_EXTI_DisableEvent_32_63
                0x08010704       0x28 stm32g4xx_ll_exti.o
 .text.LL_EXTI_EnableRisingTrig_0_31
                0x0801072c       0x24 stm32g4xx_ll_exti.o
 .text.LL_EXTI_EnableRisingTrig_32_63
                0x08010750       0x24 stm32g4xx_ll_exti.o
 .text.LL_EXTI_DisableRisingTrig_0_31
                0x08010774       0x28 stm32g4xx_ll_exti.o
 .text.LL_EXTI_DisableRisingTrig_32_63
                0x0801079c       0x28 stm32g4xx_ll_exti.o
 .text.LL_EXTI_EnableFallingTrig_0_31
                0x080107c4       0x24 stm32g4xx_ll_exti.o
 .text.LL_EXTI_EnableFallingTrig_32_63
                0x080107e8       0x24 stm32g4xx_ll_exti.o
 .text.LL_EXTI_DisableFallingTrig_0_31
                0x0801080c       0x28 stm32g4xx_ll_exti.o
 .text.LL_EXTI_DisableFallingTrig_32_63
                0x08010834       0x28 stm32g4xx_ll_exti.o
 .text.LL_EXTI_Init
                0x0801085c      0x1ec stm32g4xx_ll_exti.o
                0x0801085c                LL_EXTI_Init
 .text.LL_GPIO_SetPinMode
                0x08010a48       0x7a stm32g4xx_ll_gpio.o
 .text.LL_GPIO_SetPinOutputType
                0x08010ac2       0x30 stm32g4xx_ll_gpio.o
 .text.LL_GPIO_SetPinSpeed
                0x08010af2       0x7a stm32g4xx_ll_gpio.o
 .text.LL_GPIO_SetPinPull
                0x08010b6c       0x7a stm32g4xx_ll_gpio.o
 .text.LL_GPIO_SetAFPin_0_7
                0x08010be6       0x7a stm32g4xx_ll_gpio.o
 .text.LL_GPIO_SetAFPin_8_15
                0x08010c60       0x7e stm32g4xx_ll_gpio.o
 .text.LL_GPIO_Init
                0x08010cde       0xdc stm32g4xx_ll_gpio.o
                0x08010cde                LL_GPIO_Init
 .text.LL_ADC_REG_SetSequencerLength
                0x08010dba       0x26 stm32g4xx_ll_adc.o
 .text.LL_ADC_IsEnabled
                0x08010de0       0x26 stm32g4xx_ll_adc.o
 *fill*         0x08010e06        0x2 
 .text.LL_ADC_CommonInit
                0x08010e08       0x80 stm32g4xx_ll_adc.o
                0x08010e08                LL_ADC_CommonInit
 .text.LL_ADC_Init
                0x08010e88       0x4c stm32g4xx_ll_adc.o
                0x08010e88                LL_ADC_Init
 .text.LL_ADC_REG_Init
                0x08010ed4       0x94 stm32g4xx_ll_adc.o
                0x08010ed4                LL_ADC_REG_Init
 .text.LL_ADC_INJ_Init
                0x08010f68       0x7a stm32g4xx_ll_adc.o
                0x08010f68                LL_ADC_INJ_Init
 .text.HAL_Init
                0x08010fe2       0x30 stm32g4xx_hal.o
                0x08010fe2                HAL_Init
 *fill*         0x08011012        0x2 
 .text.HAL_IncTick
                0x08011014       0x24 stm32g4xx_hal.o
                0x08011014                HAL_IncTick
 .text.HAL_GetTick
                0x08011038       0x18 stm32g4xx_hal.o
                0x08011038                HAL_GetTick
 .text.HAL_RCC_GetHCLKFreq
                0x08011050       0x18 stm32g4xx_hal_rcc.o
                0x08011050                HAL_RCC_GetHCLKFreq
 .text.HAL_RCC_GetPCLK1Freq
                0x08011068       0x2c stm32g4xx_hal_rcc.o
                0x08011068                HAL_RCC_GetPCLK1Freq
 .text.HAL_RCC_GetClockConfig
                0x08011094       0x64 stm32g4xx_hal_rcc.o
                0x08011094                HAL_RCC_GetClockConfig
 .text.HAL_PWREx_DisableUCPDDeadBattery
                0x080110f8       0x20 stm32g4xx_hal_pwr_ex.o
                0x080110f8                HAL_PWREx_DisableUCPDDeadBattery
 .text.__NVIC_SetPriorityGrouping
                0x08011118       0x48 stm32g4xx_hal_cortex.o
 .text.__NVIC_GetPriorityGrouping
                0x08011160       0x1c stm32g4xx_hal_cortex.o
 .text.__NVIC_EnableIRQ
                0x0801117c       0x3c stm32g4xx_hal_cortex.o
 .text.__NVIC_SetPriority
                0x080111b8       0x54 stm32g4xx_hal_cortex.o
 .text.NVIC_EncodePriority
                0x0801120c       0x66 stm32g4xx_hal_cortex.o
 .text.HAL_NVIC_SetPriorityGrouping
                0x08011272       0x16 stm32g4xx_hal_cortex.o
                0x08011272                HAL_NVIC_SetPriorityGrouping
 .text.HAL_NVIC_SetPriority
                0x08011288       0x34 stm32g4xx_hal_cortex.o
                0x08011288                HAL_NVIC_SetPriority
 .text.HAL_NVIC_EnableIRQ
                0x080112bc       0x1c stm32g4xx_hal_cortex.o
                0x080112bc                HAL_NVIC_EnableIRQ
 .text.LL_LPUART_IsEnabled
                0x080112d8       0x26 stm32g4xx_ll_lpuart.o
 .text.LL_LPUART_SetPrescaler
                0x080112fe       0x28 stm32g4xx_ll_lpuart.o
 .text.LL_LPUART_SetStopBitsLength
                0x08011326       0x26 stm32g4xx_ll_lpuart.o
 .text.LL_LPUART_SetHWFlowCtrl
                0x0801134c       0x26 stm32g4xx_ll_lpuart.o
 *fill*         0x08011372        0x2 
 .text.LL_LPUART_SetBaudRate
                0x08011374       0x98 stm32g4xx_ll_lpuart.o
 .text.LL_LPUART_Init
                0x0801140c       0x98 stm32g4xx_ll_lpuart.o
                0x0801140c                LL_LPUART_Init
 .text.LL_RCC_HSI_IsReady
                0x080114a4       0x28 stm32g4xx_ll_rcc.o
 .text.LL_RCC_LSE_IsReady
                0x080114cc       0x28 stm32g4xx_ll_rcc.o
 .text.LL_RCC_GetSysClkSource
                0x080114f4       0x1c stm32g4xx_ll_rcc.o
 .text.LL_RCC_GetAHBPrescaler
                0x08011510       0x1c stm32g4xx_ll_rcc.o
 .text.LL_RCC_GetAPB1Prescaler
                0x0801152c       0x1c stm32g4xx_ll_rcc.o
 .text.LL_RCC_GetLPUARTClockSource
                0x08011548       0x24 stm32g4xx_ll_rcc.o
 .text.LL_RCC_PLL_GetMainSource
                0x0801156c       0x1c stm32g4xx_ll_rcc.o
 .text.LL_RCC_PLL_GetN
                0x08011588       0x1c stm32g4xx_ll_rcc.o
 .text.LL_RCC_PLL_GetR
                0x080115a4       0x1c stm32g4xx_ll_rcc.o
 .text.LL_RCC_PLL_GetDivider
                0x080115c0       0x1c stm32g4xx_ll_rcc.o
 .text.LL_RCC_GetLPUARTClockFreq
                0x080115dc       0x84 stm32g4xx_ll_rcc.o
                0x080115dc                LL_RCC_GetLPUARTClockFreq
 .text.RCC_GetSystemClockFreq
                0x08011660       0x4c stm32g4xx_ll_rcc.o
 .text.RCC_GetHCLKClockFreq
                0x080116ac       0x30 stm32g4xx_ll_rcc.o
 .text.RCC_GetPCLK1ClockFreq
                0x080116dc       0x2c stm32g4xx_ll_rcc.o
 .text.RCC_PLL_GetFreqDomain_SYS
                0x08011708       0x68 stm32g4xx_ll_rcc.o
 .text.HAL_TIM_Base_Init
                0x08011770       0xae stm32g4xx_hal_tim.o
                0x08011770                HAL_TIM_Base_Init
 .text.HAL_TIM_Base_MspInit
                0x0801181e       0x14 stm32g4xx_hal_tim.o
                0x0801181e                HAL_TIM_Base_MspInit
 *fill*         0x08011832        0x2 
 .text.HAL_TIM_Base_Start_IT
                0x08011834       0xd4 stm32g4xx_hal_tim.o
                0x08011834                HAL_TIM_Base_Start_IT
 .text.HAL_TIM_IRQHandler
                0x08011908      0x2fe stm32g4xx_hal_tim.o
                0x08011908                HAL_TIM_IRQHandler
 .text.HAL_TIM_OC_DelayElapsedCallback
                0x08011c06       0x14 stm32g4xx_hal_tim.o
                0x08011c06                HAL_TIM_OC_DelayElapsedCallback
 .text.HAL_TIM_IC_CaptureCallback
                0x08011c1a       0x14 stm32g4xx_hal_tim.o
                0x08011c1a                HAL_TIM_IC_CaptureCallback
 .text.HAL_TIM_PWM_PulseFinishedCallback
                0x08011c2e       0x14 stm32g4xx_hal_tim.o
                0x08011c2e                HAL_TIM_PWM_PulseFinishedCallback
 .text.HAL_TIM_TriggerCallback
                0x08011c42       0x14 stm32g4xx_hal_tim.o
                0x08011c42                HAL_TIM_TriggerCallback
 *fill*         0x08011c56        0x2 
 .text.TIM_Base_SetConfig
                0x08011c58      0x120 stm32g4xx_hal_tim.o
                0x08011c58                TIM_Base_SetConfig
 .text.HAL_TIMEx_CommutCallback
                0x08011d78       0x14 stm32g4xx_hal_tim_ex.o
                0x08011d78                HAL_TIMEx_CommutCallback
 .text.HAL_TIMEx_BreakCallback
                0x08011d8c       0x14 stm32g4xx_hal_tim_ex.o
                0x08011d8c                HAL_TIMEx_BreakCallback
 .text.HAL_TIMEx_Break2Callback
                0x08011da0       0x14 stm32g4xx_hal_tim_ex.o
                0x08011da0                HAL_TIMEx_Break2Callback
 .text.HAL_TIMEx_EncoderIndexCallback
                0x08011db4       0x14 stm32g4xx_hal_tim_ex.o
                0x08011db4                HAL_TIMEx_EncoderIndexCallback
 .text.HAL_TIMEx_DirectionChangeCallback
                0x08011dc8       0x14 stm32g4xx_hal_tim_ex.o
                0x08011dc8                HAL_TIMEx_DirectionChangeCallback
 .text.HAL_TIMEx_IndexErrorCallback
                0x08011ddc       0x14 stm32g4xx_hal_tim_ex.o
                0x08011ddc                HAL_TIMEx_IndexErrorCallback
 .text.HAL_TIMEx_TransitionErrorCallback
                0x08011df0       0x14 stm32g4xx_hal_tim_ex.o
                0x08011df0                HAL_TIMEx_TransitionErrorCallback
 .text.LL_TIM_SetPrescaler
                0x08011e04       0x1c stm32g4xx_ll_tim.o
 .text.LL_TIM_SetAutoReload
                0x08011e20       0x1c stm32g4xx_ll_tim.o
 .text.LL_TIM_SetRepetitionCounter
                0x08011e3c       0x1c stm32g4xx_ll_tim.o
 .text.LL_TIM_OC_SetCompareCH1
                0x08011e58       0x1c stm32g4xx_ll_tim.o
 .text.LL_TIM_OC_SetCompareCH2
                0x08011e74       0x1c stm32g4xx_ll_tim.o
 .text.LL_TIM_OC_SetCompareCH3
                0x08011e90       0x1c stm32g4xx_ll_tim.o
 .text.LL_TIM_OC_SetCompareCH4
                0x08011eac       0x1c stm32g4xx_ll_tim.o
 .text.LL_TIM_OC_SetCompareCH5
                0x08011ec8       0x20 stm32g4xx_ll_tim.o
 .text.LL_TIM_OC_SetCompareCH6
                0x08011ee8       0x1c stm32g4xx_ll_tim.o
 .text.LL_TIM_GenerateEvent_UPDATE
                0x08011f04       0x20 stm32g4xx_ll_tim.o
 .text.LL_TIM_Init
                0x08011f24      0x114 stm32g4xx_ll_tim.o
                0x08011f24                LL_TIM_Init
 .text.LL_TIM_OC_Init
                0x08012038       0xbe stm32g4xx_ll_tim.o
                0x08012038                LL_TIM_OC_Init
 *fill*         0x080120f6        0x2 
 .text.LL_TIM_BDTR_Init
                0x080120f8      0x110 stm32g4xx_ll_tim.o
                0x080120f8                LL_TIM_BDTR_Init
 .text.OC1Config
                0x08012208      0x100 stm32g4xx_ll_tim.o
 .text.OC2Config
                0x08012308      0x108 stm32g4xx_ll_tim.o
 .text.OC3Config
                0x08012410      0x108 stm32g4xx_ll_tim.o
 .text.OC4Config
                0x08012518      0x108 stm32g4xx_ll_tim.o
 .text.OC5Config
                0x08012620       0xc8 stm32g4xx_ll_tim.o
 .text.OC6Config
                0x080126e8       0xc8 stm32g4xx_ll_tim.o
 .text.SystemInit
                0x080127b0       0x24 system_stm32g4xx.o
                0x080127b0                SystemInit
 .text.Reset_Handler
                0x080127d4       0x50 startup_stm32g431rbtx.o
                0x080127d4                Reset_Handler
 .text.Default_Handler
                0x08012824        0x2 startup_stm32g431rbtx.o
                0x08012824                RTC_Alarm_IRQHandler
                0x08012824                EXTI2_IRQHandler
                0x08012824                TIM8_TRG_COM_IRQHandler
                0x08012824                TIM8_CC_IRQHandler
                0x08012824                TIM1_CC_IRQHandler
                0x08012824                USB_HP_IRQHandler
                0x08012824                CORDIC_IRQHandler
                0x08012824                EXTI3_IRQHandler
                0x08012824                I2C3_ER_IRQHandler
                0x08012824                EXTI0_IRQHandler
                0x08012824                I2C2_EV_IRQHandler
                0x08012824                FPU_IRQHandler
                0x08012824                FDCAN1_IT1_IRQHandler
                0x08012824                TIM1_UP_TIM16_IRQHandler
                0x08012824                SPI1_IRQHandler
                0x08012824                TIM6_DAC_IRQHandler
                0x08012824                TIM8_UP_IRQHandler
                0x08012824                DMA2_Channel2_IRQHandler
                0x08012824                USART3_IRQHandler
                0x08012824                TIM4_IRQHandler
                0x08012824                DMA2_Channel1_IRQHandler
                0x08012824                I2C1_EV_IRQHandler
                0x08012824                DMA1_Channel6_IRQHandler
                0x08012824                UART4_IRQHandler
                0x08012824                DMA2_Channel4_IRQHandler
                0x08012824                RCC_IRQHandler
                0x08012824                Default_Handler
                0x08012824                RTC_TAMP_LSECSS_IRQHandler
                0x08012824                FMAC_IRQHandler
                0x08012824                EXTI15_10_IRQHandler
                0x08012824                TIM7_IRQHandler
                0x08012824                UCPD1_IRQHandler
                0x08012824                I2C3_EV_IRQHandler
                0x08012824                EXTI9_5_IRQHandler
                0x08012824                RTC_WKUP_IRQHandler
                0x08012824                PVD_PVM_IRQHandler
                0x08012824                SPI2_IRQHandler
                0x08012824                DMA2_Channel5_IRQHandler
                0x08012824                CRS_IRQHandler
                0x08012824                USB_LP_IRQHandler
                0x08012824                EXTI4_IRQHandler
                0x08012824                RNG_IRQHandler
                0x08012824                TIM1_TRG_COM_TIM17_IRQHandler
                0x08012824                WWDG_IRQHandler
                0x08012824                DMA2_Channel6_IRQHandler
                0x08012824                FDCAN1_IT0_IRQHandler
                0x08012824                COMP1_2_3_IRQHandler
                0x08012824                EXTI1_IRQHandler
                0x08012824                USART2_IRQHandler
                0x08012824                I2C2_ER_IRQHandler
                0x08012824                TIM8_BRK_IRQHandler
                0x08012824                FLASH_IRQHandler
                0x08012824                USART1_IRQHandler
                0x08012824                SPI3_IRQHandler
                0x08012824                I2C1_ER_IRQHandler
                0x08012824                LPTIM1_IRQHandler
                0x08012824                DMAMUX_OVR_IRQHandler
                0x08012824                USBWakeUp_IRQHandler
                0x08012824                SAI1_IRQHandler
                0x08012824                DMA2_Channel3_IRQHandler
                0x08012824                COMP4_IRQHandler
                0x08012824                TIM1_BRK_TIM15_IRQHandler
 *fill*         0x08012826        0x2 
 .text.fmod     0x08012828       0x6c c:/programdata/matlab/supportpackages/r2024a/3p.instrset/gnuarm-armcortex.instrset/win/bin/../lib/gcc/arm-none-eabi/11.3.1/thumb/v7e-m+fp/hard\libm.a(libm_a-w_fmod.o)
                0x08012828                fmod
 .text.fmodf    0x08012894       0x48 c:/programdata/matlab/supportpackages/r2024a/3p.instrset/gnuarm-armcortex.instrset/win/bin/../lib/gcc/arm-none-eabi/11.3.1/thumb/v7e-m+fp/hard\libm.a(libm_a-wf_fmod.o)
                0x08012894                fmodf
 .text.fmin     0x080128dc       0x50 c:/programdata/matlab/supportpackages/r2024a/3p.instrset/gnuarm-armcortex.instrset/win/bin/../lib/gcc/arm-none-eabi/11.3.1/thumb/v7e-m+fp/hard\libm.a(libm_a-s_fmin.o)
                0x080128dc                fmin
 .text.__fpclassifyd
                0x0801292c       0x54 c:/programdata/matlab/supportpackages/r2024a/3p.instrset/gnuarm-armcortex.instrset/win/bin/../lib/gcc/arm-none-eabi/11.3.1/thumb/v7e-m+fp/hard\libm.a(libm_a-s_fpclassify.o)
                0x0801292c                __fpclassifyd
 .text.fmaxf    0x08012980       0x3c c:/programdata/matlab/supportpackages/r2024a/3p.instrset/gnuarm-armcortex.instrset/win/bin/../lib/gcc/arm-none-eabi/11.3.1/thumb/v7e-m+fp/hard\libm.a(libm_a-sf_fmax.o)
                0x08012980                fmaxf
 .text.fminf    0x080129bc       0x3c c:/programdata/matlab/supportpackages/r2024a/3p.instrset/gnuarm-armcortex.instrset/win/bin/../lib/gcc/arm-none-eabi/11.3.1/thumb/v7e-m+fp/hard\libm.a(libm_a-sf_fmin.o)
                0x080129bc                fminf
 .text.__fpclassifyf
                0x080129f8       0x38 c:/programdata/matlab/supportpackages/r2024a/3p.instrset/gnuarm-armcortex.instrset/win/bin/../lib/gcc/arm-none-eabi/11.3.1/thumb/v7e-m+fp/hard\libm.a(libm_a-sf_fpclassify.o)
                0x080129f8                __fpclassifyf
 .text.floor    0x08012a30      0x118 c:/programdata/matlab/supportpackages/r2024a/3p.instrset/gnuarm-armcortex.instrset/win/bin/../lib/gcc/arm-none-eabi/11.3.1/thumb/v7e-m+fp/hard\libm.a(libm_a-s_floor.o)
                0x08012a30                floor
 .text.floorf   0x08012b48       0x90 c:/programdata/matlab/supportpackages/r2024a/3p.instrset/gnuarm-armcortex.instrset/win/bin/../lib/gcc/arm-none-eabi/11.3.1/thumb/v7e-m+fp/hard\libm.a(libm_a-sf_floor.o)
                0x08012b48                floorf
 .text.truncf   0x08012bd8       0x3c c:/programdata/matlab/supportpackages/r2024a/3p.instrset/gnuarm-armcortex.instrset/win/bin/../lib/gcc/arm-none-eabi/11.3.1/thumb/v7e-m+fp/hard\libm.a(libm_a-sf_trunc.o)
                0x08012bd8                truncf
 .text.__ieee754_fmod
                0x08012c14      0x27c c:/programdata/matlab/supportpackages/r2024a/3p.instrset/gnuarm-armcortex.instrset/win/bin/../lib/gcc/arm-none-eabi/11.3.1/thumb/v7e-m+fp/hard\libm.a(libm_a-e_fmod.o)
                0x08012c14                __ieee754_fmod
 .text.__ieee754_fmodf
                0x08012e90      0x120 c:/programdata/matlab/supportpackages/r2024a/3p.instrset/gnuarm-armcortex.instrset/win/bin/../lib/gcc/arm-none-eabi/11.3.1/thumb/v7e-m+fp/hard\libm.a(libm_a-ef_fmod.o)
                0x08012e90                __ieee754_fmodf
 .text.__udivmoddi4
                0x08012fb0      0x2c8 c:/programdata/matlab/supportpackages/r2024a/3p.instrset/gnuarm-armcortex.instrset/win/bin/../lib/gcc/arm-none-eabi/11.3.1/thumb/v7e-m+fp/hard\libgcc.a(_udivmoddi4.o)
                0x08012fb0                __udivmoddi4
 .text.memset   0x08013278       0x10 c:/programdata/matlab/supportpackages/r2024a/3p.instrset/gnuarm-armcortex.instrset/win/bin/../lib/gcc/arm-none-eabi/11.3.1/thumb/v7e-m+fp/hard\libg_nano.a(libc_a-memset.o)
                0x08013278                memset
 .text.__errno  0x08013288        0xc c:/programdata/matlab/supportpackages/r2024a/3p.instrset/gnuarm-armcortex.instrset/win/bin/../lib/gcc/arm-none-eabi/11.3.1/thumb/v7e-m+fp/hard\libg_nano.a(libc_a-errno.o)
                0x08013288                __errno
 .text.__libc_init_array
                0x08013294       0x48 c:/programdata/matlab/supportpackages/r2024a/3p.instrset/gnuarm-armcortex.instrset/win/bin/../lib/gcc/arm-none-eabi/11.3.1/thumb/v7e-m+fp/hard\libg_nano.a(libc_a-init.o)
                0x08013294                __libc_init_array
 .text.memcpy   0x080132dc       0x1c c:/programdata/matlab/supportpackages/r2024a/3p.instrset/gnuarm-armcortex.instrset/win/bin/../lib/gcc/arm-none-eabi/11.3.1/thumb/v7e-m+fp/hard\libg_nano.a(libc_a-memcpy-stub.o)
                0x080132dc                memcpy
 *(.glue_7)
 .glue_7        0x080132f8        0x0 linker stubs
 *(.glue_7t)
 .glue_7t       0x080132f8        0x0 linker stubs
 *(.eh_frame)
 .eh_frame      0x080132f8        0x0 c:/programdata/matlab/supportpackages/r2024a/3p.instrset/gnuarm-armcortex.instrset/win/bin/../lib/gcc/arm-none-eabi/11.3.1/thumb/v7e-m+fp/hard/crtbegin.o
 *(.init)
 .init          0x080132f8        0x4 c:/programdata/matlab/supportpackages/r2024a/3p.instrset/gnuarm-armcortex.instrset/win/bin/../lib/gcc/arm-none-eabi/11.3.1/thumb/v7e-m+fp/hard/crti.o
                0x080132f8                _init
 .init          0x080132fc        0x8 c:/programdata/matlab/supportpackages/r2024a/3p.instrset/gnuarm-armcortex.instrset/win/bin/../lib/gcc/arm-none-eabi/11.3.1/thumb/v7e-m+fp/hard/crtn.o
 *(.fini)
 .fini          0x08013304        0x4 c:/programdata/matlab/supportpackages/r2024a/3p.instrset/gnuarm-armcortex.instrset/win/bin/../lib/gcc/arm-none-eabi/11.3.1/thumb/v7e-m+fp/hard/crti.o
                0x08013304                _fini
 .fini          0x08013308        0x8 c:/programdata/matlab/supportpackages/r2024a/3p.instrset/gnuarm-armcortex.instrset/win/bin/../lib/gcc/arm-none-eabi/11.3.1/thumb/v7e-m+fp/hard/crtn.o
                0x08013310                . = ALIGN (0x4)
                0x08013310                _etext = .

.vfp11_veneer   0x08013310        0x0
 .vfp11_veneer  0x08013310        0x0 linker stubs

.v4_bx          0x08013310        0x0
 .v4_bx         0x08013310        0x0 linker stubs

.iplt           0x08013310        0x0
 .iplt          0x08013310        0x0 c:/programdata/matlab/supportpackages/r2024a/3p.instrset/gnuarm-armcortex.instrset/win/bin/../lib/gcc/arm-none-eabi/11.3.1/thumb/v7e-m+fp/hard/crtbegin.o

.rodata         0x08013310     0x2a28
                0x08013310                . = ALIGN (0x4)
 *(.rodata)
 .rodata        0x08013310      0x2b9 xcp_ext_mode.o
 *fill*         0x080135c9        0x3 
 .rodata        0x080135cc      0x12e xcp_ext_common.o
 *fill*         0x080136fa        0x2 
 .rodata        0x080136fc       0x4c xcp_ext_classic_trigger.o
 .rodata        0x08013748      0x278 xcp.o
 .rodata        0x080139c0      0x3a9 xcp_standard.o
 *fill*         0x08013d69        0x3 
 .rodata        0x08013d6c     0x1010 xcp_daq.o
 .rodata        0x08014d7c       0xdd xcp_calibration.o
 *fill*         0x08014e59        0x3 
 .rodata        0x08014e5c      0x56e xcp_transport.o
 *fill*         0x080153ca        0x2 
 .rodata        0x080153cc       0xf5 xcp_mem_default.o
 *fill*         0x080154c1        0x3 
 .rodata        0x080154c4      0x228 xcp_drv_rtiostream.o
 .rodata        0x080156ec      0x4aa xcp_frame_serial.o
 *(.rodata*)
 *fill*         0x08015b96        0x2 
 .rodata.G431debug_M
                0x08015b98        0x4 G431debug.o
                0x08015b98                G431debug_M
 .rodata.rtAlwaysEnabled.0
                0x08015b9c        0x1 G431debug.o
 *fill*         0x08015b9d        0x3 
 .rodata.standardSupportedRxPacket
                0x08015ba0       0x54 xcp_standard.o
 .rodata.daqSupportedRxPacket
                0x08015bf4       0x9c xcp_daq.o
 .rodata.calibrationSupportedRxPacket
                0x08015c90       0x18 xcp_calibration.o
 .rodata.CHANNEL_OFFSET_TAB
                0x08015ca8        0x6 stm_usart.o
 *fill*         0x08015cae        0x2 
 .rodata.CHANNEL_OFFSET_TAB
                0x08015cb0        0x6 stm_lpuart.o
 *fill*         0x08015cb6        0x2 
 .rodata.CHANNEL_OFFSET_TAB
                0x08015cb8        0x6 main.o
 *fill*         0x08015cbe        0x2 
 .rodata.OFFSET_TAB_CCMRx
                0x08015cc0        0xa main.o
 *fill*         0x08015cca        0x2 
 .rodata.SHIFT_TAB_OCxx
                0x08015ccc        0xa main.o
 *fill*         0x08015cd6        0x2 
 .rodata.SHIFT_TAB_ICxx
                0x08015cd8        0xa main.o
 *fill*         0x08015ce2        0x2 
 .rodata.SHIFT_TAB_CCxP
                0x08015ce4        0xa main.o
 *fill*         0x08015cee        0x2 
 .rodata.LPUART_PRESCALER_TAB
                0x08015cf0       0x18 stm32g4xx_ll_lpuart.o
 .rodata.AHBPrescTable
                0x08015d08       0x10 system_stm32g4xx.o
                0x08015d08                AHBPrescTable
 .rodata.APBPrescTable
                0x08015d18        0x8 system_stm32g4xx.o
                0x08015d18                APBPrescTable
 .rodata.Zero   0x08015d20       0x10 c:/programdata/matlab/supportpackages/r2024a/3p.instrset/gnuarm-armcortex.instrset/win/bin/../lib/gcc/arm-none-eabi/11.3.1/thumb/v7e-m+fp/hard\libm.a(libm_a-e_fmod.o)
 .rodata.Zero   0x08015d30        0x8 c:/programdata/matlab/supportpackages/r2024a/3p.instrset/gnuarm-armcortex.instrset/win/bin/../lib/gcc/arm-none-eabi/11.3.1/thumb/v7e-m+fp/hard\libm.a(libm_a-ef_fmod.o)
                0x08015d38                . = ALIGN (0x4)

.ARM.extab      0x08015d38        0x0
                0x08015d38                . = ALIGN (0x4)
 *(.ARM.extab* .gnu.linkonce.armextab.*)
                0x08015d38                . = ALIGN (0x4)

.ARM            0x08015d38        0x8
                0x08015d38                . = ALIGN (0x4)
                0x08015d38                __exidx_start = .
 *(.ARM.exidx*)
 .ARM.exidx.text.__udivmoddi4
                0x08015d38        0x8 c:/programdata/matlab/supportpackages/r2024a/3p.instrset/gnuarm-armcortex.instrset/win/bin/../lib/gcc/arm-none-eabi/11.3.1/thumb/v7e-m+fp/hard\libgcc.a(_udivmoddi4.o)
                0x08015d40                __exidx_end = .
                0x08015d40                . = ALIGN (0x4)

.rel.dyn        0x08015d40        0x0
 .rel.iplt      0x08015d40        0x0 c:/programdata/matlab/supportpackages/r2024a/3p.instrset/gnuarm-armcortex.instrset/win/bin/../lib/gcc/arm-none-eabi/11.3.1/thumb/v7e-m+fp/hard/crtbegin.o

.preinit_array  0x08015d40        0x0
                0x08015d40                . = ALIGN (0x4)
                0x08015d40                PROVIDE (__preinit_array_start = .)
 *(.preinit_array*)
                0x08015d40                PROVIDE (__preinit_array_end = .)
                0x08015d40                . = ALIGN (0x4)

.init_array     0x08015d40        0x4
                0x08015d40                . = ALIGN (0x4)
                0x08015d40                PROVIDE (__init_array_start = .)
 *(SORT_BY_NAME(.init_array.*))
 *(.init_array*)
 .init_array    0x08015d40        0x4 c:/programdata/matlab/supportpackages/r2024a/3p.instrset/gnuarm-armcortex.instrset/win/bin/../lib/gcc/arm-none-eabi/11.3.1/thumb/v7e-m+fp/hard/crtbegin.o
                0x08015d44                PROVIDE (__init_array_end = .)
                0x08015d44                . = ALIGN (0x4)

.fini_array     0x08015d44        0x4
                0x08015d44                . = ALIGN (0x4)
                [!provide]                PROVIDE (__fini_array_start = .)
 *(SORT_BY_NAME(.fini_array.*))
 *(.fini_array*)
 .fini_array    0x08015d44        0x4 c:/programdata/matlab/supportpackages/r2024a/3p.instrset/gnuarm-armcortex.instrset/win/bin/../lib/gcc/arm-none-eabi/11.3.1/thumb/v7e-m+fp/hard/crtbegin.o
                [!provide]                PROVIDE (__fini_array_end = .)
                0x08015d48                . = ALIGN (0x4)
                0x08015d48                _sidata = LOADADDR (.data)

.data           0x20000000     0x13c4 load address 0x08015d48
                0x20000000                . = ALIGN (0x4)
                0x20000000                _sdata = .
 *(.data)
 *(.data*)
 .data.G431debug_P
                0x20000000     0x12c8 G431debug_data.o
                0x20000000                G431debug_P
 .data.rtInf    0x200012c8        0x8 rt_nonfinite.o
                0x200012c8                rtInf
 .data.rtMinusInf
                0x200012d0        0x8 rt_nonfinite.o
                0x200012d0                rtMinusInf
 .data.rtInfF   0x200012d8        0x4 rt_nonfinite.o
                0x200012d8                rtInfF
 .data.rtMinusInfF
                0x200012dc        0x4 rt_nonfinite.o
                0x200012dc                rtMinusInfF
 .data.xcpExtmodeFinalSimulationTime
                0x200012e0        0x8 xcp_ext_common.o
                0x200012e0                xcpExtmodeFinalSimulationTime
 .data.xcpClassicTriggerDuration
                0x200012e8        0x4 xcp_ext_classic_trigger.o
                0x200012e8                xcpClassicTriggerDuration
 .data.xcpClassicTriggerArmRequest
                0x200012ec        0x1 xcp_ext_classic_trigger.o
                0x200012ec                xcpClassicTriggerArmRequest
 *fill*         0x200012ed        0x3 
 .data.startStopDaqListId
                0x200012f0        0x4 xcp_daq.o
 .data.xcpCurrentDaq
                0x200012f4        0x4 xcp_daq.o
 .data.xcpEventCustomMemoryManager
                0x200012f8        0xc xcp_daq.o
 .data.xcpCtoReservedMemPoolId
                0x20001304        0x4 xcp_transport.o
 .data.xcpMemMainBlockSizes
                0x20001308        0xc xcp_mem_default.o
 .data.xcpMemMainBlocksNumber
                0x20001314        0xc xcp_mem_default.o
 .data.drvID    0x20001320        0x4 xcp_drv_rtiostream.o
 .data.xcpCtoReservedMemPoolId
                0x20001324        0x4 xcp_frame_serial.o
 .data.uartObj  0x20001328       0x40 rtiostream_serial.o
                0x20001328                uartObj
 .data.uwTickPrio
                0x20001368        0x4 stm32g4xx_hal.o
                0x20001368                uwTickPrio
 .data.uwTickFreq
                0x2000136c        0x4 stm32g4xx_hal.o
                0x2000136c                uwTickFreq
 .data.SystemCoreClock
                0x20001370        0x4 system_stm32g4xx.o
                0x20001370                SystemCoreClock
 .data._impure_data
                0x20001374       0x4c c:/programdata/matlab/supportpackages/r2024a/3p.instrset/gnuarm-armcortex.instrset/win/bin/../lib/gcc/arm-none-eabi/11.3.1/thumb/v7e-m+fp/hard\libg_nano.a(libc_a-impure.o)
                0x20001374                _impure_data
 .data._impure_ptr
                0x200013c0        0x4 c:/programdata/matlab/supportpackages/r2024a/3p.instrset/gnuarm-armcortex.instrset/win/bin/../lib/gcc/arm-none-eabi/11.3.1/thumb/v7e-m+fp/hard\libg_nano.a(libc_a-impure.o)
                0x200013c0                _impure_ptr
 *(.RamFunc)
 *(.RamFunc*)
                0x200013c4                . = ALIGN (0x4)
                0x200013c4                _edata = .

.tm_clone_table
                0x200013c4        0x0 load address 0x0801710c
 .tm_clone_table
                0x200013c4        0x0 c:/programdata/matlab/supportpackages/r2024a/3p.instrset/gnuarm-armcortex.instrset/win/bin/../lib/gcc/arm-none-eabi/11.3.1/thumb/v7e-m+fp/hard/crtbegin.o
 .tm_clone_table