Archive member included to satisfy reference by file (symbol)

c:/programdata/matlab/supportpackages/r2024a/3p.instrset/gnuarm-armcortex.instrset/win/bin/../lib/gcc/arm-none-eabi/11.3.1/thumb/v7e-m+fp/hard\libm.a(libm_a-w_fmod.o)
                              G431debug.o (fmod)
c:/programdata/matlab/supportpackages/r2024a/3p.instrset/gnuarm-armcortex.instrset/win/bin/../lib/gcc/arm-none-eabi/11.3.1/thumb/v7e-m+fp/hard\libm.a(libm_a-wf_fmod.o)
                              G431debug.o (fmodf)
c:/programdata/matlab/supportpackages/r2024a/3p.instrset/gnuarm-armcortex.instrset/win/bin/../lib/gcc/arm-none-eabi/11.3.1/thumb/v7e-m+fp/hard\libm.a(libm_a-s_fmin.o)
                              G431debug.o (fmin)
c:/programdata/matlab/supportpackages/r2024a/3p.instrset/gnuarm-armcortex.instrset/win/bin/../lib/gcc/arm-none-eabi/11.3.1/thumb/v7e-m+fp/hard\libm.a(libm_a-s_fpclassify.o)
                              c:/programdata/matlab/supportpackages/r2024a/3p.instrset/gnuarm-armcortex.instrset/win/bin/../lib/gcc/arm-none-eabi/11.3.1/thumb/v7e-m+fp/hard\libm.a(libm_a-s_fmin.o) (__fpclassifyd)
c:/programdata/matlab/supportpackages/r2024a/3p.instrset/gnuarm-armcortex.instrset/win/bin/../lib/gcc/arm-none-eabi/11.3.1/thumb/v7e-m+fp/hard\libm.a(libm_a-sf_fmax.o)
                              G431debug.o (fmaxf)
c:/programdata/matlab/supportpackages/r2024a/3p.instrset/gnuarm-armcortex.instrset/win/bin/../lib/gcc/arm-none-eabi/11.3.1/thumb/v7e-m+fp/hard\libm.a(libm_a-sf_fmin.o)
                              G431debug.o (fminf)
c:/programdata/matlab/supportpackages/r2024a/3p.instrset/gnuarm-armcortex.instrset/win/bin/../lib/gcc/arm-none-eabi/11.3.1/thumb/v7e-m+fp/hard\libm.a(libm_a-sf_fpclassify.o)
                              c:/programdata/matlab/supportpackages/r2024a/3p.instrset/gnuarm-armcortex.instrset/win/bin/../lib/gcc/arm-none-eabi/11.3.1/thumb/v7e-m+fp/hard\libm.a(libm_a-sf_fmax.o) (__fpclassifyf)
c:/programdata/matlab/supportpackages/r2024a/3p.instrset/gnuarm-armcortex.instrset/win/bin/../lib/gcc/arm-none-eabi/11.3.1/thumb/v7e-m+fp/hard\libm.a(libm_a-s_floor.o)
                              G431debug.o (floor)
c:/programdata/matlab/supportpackages/r2024a/3p.instrset/gnuarm-armcortex.instrset/win/bin/../lib/gcc/arm-none-eabi/11.3.1/thumb/v7e-m+fp/hard\libm.a(libm_a-sf_floor.o)
                              G431debug.o (floorf)
c:/programdata/matlab/supportpackages/r2024a/3p.instrset/gnuarm-armcortex.instrset/win/bin/../lib/gcc/arm-none-eabi/11.3.1/thumb/v7e-m+fp/hard\libm.a(libm_a-sf_trunc.o)
                              G431debug.o (truncf)
c:/programdata/matlab/supportpackages/r2024a/3p.instrset/gnuarm-armcortex.instrset/win/bin/../lib/gcc/arm-none-eabi/11.3.1/thumb/v7e-m+fp/hard\libm.a(libm_a-e_fmod.o)
                              c:/programdata/matlab/supportpackages/r2024a/3p.instrset/gnuarm-armcortex.instrset/win/bin/../lib/gcc/arm-none-eabi/11.3.1/thumb/v7e-m+fp/hard\libm.a(libm_a-w_fmod.o) (__ieee754_fmod)
c:/programdata/matlab/supportpackages/r2024a/3p.instrset/gnuarm-armcortex.instrset/win/bin/../lib/gcc/arm-none-eabi/11.3.1/thumb/v7e-m+fp/hard\libm.a(libm_a-ef_fmod.o)
                              c:/programdata/matlab/supportpackages/r2024a/3p.instrset/gnuarm-armcortex.instrset/win/bin/../lib/gcc/arm-none-eabi/11.3.1/thumb/v7e-m+fp/hard\libm.a(libm_a-wf_fmod.o) (__ieee754_fmodf)
c:/programdata/matlab/supportpackages/r2024a/3p.instrset/gnuarm-armcortex.instrset/win/bin/../lib/gcc/arm-none-eabi/11.3.1/thumb/v7e-m+fp/hard\libgcc.a(_arm_muldf3.o)
                              G431debug.o (__aeabi_dmul)
c:/programdata/matlab/supportpackages/r2024a/3p.instrset/gnuarm-armcortex.instrset/win/bin/../lib/gcc/arm-none-eabi/11.3.1/thumb/v7e-m+fp/hard\libgcc.a(_arm_addsubdf3.o)
                              G431debug.o (__aeabi_dsub)
c:/programdata/matlab/supportpackages/r2024a/3p.instrset/gnuarm-armcortex.instrset/win/bin/../lib/gcc/arm-none-eabi/11.3.1/thumb/v7e-m+fp/hard\libgcc.a(_arm_muldivdf3.o)
                              xcp_ext_common.o (__aeabi_ddiv)
c:/programdata/matlab/supportpackages/r2024a/3p.instrset/gnuarm-armcortex.instrset/win/bin/../lib/gcc/arm-none-eabi/11.3.1/thumb/v7e-m+fp/hard\libgcc.a(_arm_cmpdf2.o)
                              xcp_ext_mode.o (__aeabi_dcmpeq)
c:/programdata/matlab/supportpackages/r2024a/3p.instrset/gnuarm-armcortex.instrset/win/bin/../lib/gcc/arm-none-eabi/11.3.1/thumb/v7e-m+fp/hard\libgcc.a(_arm_unorddf2.o)
                              rt_nonfinite.o (__aeabi_dcmpun)
c:/programdata/matlab/supportpackages/r2024a/3p.instrset/gnuarm-armcortex.instrset/win/bin/../lib/gcc/arm-none-eabi/11.3.1/thumb/v7e-m+fp/hard\libgcc.a(_arm_fixunsdfsi.o)
                              G431debug.o (__aeabi_d2uiz)
c:/programdata/matlab/supportpackages/r2024a/3p.instrset/gnuarm-armcortex.instrset/win/bin/../lib/gcc/arm-none-eabi/11.3.1/thumb/v7e-m+fp/hard\libgcc.a(_arm_truncdfsf2.o)
                              G431debug.o (__aeabi_d2f)
[...]
Memory Configuration

Name             Origin             Length             Attributes
RAM              0x20000000         0x00008000         xrw
FLASH            0x08000000         0x00020000         xr
*default*        0x00000000         0xffffffff

Linker script and memory map

LOAD c:/programdata/matlab/supportpackages/r2024a/3p.instrset/gnuarm-armcortex.instrset/win/bin/../lib/gcc/arm-none-eabi/11.3.1/thumb/v7e-m+fp/hard/crti.o
LOAD c:/programdata/matlab/supportpackages/r2024a/3p.instrset/gnuarm-armcortex.instrset/win/bin/../lib/gcc/arm-none-eabi/11.3.1/thumb/v7e-m+fp/hard/crtbegin.o
LOAD c:/programdata/matlab/supportpackages/r2024a/3p.instrset/gnuarm-armcortex.instrset/win/bin/../lib/gcc/arm-none-eabi/11.3.1/thumb/v7e-m+fp/hard/crt0.o
LOAD stm_adc_ll.o
LOAD stm_timer_ll.o
LOAD xcp_ext_mode.o
LOAD mw_stm32_nvic.o
LOAD G431debug.o
LOAD G431debug_data.o
LOAD ert_main.o
LOAD rt_nonfinite.o
LOAD xcp_ext_common.o
LOAD xcp_ext_classic_trigger.o
LOAD xcp.o
LOAD xcp_standard.o
LOAD xcp_daq.o
LOAD xcp_calibration.o
LOAD xcp_fifo.o
LOAD xcp_transport.o
LOAD xcp_mem_default.o
LOAD xcp_drv_rtiostream.o
LOAD xcp_utils.o
LOAD xcp_frame_serial.o
LOAD xcp_ext_param_default_serial.o
LOAD overrideHALDelay.o
LOAD platform_timer.o
LOAD SysTickScheduler.o
LOAD m3m4m4f_multitasking.o
LOAD rtiostream_serial.o
LOAD stm_usart.o
LOAD stm_lpuart.o
LOAD sys_arch.o
LOAD main.o
LOAD stm32g4xx_it.o
LOAD stm32g4xx_hal_msp.o
LOAD stm32g4xx_hal_timebase_tim.o
LOAD stm32g4xx_ll_utils.o
LOAD stm32g4xx_ll_exti.o
LOAD stm32g4xx_ll_gpio.o
LOAD stm32g4xx_ll_adc.o
LOAD stm32g4xx_ll_dma.o
LOAD stm32g4xx_hal.o
LOAD stm32g4xx_hal_rcc.o
LOAD stm32g4xx_hal_rcc_ex.o
LOAD stm32g4xx_hal_flash.o
LOAD stm32g4xx_hal_flash_ex.o
LOAD stm32g4xx_hal_flash_ramfunc.o
LOAD stm32g4xx_hal_gpio.o
LOAD stm32g4xx_hal_exti.o
LOAD stm32g4xx_hal_dma.o
LOAD stm32g4xx_hal_dma_ex.o
LOAD stm32g4xx_hal_pwr.o
LOAD stm32g4xx_hal_pwr_ex.o
LOAD stm32g4xx_hal_cortex.o
LOAD stm32g4xx_ll_lpuart.o
LOAD stm32g4xx_ll_rcc.o
LOAD stm32g4xx_hal_tim.o
LOAD stm32g4xx_hal_tim_ex.o
LOAD stm32g4xx_ll_tim.o
LOAD system_stm32g4xx.o
LOAD syscalls.o
LOAD sysmem.o
LOAD startup_stm32g431rbtx.o
LOAD C:/ProgramData/MATLAB/SupportPackages/R2024a/3P.instrset/cmsis_dsp.instrset/Lib/GCC/arm_cortexm4ldfsp_math/libCMSISDSP.a
LOAD C:/ProgramData/MATLAB/SupportPackages/R2024a/toolbox/shared/supportpackages/stm32/lib/GCC/libmw_pdmfilter_m4_spfp.lib
LOAD c:/programdata/matlab/supportpackages/r2024a/3p.instrset/gnuarm-armcortex.instrset/win/bin/../lib/gcc/arm-none-eabi/11.3.1/thumb/v7e-m+fp/hard\libstdc++_nano.a
LOAD c:/programdata/matlab/supportpackages/r2024a/3p.instrset/gnuarm-armcortex.instrset/win/bin/../lib/gcc/arm-none-eabi/11.3.1/thumb/v7e-m+fp/hard\libm.a
START GROUP
LOAD c:/programdata/matlab/supportpackages/r2024a/3p.instrset/gnuarm-armcortex.instrset/win/bin/../lib/gcc/arm-none-eabi/11.3.1/thumb/v7e-m+fp/hard\libgcc.a
LOAD c:/programdata/matlab/supportpackages/r2024a/3p.instrset/gnuarm-armcortex.instrset/win/bin/../lib/gcc/arm-none-eabi/11.3.1/thumb/v7e-m+fp/hard\libg_nano.a
LOAD c:/programdata/matlab/supportpackages/r2024a/3p.instrset/gnuarm-armcortex.instrset/win/bin/../lib/gcc/arm-none-eabi/11.3.1/thumb/v7e-m+fp/hard\libc_nano.a
END GROUP
START GROUP
LOAD c:/programdata/matlab/supportpackages/r2024a/3p.instrset/gnuarm-armcortex.instrset/win/bin/../lib/gcc/arm-none-eabi/11.3.1/thumb/v7e-m+fp/hard\libgcc.a
LOAD c:/programdata/matlab/supportpackages/r2024a/3p.instrset/gnuarm-armcortex.instrset/win/bin/../lib/gcc/arm-none-eabi/11.3.1/thumb/v7e-m+fp/hard\libc_nano.a
LOAD c:/programdata/matlab/supportpackages/r2024a/3p.instrset/gnuarm-armcortex.instrset/win/bin/../lib/gcc/arm-none-eabi/11.3.1/thumb/v7e-m+fp/hard\libnosys.a
END GROUP
START GROUP
LOAD c:/programdata/matlab/supportpackages/r2024a/3p.instrset/gnuarm-armcortex.instrset/win/bin/../lib/gcc/arm-none-eabi/11.3.1/thumb/v7e-m+fp/hard\libgcc.a
LOAD c:/programdata/matlab/supportpackages/r2024a/3p.instrset/gnuarm-armcortex.instrset/win/bin/../lib/gcc/arm-none-eabi/11.3.1/thumb/v7e-m+fp/hard\libc_nano.a
LOAD c:/programdata/matlab/supportpackages/r2024a/3p.instrset/gnuarm-armcortex.instrset/win/bin/../lib/gcc/arm-none-eabi/11.3.1/thumb/v7e-m+fp/hard\libnosys.a
END GROUP
LOAD c:/programdata/matlab/supportpackages/r2024a/3p.instrset/gnuarm-armcortex.instrset/win/bin/../lib/gcc/arm-none-eabi/11.3.1/thumb/v7e-m+fp/hard/crtend.o
LOAD c:/programdata/matlab/supportpackages/r2024a/3p.instrset/gnuarm-armcortex.instrset/win/bin/../lib/gcc/arm-none-eabi/11.3.1/thumb/v7e-m+fp/hard/crtn.o
                0x20008000                _estack = (ORIGIN (RAM) + LENGTH (RAM))
                0x00000200                _Min_Heap_Size = 0x200
                0x00000400                _Min_Stack_Size = 0x400

.isr_vector     0x08000000      0x1d8
                0x08000000                . = ALIGN (0x4)
 *(.isr_vector)
 .isr_vector    0x08000000      0x1d8 startup_stm32g431rbtx.o
                0x08000000                g_pfnVectors
                0x080001d8                . = ALIGN (0x4)

.text           0x080001d8    0x12dc8
                0x080001d8                . = ALIGN (0x4)
 *(.text)
 .text          0x080001d8      0x378 c:/programdata/matlab/supportpackages/r2024a/3p.instrset/gnuarm-armcortex.instrset/win/bin/../lib/gcc/arm-none-eabi/11.3.1/thumb/v7e-m+fp/hard\libgcc.a(_arm_addsubdf3.o)
                0x080001d8                __aeabi_drsub
                0x080001e0                __aeabi_dsub
                0x080001e0                __subdf3
                0x080001e4                __aeabi_dadd
                0x080001e4                __adddf3
                0x0800045c                __floatunsidf
                0x0800045c                __aeabi_ui2d
                0x0800047c                __floatsidf
                0x0800047c                __aeabi_i2d
                0x080004a0                __aeabi_f2d
                0x080004a0                __extendsfdf2
                0x080004e4                __floatundidf
                0x080004e4                __aeabi_ul2d
                0x080004f4                __floatdidf
                0x080004f4                __aeabi_l2d
 .text          0x08000550      0x424 c:/programdata/matlab/supportpackages/r2024a/3p.instrset/gnuarm-armcortex.instrset/win/bin/../lib/gcc/arm-none-eabi/11.3.1/thumb/v7e-m+fp/hard\libgcc.a(_arm_muldivdf3.o)
                0x08000550                __aeabi_dmul
                0x08000550                __muldf3
                0x080007a4                __divdf3
                0x080007a4                __aeabi_ddiv
 .text          0x08000974      0x110 c:/programdata/matlab/supportpackages/r2024a/3p.instrset/gnuarm-armcortex.instrset/win/bin/../lib/gcc/arm-none-eabi/11.3.1/thumb/v7e-m+fp/hard\libgcc.a(_arm_cmpdf2.o)
                0x08000974                __gtdf2
                0x08000974                __gedf2
                0x0800097c                __ltdf2
                0x0800097c                __ledf2
                0x08000984                __nedf2
                0x08000984                __eqdf2
                0x08000984                __cmpdf2
                0x08000a00                __aeabi_cdrcmple
                0x08000a10                __aeabi_cdcmpeq
                0x08000a10                __aeabi_cdcmple
                0x08000a20                __aeabi_dcmpeq
                0x08000a34                __aeabi_dcmplt
                0x08000a48                __aeabi_dcmple
                0x08000a5c                __aeabi_dcmpge
                0x08000a70                __aeabi_dcmpgt
 .text          0x08000a84       0x2c c:/programdata/matlab/supportpackages/r2024a/3p.instrset/gnuarm-armcortex.instrset/win/bin/../lib/gcc/arm-none-eabi/11.3.1/thumb/v7e-m+fp/hard\libgcc.a(_arm_unorddf2.o)
                0x08000a84                __unorddf2
                0x08000a84                __aeabi_dcmpun
 .text          0x08000ab0       0x40 c:/programdata/matlab/supportpackages/r2024a/3p.instrset/gnuarm-armcortex.instrset/win/bin/../lib/gcc/arm-none-eabi/11.3.1/thumb/v7e-m+fp/hard\libgcc.a(_arm_fixunsdfsi.o)
                0x08000ab0                __aeabi_d2uiz
                0x08000ab0                __fixunsdfsi
 .text          0x08000af0       0xa0 c:/programdata/matlab/supportpackages/r2024a/3p.instrset/gnuarm-armcortex.instrset/win/bin/../lib/gcc/arm-none-eabi/11.3.1/thumb/v7e-m+fp/hard\libgcc.a(_arm_truncdfsf2.o)
                0x08000af0                __truncdfsf2
                0x08000af0                __aeabi_d2f
 .text          0x08000b90       0x30 c:/programdata/matlab/supportpackages/r2024a/3p.instrset/gnuarm-armcortex.instrset/win/bin/../lib/gcc/arm-none-eabi/11.3.1/thumb/v7e-m+fp/hard\libgcc.a(_aeabi_uldivmod.o)
                0x08000b90                __aeabi_uldivmod
 .text          0x08000bc0        0x4 c:/programdata/matlab/supportpackages/r2024a/3p.instrset/gnuarm-armcortex.instrset/win/bin/../lib/gcc/arm-none-eabi/11.3.1/thumb/v7e-m+fp/hard\libgcc.a(_dvmd_tls.o)
                0x08000bc0                __aeabi_idiv0
                0x08000bc0                __aeabi_ldiv0
 *(.text*)
 .text.deregister_tm_clones
                0x08000bc4       0x1c c:/programdata/matlab/supportpackages/r2024a/3p.instrset/gnuarm-armcortex.instrset/win/bin/../lib/gcc/arm-none-eabi/11.3.1/thumb/v7e-m+fp/hard/crtbegin.o
 .text.register_tm_clones
                0x08000be0       0x24 c:/programdata/matlab/supportpackages/r2024a/3p.instrset/gnuarm-armcortex.instrset/win/bin/../lib/gcc/arm-none-eabi/11.3.1/thumb/v7e-m+fp/hard/crtbegin.o
 .text.__do_global_dtors_aux
                0x08000c04       0x28 c:/programdata/matlab/supportpackages/r2024a/3p.instrset/gnuarm-armcortex.instrset/win/bin/../lib/gcc/arm-none-eabi/11.3.1/thumb/v7e-m+fp/hard/crtbegin.o
 .text.frame_dummy
                0x08000c2c       0x24 c:/programdata/matlab/supportpackages/r2024a/3p.instrset/gnuarm-armcortex.instrset/win/bin/../lib/gcc/arm-none-eabi/11.3.1/thumb/v7e-m+fp/hard/crtbegin.o
 .text.LL_ADC_REG_IsTriggerSourceSWStart
                0x08000c50       0x26 stm_adc_ll.o
 .text.LL_ADC_REG_SetSequencerLength
                0x08000c76       0x26 stm_adc_ll.o
 .text.LL_ADC_REG_SetDMATransfer
                0x08000c9c       0x26 stm_adc_ll.o
 .text.LL_ADC_INJ_IsTriggerSourceSWStart
                0x08000cc2       0x26 stm_adc_ll.o
 .text.LL_ADC_Enable
                0x08000ce8       0x28 stm_adc_ll.o
 .text.LL_ADC_Disable
                0x08000d10       0x28 stm_adc_ll.o
 .text.LL_ADC_IsEnabled
                0x08000d38       0x26 stm_adc_ll.o
 .text.LL_ADC_REG_StartConversion
                0x08000d5e       0x28 stm_adc_ll.o
 .text.LL_ADC_INJ_StartConversion
                0x08000d86       0x28 stm_adc_ll.o
 .text.LL_ADC_IsActiveFlag_JEOS
                0x08000dae       0x26 stm_adc_ll.o
 .text.LL_ADC_ClearFlag_JEOS
                0x08000dd4       0x1a stm_adc_ll.o
 .text.LL_ADC_EnableIT_EOS
                0x08000dee       0x20 stm_adc_ll.o
 .text.LL_ADC_EnableIT_JEOS
                0x08000e0e       0x20 stm_adc_ll.o
 .text.LL_ADC_DisableIT_EOS
                0x08000e2e       0x20 stm_adc_ll.o
 .text.LL_ADC_DisableIT_OVR
                0x08000e4e       0x20 stm_adc_ll.o
 .text.LL_ADC_DisableIT_JEOS
                0x08000e6e       0x20 stm_adc_ll.o
 .text.LL_ADC_DisableIT_AWD1
                0x08000e8e       0x20 stm_adc_ll.o
 .text.LL_ADC_IsEnabledIT_OVR
                0x08000eae       0x26 stm_adc_ll.o
 .text.LL_ADC_IsEnabledIT_AWD1
                0x08000ed4       0x26 stm_adc_ll.o
 .text.injectedADCTrigger
                0x08000efa       0x70 stm_adc_ll.o
 .text.injectedOnlyReadADC
                0x08000f6a       0x4c stm_adc_ll.o
 .text.configure_ADCs_DMA
                0x08000fb6       0x1a stm_adc_ll.o
 .text.deconfigure_ADCs_DMA
                0x08000fd0       0x18 stm_adc_ll.o
 .text.ADC_IsActiveFlagJEOS
                0x08000fe8       0x36 stm_adc_ll.o
                0x08000fe8                ADC_IsActiveFlagJEOS
 .text.startADCConversionForExternalTrigger
                0x0800101e       0x50 stm_adc_ll.o
                0x0800101e                startADCConversionForExternalTrigger
 *fill*         0x0800106e        0x2 
 .text.ADC_Handle_Init
                0x08001070      0x118 stm_adc_ll.o
                0x08001070                ADC_Handle_Init
 .text.enableADC
                0x08001188       0x2a stm_adc_ll.o
                0x08001188                enableADC
 .text.injectedReadADCIntr
                0x080011b2       0xbc stm_adc_ll.o
                0x080011b2                injectedReadADCIntr
 .text.ADC_Handle_Deinit
                0x0800126e       0xee stm_adc_ll.o
                0x0800126e                ADC_Handle_Deinit
 .text.LL_TIM_GetCounterMode
                0x0800135c       0x30 stm_timer_ll.o
 .text.LL_TIM_GetRepetitionCounter
                0x0800138c       0x18 stm_timer_ll.o
 .text.LL_TIM_CC_EnableChannel
                0x080013a4       0x22 stm_timer_ll.o
 .text.LL_TIM_CC_DisableChannel
                0x080013c6       0x24 stm_timer_ll.o
 .text.LL_TIM_IC_GetCaptureCH1
                0x080013ea       0x18 stm_timer_ll.o
 .text.LL_TIM_IC_GetCaptureCH3
                0x08001402       0x18 stm_timer_ll.o
 .text.LL_TIM_IC_GetCaptureCH4
                0x0800141a       0x18 stm_timer_ll.o
 .text.LL_TIM_EnableAllOutputs
                0x08001432       0x20 stm_timer_ll.o
 .text.LL_TIM_ClearFlag_CC1
                0x08001452       0x1c stm_timer_ll.o
 .text.LL_TIM_IsActiveFlag_CC1
                0x0800146e       0x26 stm_timer_ll.o
 .text.LL_TIM_ClearFlag_CC3
                0x08001494       0x1c stm_timer_ll.o
 .text.LL_TIM_IsActiveFlag_CC3
                0x080014b0       0x26 stm_timer_ll.o
 .text.LL_TIM_ClearFlag_CC4
                0x080014d6       0x1c stm_timer_ll.o
 .text.LL_TIM_IsActiveFlag_CC4
                0x080014f2       0x26 stm_timer_ll.o
 .text.LL_TIM_ClearFlag_CC1OVR
                0x08001518       0x1c stm_timer_ll.o
 .text.LL_TIM_IsActiveFlag_CC1OVR
                0x08001534       0x28 stm_timer_ll.o
 .text.LL_TIM_ClearFlag_CC3OVR
                0x0800155c       0x1c stm_timer_ll.o
 .text.LL_TIM_IsActiveFlag_CC3OVR
                0x08001578       0x28 stm_timer_ll.o
 .text.LL_TIM_ClearFlag_CC4OVR
                0x080015a0       0x1c stm_timer_ll.o
 .text.LL_TIM_IsActiveFlag_CC4OVR
                0x080015bc       0x28 stm_timer_ll.o
 .text.LL_TIM_EnableIT_UPDATE
                0x080015e4       0x20 stm_timer_ll.o
 .text.LL_TIM_DisableIT_UPDATE
                0x08001604       0x20 stm_timer_ll.o
 .text.LL_TIM_IsEnabledIT_UPDATE
                0x08001624       0x26 stm_timer_ll.o
 .text.LL_TIM_EnableIT_CC1
                0x0800164a       0x20 stm_timer_ll.o
 .text.LL_TIM_DisableIT_CC1
                0x0800166a       0x20 stm_timer_ll.o
 .text.LL_TIM_IsEnabledIT_CC1
                0x0800168a       0x26 stm_timer_ll.o
 .text.LL_TIM_EnableIT_CC2
                0x080016b0       0x20 stm_timer_ll.o
 .text.LL_TIM_DisableIT_CC2
                0x080016d0       0x20 stm_timer_ll.o
 .text.LL_TIM_IsEnabledIT_CC2
                0x080016f0       0x26 stm_timer_ll.o
 .text.LL_TIM_EnableIT_CC3
                0x08001716       0x20 stm_timer_ll.o
 .text.LL_TIM_DisableIT_CC3
                0x08001736       0x20 stm_timer_ll.o
 .text.LL_TIM_IsEnabledIT_CC3
                0x08001756       0x26 stm_timer_ll.o
 .text.LL_TIM_EnableIT_CC4
                0x0800177c       0x20 stm_timer_ll.o
 .text.LL_TIM_DisableIT_CC4
                0x0800179c       0x20 stm_timer_ll.o
 .text.LL_TIM_IsEnabledIT_CC4
                0x080017bc       0x26 stm_timer_ll.o
 .text.LL_TIM_EnableIT_COM
                0x080017e2       0x20 stm_timer_ll.o
 .text.LL_TIM_DisableIT_COM
                0x08001802       0x20 stm_timer_ll.o
 .text.LL_TIM_IsEnabledIT_COM
                0x08001822       0x26 stm_timer_ll.o
 .text.LL_TIM_EnableIT_TRIG
                0x08001848       0x20 stm_timer_ll.o
 .text.LL_TIM_DisableIT_TRIG
                0x08001868       0x20 stm_timer_ll.o
 .text.LL_TIM_IsEnabledIT_TRIG
                0x08001888       0x26 stm_timer_ll.o
 .text.LL_TIM_EnableIT_BRK
                0x080018ae       0x20 stm_timer_ll.o
 .text.LL_TIM_DisableIT_BRK
                0x080018ce       0x20 stm_timer_ll.o
 .text.LL_TIM_IsEnabledIT_BRK
                0x080018ee       0x26 stm_timer_ll.o
 .text.LL_TIM_EnableIT_TERR
                0x08001914       0x20 stm_timer_ll.o
 .text.LL_TIM_DisableIT_TERR
                0x08001934       0x20 stm_timer_ll.o
 .text.LL_TIM_IsEnabledIT_TERR
                0x08001954       0x28 stm_timer_ll.o
 .text.LL_TIM_EnableIT_IERR
                0x0800197c       0x20 stm_timer_ll.o
 .text.LL_TIM_DisableIT_IERR
                0x0800199c       0x20 stm_timer_ll.o
 .text.LL_TIM_IsEnabledIT_IERR
                0x080019bc       0x28 stm_timer_ll.o
 .text.LL_TIM_EnableIT_DIR
                0x080019e4       0x20 stm_timer_ll.o
 .text.LL_TIM_DisableIT_DIR
                0x08001a04       0x20 stm_timer_ll.o
 .text.LL_TIM_IsEnabledIT_DIR
                0x08001a24       0x28 stm_timer_ll.o
 .text.LL_TIM_EnableIT_IDX
                0x08001a4c       0x20 stm_timer_ll.o
 .text.LL_TIM_DisableIT_IDX
                0x08001a6c       0x20 stm_timer_ll.o
 .text.LL_TIM_IsEnabledIT_IDX
                0x08001a8c       0x28 stm_timer_ll.o
 .text.TIM_IsActiveFlag_CC1
                0x08001ab4       0x38 stm_timer_ll.o
                0x08001ab4                TIM_IsActiveFlag_CC1
 .text.TIM_IsActiveFlag_CC3
                0x08001aec       0x38 stm_timer_ll.o
                0x08001aec                TIM_IsActiveFlag_CC3
 .text.TIM_IsActiveFlag_CC4
                0x08001b24       0x38 stm_timer_ll.o
                0x08001b24                TIM_IsActiveFlag_CC4
 .text.enableTimerInterrupts
                0x08001b5c      0x1c4 stm_timer_ll.o
                0x08001b5c                enableTimerInterrupts
 .text.disableTimerInterrupts
                0x08001d20      0x1c4 stm_timer_ll.o
                0x08001d20                disableTimerInterrupts
 .text.enableTimerChannel1
                0x08001ee4       0xa0 stm_timer_ll.o
                0x08001ee4                enableTimerChannel1
 .text.disableTimerChannel1
                0x08001f84       0xa0 stm_timer_ll.o
                0x08001f84                disableTimerChannel1
 .text.enableTimerChannel2
                0x08002024       0xa0 stm_timer_ll.o
                0x08002024                enableTimerChannel2
 .text.disableTimerChannel2
                0x080020c4       0xa0 stm_timer_ll.o
                0x080020c4                disableTimerChannel2
 .text.enableTimerChannel3
                0x08002164       0xa8 stm_timer_ll.o
                0x08002164                enableTimerChannel3
 .text.disableTimerChannel3
                0x0800220c       0xa8 stm_timer_ll.o
                0x0800220c                disableTimerChannel3
 .text.enableTimerChannel4
                0x080022b4       0xa8 stm_timer_ll.o
                0x080022b4                enableTimerChannel4
 .text.disableTimerChannel4
                0x0800235c       0xa8 stm_timer_ll.o
                0x0800235c                disableTimerChannel4
 .text.Timer_Handle_Init
                0x08002404      0x110 stm_timer_ll.o
                0x08002404                Timer_Handle_Init
 .text.getCCR1RegisterValuePollingMode
                0x08002514       0x92 stm_timer_ll.o
                0x08002514                getCCR1RegisterValuePollingMode
 .text.getCCR3RegisterValuePollingMode
                0x080025a6       0x92 stm_timer_ll.o
                0x080025a6                getCCR3RegisterValuePollingMode
 .text.getCCR4RegisterValuePollingMode
                0x08002638       0x92 stm_timer_ll.o
                0x08002638                getCCR4RegisterValuePollingMode
 .text.extmodeParseArgs
                0x080026ca       0x1e xcp_ext_mode.o
                0x080026ca                extmodeParseArgs
 .text.extmodeInit
                0x080026e8      0x128 xcp_ext_mode.o
                0x080026e8                extmodeInit
 .text.extmodeWaitForHostRequest
                0x08002810       0xcc xcp_ext_mode.o
                0x08002810                extmodeWaitForHostRequest
 .text.extmodeEvent
                0x080028dc       0xfc xcp_ext_mode.o
                0x080028dc                extmodeEvent
 .text.extmodeBackgroundRun
                0x080029d8       0x20 xcp_ext_mode.o
                0x080029d8                extmodeBackgroundRun
 .text.extmodeReset
                0x080029f8       0x40 xcp_ext_mode.o
                0x080029f8                extmodeReset
 .text.extmodeStopRequested
                0x08002a38       0x18 xcp_ext_mode.o
                0x08002a38                extmodeStopRequested
 .text.extmodeSimulationComplete
                0x08002a50       0x18 xcp_ext_mode.o
                0x08002a50                extmodeSimulationComplete
 .text.__NVIC_SetPriority
                0x08002a68       0x54 mw_stm32_nvic.o
 .text.MW_NVIC_ConfigureIRQ
                0x08002abc       0x26 mw_stm32_nvic.o
                0x08002abc                MW_NVIC_ConfigureIRQ
 .text.MW_HWI_MaskInterrupt
                0x08002ae2       0x2a mw_stm32_nvic.o
                0x08002ae2                MW_HWI_MaskInterrupt
 .text.__NVIC_EnableIRQ
                0x08002b0c       0x3c G431debug.o
 .text.__NVIC_DisableIRQ
                0x08002b48       0x48 G431debug.o
 .text.LL_ADC_ClearFlag_JEOS
                0x08002b90       0x1a G431debug.o
 .text.LL_ADC_IsEnabledIT_JEOS
                0x08002baa       0x26 G431debug.o
 .text.LL_TIM_EnableCounter
                0x08002bd0       0x20 G431debug.o
 .text.LL_TIM_DisableCounter
                0x08002bf0       0x20 G431debug.o
 .text.LL_TIM_SetUpdateSource
                0x08002c10       0x26 G431debug.o
 .text.LL_TIM_GetUpdateSource
                0x08002c36       0x1c G431debug.o
 .text.LL_TIM_GetAutoReload
                0x08002c52       0x18 G431debug.o
 .text.LL_TIM_SetRepetitionCounter
                0x08002c6a       0x1c G431debug.o
 .text.LL_TIM_OC_SetCompareCH1
                0x08002c86       0x1c G431debug.o
 .text.LL_TIM_OC_SetCompareCH2
                0x08002ca2       0x1c G431debug.o
 .text.LL_TIM_OC_SetCompareCH3
                0x08002cbe       0x1c G431debug.o
 .text.LL_TIM_OC_GetCompareCH1
                0x08002cda       0x18 G431debug.o
 .text.LL_TIM_OC_GetCompareCH2
                0x08002cf2       0x18 G431debug.o
 .text.LL_TIM_OC_GetCompareCH3
                0x08002d0a       0x18 G431debug.o
 .text.LL_TIM_ClearFlag_CC1
                0x08002d22       0x1c G431debug.o
 .text.LL_TIM_ClearFlag_CC3
                0x08002d3e       0x1c G431debug.o
 .text.LL_TIM_ClearFlag_CC4
                0x08002d5a       0x1c G431debug.o
 .text.LL_TIM_IsEnabledIT_CC1
                0x08002d76       0x26 G431debug.o
 .text.LL_TIM_IsEnabledIT_CC3
                0x08002d9c       0x26 G431debug.o
 .text.LL_TIM_IsEnabledIT_CC4
                0x08002dc2       0x26 G431debug.o
 .text.LL_TIM_GenerateEvent_UPDATE
                0x08002de8       0x20 G431debug.o
 .text.LL_GPIO_ReadInputPort
                0x08002e08       0x18 G431debug.o
 .text.LL_GPIO_SetOutputPin
                0x08002e20       0x1c G431debug.o
 .text.LL_GPIO_ResetOutputPin
                0x08002e3c       0x1c G431debug.o
 .text.convertDutyCyclePercentageToCounts
                0x08002e58       0x88 G431debug.o
 .text.setDutyCycleChannel1
                0x08002ee0       0x30 G431debug.o
 .text.setDutyCycleChannel2
                0x08002f10       0x30 G431debug.o
 .text.setDutyCycleChannel3
                0x08002f40       0x30 G431debug.o
 .text.setDutyCycleInPercentageChannel1
                0x08002f70       0x28 G431debug.o
 .text.setDutyCycleInPercentageChannel2
                0x08002f98       0x28 G431debug.o
 .text.setDutyCycleInPercentageChannel3
                0x08002fc0       0x28 G431debug.o
 .text.isSlaveTriggerModeEnabled
                0x08002fe8       0x30 G431debug.o
 .text.enableCounter
                0x08003018      0x100 G431debug.o
 .text.disableCounter
                0x08003118       0x1a G431debug.o
 *fill*         0x08003132        0x2 
 .text.G431debug_SetEventsForThisBaseStep
                0x08003134       0x30 G431debug.o
                0x08003134                G431debug_SetEventsForThisBaseStep
 .text.rate_monotonic_scheduler
                0x08003164       0x34 G431debug.o
 .text.G431debug_HallValueof1
                0x08003198       0x1e G431debug.o
                0x08003198                G431debug_HallValueof1
 .text.G431debug_SystemCore_setup
                0x080031b6       0x7a G431debug.o
 .text.G431debug_PWMOutput_setupImpl
                0x08003230       0x84 G431debug.o
 .text.G431debu_IfActionSubsystem6
                0x080032b4       0x2a G431debug.o
                0x080032b4                G431debu_IfActionSubsystem6
 .text.G431debug_IfActionSubsystem
                0x080032de       0x28 G431debug.o
                0x080032de                G431debug_IfActionSubsystem
 .text.G431debug_ValidHalls_Init
                0x08003306       0x38 G431debug.o
                0x08003306                G431debug_ValidHalls_Init
 *fill*         0x0800333e        0x2 
 .text.G431debug_ValidHalls
                0x08003340      0x140 G431debug.o
                0x08003340                G431debug_ValidHalls
 .text.Badhallglitchorwrongconnect
                0x08003480       0x32 G431debug.o
                0x08003480                Badhallglitchorwrongconnect
 *fill*         0x080034b2        0x2 
 .text.G431debug_SystemCore_setup_i
                0x080034b4       0x78 G431debug.o
 .text.G431debug_SystemCore_setup_g
                0x0800352c       0x78 G431debug.o
 .text.G431debug_SystemCore_setup_i2
                0x080035a4       0x78 G431debug.o
 .text.G431debug_step0
                0x0800361c       0x6c G431debug.o
                0x0800361c                G431debug_step0
 .text.G431debug_step1
                0x08003688       0xec G431debug.o
                0x08003688                G431debug_step1
 *fill*         0x08003774        0x4 
 .text.G431debug_initialize
                0x08003778      0x7e0 G431debug.o
                0x08003778                G431debug_initialize
 .text.G431debug_terminate
                0x08003f58      0x164 G431debug.o
                0x08003f58                G431debug_terminate
 .text.G431debug_configure_interrupts
                0x080040bc       0x30 G431debug.o
                0x080040bc                G431debug_configure_interrupts
 *fill*         0x080040ec        0x4 
 .text.ADC1_2_IRQHandler
                0x080040f0     0x1c7c G431debug.o
                0x080040f0                ADC1_2_IRQHandler
 *fill*         0x08005d6c        0x4 
 .text.TIM3_IRQHandler
                0x08005d70      0x970 G431debug.o
                0x08005d70                TIM3_IRQHandler
 .text.G431debug_unconfigure_interrupts
                0x080066e0       0x14 G431debug.o
                0x080066e0                G431debug_unconfigure_interrupts
 *fill*         0x080066f4        0x4 
 .text.rt_OneStep
                0x080066f8      0x128 ert_main.o
                0x080066f8                rt_OneStep
 .text.main     0x08006820      0x194 ert_main.o
                0x08006820                main
 .text.rtIsInf  0x080069b4       0x48 rt_nonfinite.o
                0x080069b4                rtIsInf
 .text.rtIsInfF
                0x080069fc       0x4c rt_nonfinite.o
                0x080069fc                rtIsInfF
 .text.rtIsNaN  0x08006a48       0x2a rt_nonfinite.o
                0x08006a48                rtIsNaN
 .text.rtIsNaNF
                0x08006a72       0x2e rt_nonfinite.o
                0x08006a72                rtIsNaNF
 .text.xcp_void_printf
                0x08006aa0       0x12 xcp_ext_common.o
                0x08006aa0                xcp_void_printf
 .text.xcpCopyTimeValue
                0x08006ab2       0x26 xcp_ext_common.o
 .text.xcpExtModeUpdateTime
                0x08006ad8      0x13c xcp_ext_common.o
                0x08006ad8                xcpExtModeUpdateTime
 .text.xcpExtModeInit
                0x08006c14       0x9c xcp_ext_common.o
                0x08006c14                xcpExtModeInit
 .text.xcpExtModeRunBackground
                0x08006cb0      0x13c xcp_ext_common.o
                0x08006cb0                xcpExtModeRunBackground
 .text.xcpExtModeReset
                0x08006dec      0x128 xcp_ext_common.o
                0x08006dec                xcpExtModeReset
 .text.sampleSignalTrigger
                0x08006f14      0x1b4 xcp_ext_classic_trigger.o
 .text.updateTriggerStatus
                0x080070c8      0x2b8 xcp_ext_classic_trigger.o
 .text.xcpExtModeClassicTriggerInit
                0x08007380       0x68 xcp_ext_classic_trigger.o
                0x08007380                xcpExtModeClassicTriggerInit
 .text.xcpExtModeClassicTriggerEnabled
                0x080073e8      0x100 xcp_ext_classic_trigger.o
                0x080073e8                xcpExtModeClassicTriggerEnabled
 .text.xcpExtModeClassicTriggerReset
                0x080074e8       0xf4 xcp_ext_classic_trigger.o
                0x080074e8                xcpExtModeClassicTriggerReset
 .text.xcpExtModeClassicTriggerForceEnableStatusUpdate
                0x080075dc       0x80 xcp_ext_classic_trigger.o
                0x080075dc                xcpExtModeClassicTriggerForceEnableStatusUpdate
 .text.msgBufferRealloc
                0x0800765c       0x72 xcp.o
 *fill*         0x080076ce        0x2 
 .text.discardInputPacketHandler
                0x080076d0       0x3c xcp.o
 .text.unknownInputPacketHandler
                0x0800770c       0x34 xcp.o
 .text.xcpGetPacketGroupID
                0x08007740       0x74 xcp.o
 .text.xcpGetPacketHandlers
                0x080077b4      0x124 xcp.o
 .text.xcpStatusSet
                0x080078d8       0x20 xcp.o
                0x080078d8                xcpStatusSet
 .text.xcpSessionStatusGet
                0x080078f8       0x18 xcp.o
                0x080078f8                xcpSessionStatusGet
 .text.xcpSessionStatusSetMask
                0x08007910       0x28 xcp.o
                0x08007910                xcpSessionStatusSetMask
 .text.xcpSessionStatusClearMask
                0x08007938       0x34 xcp.o
                0x08007938                xcpSessionStatusClearMask
 .text.xcpResourceProtectionStatusGet
                0x0800796c       0x18 xcp.o
                0x0800796c                xcpResourceProtectionStatusGet
 .text.xcpSessionConfigurationIdGet
                0x08007984       0x18 xcp.o
                0x08007984                xcpSessionConfigurationIdGet
 .text.genericOutputPacketHandler
                0x0800799c      0x11c xcp.o
                0x0800799c                genericOutputPacketHandler
 .text.xcpFindPacket
                0x08007ab8       0x6e xcp.o
                0x08007ab8                xcpFindPacket
 *fill*         0x08007b26        0x2 
 .text.xcpInit  0x08007b28       0x64 xcp.o
                0x08007b28                xcpInit
 .text.xcpRun   0x08007b8c      0x194 xcp.o
                0x08007b8c                xcpRun
 .text.xcpEvent
                0x08007d20       0x50 xcp.o
                0x08007d20                xcpEvent
 .text.xcpGetStatus
                0x08007d70       0x18 xcp.o
                0x08007d70                xcpGetStatus
 .text.xcpReset
                0x08007d88       0x40 xcp.o
                0x08007d88                xcpReset
 .text.xcpPackedModeEventsFlush
                0x08007dc8       0x1e xcp.o
                0x08007dc8                xcpPackedModeEventsFlush
 .text.xcpPackedModeEventReset
                0x08007de6       0x2a xcp.o
                0x08007de6                xcpPackedModeEventReset
 .text.isValidUploadSize
                0x08007e10       0x30 xcp_standard.o
 .text.xcpMemcpyFromMTA
                0x08007e40       0x38 xcp_standard.o
 .text.connectInputPacketHandler
                0x08007e78       0xa4 xcp_standard.o
 .text.connectOutputPacketHandler
                0x08007f1c       0xd4 xcp_standard.o
 .text.disconnectInputPacketHandler
                0x08007ff0       0x54 xcp_standard.o
 .text.getStatusInputPacketHandler
                0x08008044       0x28 xcp_standard.o
 .text.getStatusOutputPacketHandler
                0x0800806c       0x80 xcp_standard.o
 .text.synchInputPacketHandler
                0x080080ec       0x44 xcp_standard.o
 .text.setMTAInputPacketHandler
                0x08008130       0x78 xcp_standard.o
 .text.uploadInputPacketHandler
                0x080081a8       0x98 xcp_standard.o
 .text.uploadOutputPacketHandler
                0x08008240       0x9c xcp_standard.o
 .text.shortUploadInputPacketHandler
                0x080082dc       0xa4 xcp_standard.o
 .text.shortUploadOutputPacketHandler
                0x08008380       0x9c xcp_standard.o
 .text.getPacket
                0x0800841c       0x24 xcp_standard.o
 .text.xcpStandardInit
                0x08008440       0x18 xcp_standard.o
                0x08008440                xcpStandardInit
 .text.xcpStandardGetPacketLookup
                0x08008458       0x18 xcp_standard.o
                0x08008458                xcpStandardGetPacketLookup
 .text.xcpStandardSetPacketLookup
                0x08008470       0x20 xcp_standard.o
                0x08008470                xcpStandardSetPacketLookup
 .text.xcpStandardReset
                0x08008490       0x12 xcp_standard.o
                0x08008490                xcpStandardReset
 *fill*         0x080084a2        0x2 
 .text.xcpStandardGetAddressFromMta
                0x080084a4       0x18 xcp_standard.o
                0x080084a4                xcpStandardGetAddressFromMta
 .text.xcpStandardSetMta
                0x080084bc       0x3c xcp_standard.o
                0x080084bc                xcpStandardSetMta
 .text.xcpStandardIncrementMta
                0x080084f8       0x28 xcp_standard.o
                0x080084f8                xcpStandardIncrementMta
 .text.xcpStandardExtendedInit
                0x08008520        0xe xcp_standard.o
                0x08008520                xcpStandardExtendedInit
 .text.xcpStandardExtendedReset
                0x0800852e        0xe xcp_standard.o
                0x0800852e                xcpStandardExtendedReset
 .text.xcpDaqWriteLock
                0x0800853c       0x4c xcp_daq.o
 .text.xcpDaqWriteUnlock
                0x08008588       0x20 xcp_daq.o
 .text.xcpDaqReadLock
                0x080085a8       0x38 xcp_daq.o
 .text.xcpDaqReadUnlock
                0x080085e0       0x38 xcp_daq.o
 .text.isActiveDaqList
                0x08008618       0x50 xcp_daq.o
 .text.noActiveDaqLists
                0x08008668       0x50 xcp_daq.o
 .text.isValidDaqPtr
                0x080086b8       0xb8 xcp_daq.o
 .text.isValidDaqEntry
                0x08008770       0x36 xcp_daq.o
 .text.isSupportedDaqListMode
                0x080087a6       0x26 xcp_daq.o
 .text.isValidStartStopMode
                0x080087cc       0x32 xcp_daq.o
 .text.isValidStartStopSynchMode
                0x080087fe       0x32 xcp_daq.o
 .text.absoluteOdtNumberIdentification
                0x08008830       0x10 xcp_daq.o
 .text.isDaqPackedModeEnabled
                0x08008840       0x6c xcp_daq.o
 .text.odtPacketSize
                0x080088ac       0x54 xcp_daq.o
 .text.createDaqReservedPool
                0x08008900       0x88 xcp_daq.o
 .text.destroyDaqReservedPool
                0x08008988       0x2c xcp_daq.o
 .text.setDaqPtrInputPacketHandler
                0x080089b4       0xdc xcp_daq.o
 .text.writeDaqInputPacketHandler
                0x08008a90      0x198 xcp_daq.o
 .text.setDaqListModeInputPacketHandler
                0x08008c28      0x1c8 xcp_daq.o
 .text.startStopDaqListInputPacketHandler
                0x08008df0      0x3f4 xcp_daq.o
 .text.startStopDaqListOutputPacketHandler
                0x080091e4       0x5c xcp_daq.o
 .text.startStopSynchInputPacketHandler
                0x08009240      0x328 xcp_daq.o
 .text.getDaqProcessorInfoInputPacketHandler
                0x08009568       0x28 xcp_daq.o
 .text.getDaqProcessorInfoOutputPacketHandler
                0x08009590       0xac xcp_daq.o
 .text.getDaqResolutionInfoInputPacketHandler
                0x0800963c       0x28 xcp_daq.o
 .text.getDaqResolutionInfoOutputPacketHandler
                0x08009664       0xb8 xcp_daq.o
 .text.freeDaqInputPacketHandler
                0x0800971c       0x5c xcp_daq.o
 .text.allocDaqInputPacketHandler
                0x08009778      0x18c xcp_daq.o
 .text.allocOdtInputPacketHandler
                0x08009904      0x1c0 xcp_daq.o
 .text.allocOdtEntryInputPacketHandler
                0x08009ac4      0x270 xcp_daq.o
 .text.getDaqClockInputPacketHandler
                0x08009d34       0x22 xcp_daq.o
 *fill*         0x08009d56        0x2 
 .text.setDaqPackedModeInputPacketHandler
                0x08009d58      0x21c xcp_daq.o
 .text.level1CommandInputPacketHandler
                0x08009f74       0x64 xcp_daq.o
 .text.getPacket
                0x08009fd8       0x24 xcp_daq.o
 .text.xcpDaqInit
                0x08009ffc       0x38 xcp_daq.o
                0x08009ffc                xcpDaqInit
 .text.xcpDaqGetPacketLookup
                0x0800a034       0x18 xcp_daq.o
                0x0800a034                xcpDaqGetPacketLookup
 .text.xcpDaqSetPacketLookup
                0x0800a04c       0x20 xcp_daq.o
                0x0800a04c                xcpDaqSetPacketLookup
 .text.xcpResetDaq
                0x0800a06c       0xa4 xcp_daq.o
 .text.daqWriteXCPDataForOdt
                0x0800a110       0x7c xcp_daq.o
 .text.odtWriteEntries
                0x0800a18c       0x9c xcp_daq.o
 .text.xcpProcessDaq
                0x0800a228      0x208 xcp_daq.o
 .text.xcpDaqEvent
                0x0800a430      0x108 xcp_daq.o
                0x0800a430                xcpDaqEvent
 .text.xcpDaqEventsFlush
                0x0800a538      0x284 xcp_daq.o
                0x0800a538                xcpDaqEventsFlush
 .text.xcpDaqLock
                0x0800a7bc       0x1e xcp_daq.o
                0x0800a7bc                xcpDaqLock
 .text.xcpDaqUnlock
                0x0800a7da        0xe xcp_daq.o
                0x0800a7da                xcpDaqUnlock
 .text.xcpResetDaqListStatus
                0x0800a7e8      0x19c xcp_daq.o
                0x0800a7e8                xcpResetDaqListStatus
 .text.xcpDaqReset
                0x0800a984       0x20 xcp_daq.o
                0x0800a984                xcpDaqReset
 .text.xcpDaqExtendedInit
                0x0800a9a4        0xe xcp_daq.o
                0x0800a9a4                xcpDaqExtendedInit
 .text.xcpDaqExtendedReset
                0x0800a9b2        0xe xcp_daq.o
                0x0800a9b2                xcpDaqExtendedReset
 .text.isValidShortDownloadSize
                0x0800a9c0       0x34 xcp_calibration.o
 .text.isValidDownloadSize
                0x0800a9f4       0x3a xcp_calibration.o
 *fill*         0x0800aa2e        0x2 
 .text.xcpMemcpyToMTA
                0x0800aa30       0x34 xcp_calibration.o
 .text.downloadInputPacketHandler
                0x0800aa64       0xb0 xcp_calibration.o
 .text.shortDownloadInputPacketHandler
                0x0800ab14       0xb8 xcp_calibration.o
 .text.getPacket
                0x0800abcc       0x24 xcp_calibration.o
 .text.xcpCalibrationInit
                0x0800abf0       0x14 xcp_calibration.o
                0x0800abf0                xcpCalibrationInit
 .text.xcpCalibrationGetPacketLookup
                0x0800ac04       0x18 xcp_calibration.o
                0x0800ac04                xcpCalibrationGetPacketLookup
 .text.xcpCalibrationSetPacketLookup
                0x0800ac1c       0x20 xcp_calibration.o
                0x0800ac1c                xcpCalibrationSetPacketLookup
 .text.xcpCalibrationReset
                0x0800ac3c        0xe xcp_calibration.o
                0x0800ac3c                xcpCalibrationReset
 .text.xcpFifoInit
                0x0800ac4a       0x20 xcp_fifo.o
                0x0800ac4a                xcpFifoInit
 .text.xcpFifoEnqueue
                0x0800ac6a       0x2a xcp_fifo.o
                0x0800ac6a                xcpFifoEnqueue
 .text.xcpFifoDequeue
                0x0800ac94       0x3e xcp_fifo.o
                0x0800ac94                xcpFifoDequeue
 .text.xcpFifoEnqueueHead
                0x0800acd2       0x32 xcp_fifo.o
                0x0800acd2                xcpFifoEnqueueHead
 .text.xcpFifoReset
                0x0800ad04       0x16 xcp_fifo.o
                0x0800ad04                xcpFifoReset
 *fill*         0x0800ad1a        0x2 
 .text.xcpTransportEmptyTxFifo
                0x0800ad1c       0x6c xcp_transport.o
 .text.xcpTransportEmptyRxFifo
                0x0800ad88       0x6c xcp_transport.o
 .text.xcpTransportInit
                0x0800adf4      0x138 xcp_transport.o
                0x0800adf4                xcpTransportInit
 .text.xcpTransportTxReady
                0x0800af2c       0x1a xcp_transport.o
                0x0800af2c                xcpTransportTxReady
 .text.xcpTransportTxTrigger
                0x0800af46       0x1a xcp_transport.o
                0x0800af46                xcpTransportTxTrigger
 .text.xcpTransportTxPacketSet
                0x0800af60      0x144 xcp_transport.o
                0x0800af60                xcpTransportTxPacketSet
 .text.xcpTransportTx
                0x0800b0a4       0xec xcp_transport.o
                0x0800b0a4                xcpTransportTx
 .text.xcpTransportRx
                0x0800b190       0x80 xcp_transport.o
                0x0800b190                xcpTransportRx
 .text.xcpTransportRxPacketGet
                0x0800b210      0x12c xcp_transport.o
                0x0800b210                xcpTransportRxPacketGet
 .text.xcpTransportPacketOffset
                0x0800b33c       0x20 xcp_transport.o
                0x0800b33c                xcpTransportPacketOffset
 .text.xcpTransportMsgBufferSize
                0x0800b35c       0x70 xcp_transport.o
                0x0800b35c                xcpTransportMsgBufferSize
 .text.xcpTransportMaxDtoSize
                0x0800b3cc        0xe xcp_transport.o
                0x0800b3cc                xcpTransportMaxDtoSize
 .text.xcpTransportMaxCtoSize
                0x0800b3da        0xe xcp_transport.o
                0x0800b3da                xcpTransportMaxCtoSize
 .text.xcpTransportRestart
                0x0800b3e8       0x44 xcp_transport.o
                0x0800b3e8                xcpTransportRestart
 .text.xcpTransportResynch
                0x0800b42c       0x40 xcp_transport.o
                0x0800b42c                xcpTransportResynch
 .text.xcpTransportCtoReservedMemPoolId
                0x0800b46c       0x18 xcp_transport.o
                0x0800b46c                xcpTransportCtoReservedMemPoolId
 .text.xcpTransportReset
                0x0800b484       0xe4 xcp_transport.o
                0x0800b484                xcpTransportReset
 .text.xcpInitializePoolMemoryArea
                0x0800b568       0x72 xcp_mem_default.o
 *fill*         0x0800b5da        0x2 
 .text.xcpMemInit
                0x0800b5dc      0x1d4 xcp_mem_default.o
                0x0800b5dc                xcpMemInit
 .text.xcpMemAlloc
                0x0800b7b0       0xe8 xcp_mem_default.o
                0x0800b7b0                xcpMemAlloc
 .text.xcpMemFree
                0x0800b898      0x170 xcp_mem_default.o
                0x0800b898                xcpMemFree
 .text.xcpMemReservedPoolCreate
                0x0800ba08      0x220 xcp_mem_default.o
                0x0800ba08                xcpMemReservedPoolCreate
 .text.xcpMemReservedPoolDestroy
                0x0800bc28      0x158 xcp_mem_default.o
                0x0800bc28                xcpMemReservedPoolDestroy
 .text.xcpMemCustomPoolCreate
                0x0800bd80       0xbc xcp_mem_default.o
                0x0800bd80                xcpMemCustomPoolCreate
 .text.xcpMemCustomPoolDestroy
                0x0800be3c       0x64 xcp_mem_default.o
                0x0800be3c                xcpMemCustomPoolDestroy
 .text.xcpMemAllocFromPool
                0x0800bea0      0x170 xcp_mem_default.o
                0x0800bea0                xcpMemAllocFromPool
 .text.xcpMemReset
                0x0800c010       0x50 xcp_mem_default.o
                0x0800c010                xcpMemReset
 .text.xcpDrvOpen
                0x0800c060       0x64 xcp_drv_rtiostream.o
                0x0800c060                xcpDrvOpen
 .text.xcpDrvIoctl
                0x0800c0c4       0x4c xcp_drv_rtiostream.o
                0x0800c0c4                xcpDrvIoctl
 .text.xcpDrvSend
                0x0800c110      0x14c xcp_drv_rtiostream.o
                0x0800c110                xcpDrvSend
 .text.xcpDrvRecv
                0x0800c25c      0x14c xcp_drv_rtiostream.o
                0x0800c25c                xcpDrvRecv
 .text.xcpDrvClose
                0x0800c3a8       0x5c xcp_drv_rtiostream.o
                0x0800c3a8                xcpDrvClose
 .text.xcpSortArray
                0x0800c404       0xcc xcp_utils.o
                0x0800c404                xcpSortArray
 .text.xcpSxiHtons
                0x0800c4d0       0x18 xcp_frame_serial.o
 .text.xcpSxiNtohs
                0x0800c4e8       0x1c xcp_frame_serial.o
 .text.xcpSxiChecksum
                0x0800c504       0x3e xcp_frame_serial.o
                0x0800c504                xcpSxiChecksum
 *fill*         0x0800c542        0x2 
 .text.xcpFrameInit
                0x0800c544       0x70 xcp_frame_serial.o
                0x0800c544                xcpFrameInit
 .text.xcpFrameMsgSend
                0x0800c5b4      0x184 xcp_frame_serial.o
                0x0800c5b4                xcpFrameMsgSend
 .text.xcpFrameMsgRecv
                0x0800c738      0x180 xcp_frame_serial.o
                0x0800c738                xcpFrameMsgRecv
 .text.xcpFrameCreateMsg
                0x0800c8b8       0x94 xcp_frame_serial.o
                0x0800c8b8                xcpFrameCreateMsg
 .text.xcpFrameExtractPacket
                0x0800c94c      0x154 xcp_frame_serial.o
                0x0800c94c                xcpFrameExtractPacket
 .text.xcpFrameHeaderSize
                0x0800caa0       0x10 xcp_frame_serial.o
                0x0800caa0                xcpFrameHeaderSize
 .text.xcpFrameTailSize
                0x0800cab0       0x10 xcp_frame_serial.o
                0x0800cab0                xcpFrameTailSize
 .text.xcpFrameMaxDtoSize
                0x0800cac0       0x12 xcp_frame_serial.o
                0x0800cac0                xcpFrameMaxDtoSize
 .text.xcpFrameMaxCtoSize
                0x0800cad2       0x10 xcp_frame_serial.o
                0x0800cad2                xcpFrameMaxCtoSize
 *fill*         0x0800cae2        0x2 
 .text.xcpFrameRestart
                0x0800cae4       0x30 xcp_frame_serial.o
                0x0800cae4                xcpFrameRestart
 .text.xcpFrameSetCtoReservedMemPoolId
                0x0800cb14       0x20 xcp_frame_serial.o
                0x0800cb14                xcpFrameSetCtoReservedMemPoolId
 .text.xcpFrameReset
                0x0800cb34       0x70 xcp_frame_serial.o
                0x0800cb34                xcpFrameReset
 .text.xcpTransportGetInitParameters
                0x0800cba4       0x2e xcp_ext_param_default_serial.o
                0x0800cba4                xcpTransportGetInitParameters
 .text.xcpGetInitParameters
                0x0800cbd2       0x2e xcp_ext_param_default_serial.o
                0x0800cbd2                xcpGetInitParameters
 .text.HAL_Delay
                0x0800cc00       0x2e overrideHALDelay.o
                0x0800cc00                HAL_Delay
 *fill*         0x0800cc2e        0x2 
 .text.PeriphCommonClock_Config
                0x0800cc30       0x10 platform_timer.o
                0x0800cc30                PeriphCommonClock_Config
 .text.getCurrentTimestampInMicros
                0x0800cc40       0x3c platform_timer.o
                0x0800cc40                getCurrentTimestampInMicros
 .text.returnTimeElapsed
                0x0800cc7c       0x2c platform_timer.o
                0x0800cc7c                returnTimeElapsed
 .text.timestampInit
                0x0800cca8       0x28 platform_timer.o
 .text.getCurrentTimestamp
                0x0800ccd0       0x44 platform_timer.o
                0x0800ccd0                getCurrentTimestamp
 .text.__NVIC_SetPriority
                0x0800cd14       0x54 SysTickScheduler.o
 .text.SysTick_Config
                0x0800cd68       0x44 SysTickScheduler.o
 .text.SysTick_Isr
                0x0800cdac       0x48 SysTickScheduler.o
 .text.SysTick_Handler
                0x0800cdf4       0x20 SysTickScheduler.o
                0x0800cdf4                SysTick_Handler
 .text.ARMCM_SysTick_Config
                0x0800ce14       0xb8 SysTickScheduler.o
                0x0800ce14                ARMCM_SysTick_Config
 .text.PendSV_Handler
                0x0800cecc       0x44 m3m4m4f_multitasking.o
                0x0800cecc                PendSV_Handler
 .text.SVC_Handler
                0x0800cf10       0x58 m3m4m4f_multitasking.o
                0x0800cf10                SVC_Handler
 .text.rtIOStreamOpen
                0x0800cf68       0x44 rtiostream_serial.o
                0x0800cf68                rtIOStreamOpen
 .text.rtIOStreamSend
                0x0800cfac       0x38 rtiostream_serial.o
                0x0800cfac                rtIOStreamSend
 .text.rtIOStreamRecv
                0x0800cfe4       0x48 rtiostream_serial.o
                0x0800cfe4                rtIOStreamRecv
 .text.rtIOStreamClose
                0x0800d02c       0x20 rtiostream_serial.o
                0x0800d02c                rtIOStreamClose
 .text.LL_DMA_GetDataLength
                0x0800d04c       0x30 stm_usart.o
 .text.getAvailableDataInBuffer
                0x0800d07c       0xcc stm_usart.o
                0x0800d07c                getAvailableDataInBuffer
 .text.getBytesToBeReadFromBuffer
                0x0800d148       0x6e stm_usart.o
                0x0800d148                getBytesToBeReadFromBuffer
 *fill*         0x0800d1b6        0x2 
 .text.readDataFromBuffer
                0x0800d1b8       0xdc stm_usart.o
                0x0800d1b8                readDataFromBuffer
 .text.__NVIC_GetPriorityGrouping
                0x0800d294       0x1c stm_lpuart.o
 .text.__NVIC_EnableIRQ
                0x0800d2b0       0x3c stm_lpuart.o
 .text.__NVIC_SetPriority
                0x0800d2ec       0x54 stm_lpuart.o
 .text.NVIC_EncodePriority
                0x0800d340       0x66 stm_lpuart.o
 *fill*         0x0800d3a6        0x2 
 .text.LL_DMA_EnableChannel
                0x0800d3a8       0x44 stm_lpuart.o
 .text.LL_DMA_DisableChannel
                0x0800d3ec       0x44 stm_lpuart.o
 .text.LL_DMA_GetMode
                0x0800d430       0x34 stm_lpuart.o
 .text.LL_DMA_SetDataLength
                0x0800d464       0x4c stm_lpuart.o
 .text.LL_DMA_ConfigAddresses
                0x0800d4b0       0x7c stm_lpuart.o
 .text.LL_DMA_IsActiveFlag_TC3
                0x0800d52c       0x28 stm_lpuart.o
 .text.LL_DMA_ClearFlag_TC3
                0x0800d554       0x1c stm_lpuart.o
 .text.LL_DMA_EnableIT_TC
                0x0800d570       0x44 stm_lpuart.o
 .text.LL_DMA_DisableIT_TC
                0x0800d5b4       0x44 stm_lpuart.o
 .text.LL_DMA_IsEnabledIT_TC
                0x0800d5f8       0x3c stm_lpuart.o
 .text.LL_LPUART_Enable
                0x0800d634       0x20 stm_lpuart.o
 .text.LL_LPUART_Disable
                0x0800d654       0x20 stm_lpuart.o
 .text.LL_LPUART_IsEnabled
                0x0800d674       0x26 stm_lpuart.o
 .text.LL_LPUART_IsActiveFlag_PE
                0x0800d69a       0x26 stm_lpuart.o
 .text.LL_LPUART_IsActiveFlag_FE
                0x0800d6c0       0x26 stm_lpuart.o
 .text.LL_LPUART_IsActiveFlag_NE
                0x0800d6e6       0x26 stm_lpuart.o
 .text.LL_LPUART_IsActiveFlag_ORE
                0x0800d70c       0x26 stm_lpuart.o
 .text.LL_LPUART_IsActiveFlag_TC
                0x0800d732       0x26 stm_lpuart.o
 .text.LL_LPUART_IsActiveFlag_TXE_TXFNF
                0x0800d758       0x26 stm_lpuart.o
 .text.LL_LPUART_ClearFlag_PE
                0x0800d77e       0x1a stm_lpuart.o
 .text.LL_LPUART_ClearFlag_FE
                0x0800d798       0x1a stm_lpuart.o
 .text.LL_LPUART_ClearFlag_NE
                0x0800d7b2       0x1a stm_lpuart.o
 .text.LL_LPUART_ClearFlag_ORE
                0x0800d7cc       0x1a stm_lpuart.o
 .text.LL_LPUART_EnableIT_RXNE_RXFNE
                0x0800d7e6       0x42 stm_lpuart.o
 .text.LL_LPUART_EnableIT_PE
                0x0800d828       0x42 stm_lpuart.o
 .text.LL_LPUART_EnableIT_ERROR
                0x0800d86a       0x46 stm_lpuart.o
 .text.LL_LPUART_DisableIT_RXNE_RXFNE
                0x0800d8b0       0x42 stm_lpuart.o
 .text.LL_LPUART_DisableIT_TXE_TXFNF
                0x0800d8f2       0x42 stm_lpuart.o
 .text.LL_LPUART_DisableIT_PE
                0x0800d934       0x42 stm_lpuart.o
 .text.LL_LPUART_DisableIT_ERROR
                0x0800d976       0x46 stm_lpuart.o
 .text.LL_LPUART_EnableDMAReq_RX
                0x0800d9bc       0x46 stm_lpuart.o
 .text.LL_LPUART_DisableDMAReq_RX
                0x0800da02       0x46 stm_lpuart.o
 .text.LL_LPUART_EnableDMAReq_TX
                0x0800da48       0x46 stm_lpuart.o
 .text.LL_LPUART_DisableDMAReq_TX
                0x0800da8e       0x46 stm_lpuart.o
 .text.LL_LPUART_DMA_GetRegAddr
                0x0800dad4       0x2c stm_lpuart.o
 .text.LL_LPUART_ReceiveData8
                0x0800db00       0x1a stm_lpuart.o
 .text.LL_LPUART_TransmitData8
                0x0800db1a       0x1e stm_lpuart.o
 .text.LPUART_RXDMAInterruptHandler
                0x0800db38       0xd4 stm_lpuart.o
                0x0800db38                LPUART_RXDMAInterruptHandler
 .text.LPUART_IsActiveFlagError
                0x0800dc0c       0xf4 stm_lpuart.o
                0x0800dc0c                LPUART_IsActiveFlagError
 .text.LPUART1_IRQHandler
                0x0800dd00       0x14 stm_lpuart.o
                0x0800dd00                LPUART1_IRQHandler
 .text.DMA1_Channel3_IRQHandler
                0x0800dd14       0x20 stm_lpuart.o
                0x0800dd14                DMA1_Channel3_IRQHandler
 .text.LPUART_ConfigureReceiveDMA
                0x0800dd34       0xae stm_lpuart.o
                0x0800dd34                LPUART_ConfigureReceiveDMA
 .text.LPUART_ConfigureTransmitDMA
                0x0800dde2       0x7a stm_lpuart.o
                0x0800dde2                LPUART_ConfigureTransmitDMA
 .text.MW_LPUART_GetReadErrorStatus
                0x0800de5c       0xc8 stm_lpuart.o
                0x0800de5c                MW_LPUART_GetReadErrorStatus
 .text.MW_LPUART_Initialize
                0x0800df24      0x170 stm_lpuart.o
                0x0800df24                MW_LPUART_Initialize
 .text.MW_LPUART_ReceiveUsingBuffer
                0x0800e094       0x5c stm_lpuart.o
                0x0800e094                MW_LPUART_ReceiveUsingBuffer
 .text.MW_LPUART_TransmitUsingPolling
                0x0800e0f0      0x184 stm_lpuart.o
                0x0800e0f0                MW_LPUART_TransmitUsingPolling
 .text.MW_LPUART_DeInit
                0x0800e274       0xaa stm_lpuart.o
                0x0800e274                MW_LPUART_DeInit
 .text.sys_arch_protect
                0x0800e31e       0x22 sys_arch.o
                0x0800e31e                sys_arch_protect
 .text.sys_arch_unprotect
                0x0800e340       0x20 sys_arch.o
                0x0800e340                sys_arch_unprotect
 .text.__NVIC_GetPriorityGrouping
                0x0800e360       0x1c main.o
 .text.__NVIC_EnableIRQ
                0x0800e37c       0x3c main.o
 .text.__NVIC_SetPriority
                0x0800e3b8       0x54 main.o
 .text.NVIC_EncodePriority
                0x0800e40c       0x66 main.o
 .text.LL_ADC_SetGainCompensation
                0x0800e472       0x4a main.o
 .text.LL_ADC_REG_SetSequencerRanks
                0x0800e4bc       0x58 main.o
 .text.LL_ADC_INJ_SetTriggerEdge
                0x0800e514       0x26 main.o
 .text.LL_ADC_INJ_SetSequencerRanks
                0x0800e53a       0x44 main.o
 .text.LL_ADC_INJ_SetQueueMode
                0x0800e57e       0x2a main.o
 .text.LL_ADC_SetChannelSamplingTime
                0x0800e5a8       0x56 main.o
 *fill*         0x0800e5fe        0x2 
 .text.LL_ADC_SetChannelSingleDiff
                0x0800e600       0x50 main.o
 .text.LL_ADC_SetOverSamplingScope
                0x0800e650       0x2a main.o
 .text.LL_ADC_DisableDeepPowerDown
                0x0800e67a       0x24 main.o
 .text.LL_ADC_EnableInternalRegulator
                0x0800e69e       0x28 main.o
 *fill*         0x0800e6c6        0x2 
 .text.LL_DMA_SetDataTransferDirection
                0x0800e6c8       0x50 main.o
 .text.LL_DMA_SetMode
                0x0800e718       0x4c main.o
 .text.LL_DMA_SetPeriphIncMode
                0x0800e764       0x4c main.o
 .text.LL_DMA_SetMemoryIncMode
                0x0800e7b0       0x4c main.o
 .text.LL_DMA_SetPeriphSize
                0x0800e7fc       0x4c main.o
 .text.LL_DMA_SetMemorySize
                0x0800e848       0x4c main.o
 .text.LL_DMA_SetChannelPriorityLevel
                0x0800e894       0x4c main.o
 .text.LL_DMA_SetPeriphRequest
                0x0800e8e0       0x54 main.o
 .text.LL_LPUART_Enable
                0x0800e934       0x20 main.o
 .text.LL_LPUART_DisableFIFO
                0x0800e954       0x20 main.o
 .text.LL_LPUART_SetTXFIFOThreshold
                0x0800e974       0x4e main.o
 .text.LL_LPUART_SetRXFIFOThreshold
                0x0800e9c2       0x4e main.o
 .text.LL_LPUART_IsActiveFlag_TEACK
                0x0800ea10       0x28 main.o
 .text.LL_LPUART_IsActiveFlag_REACK
                0x0800ea38       0x28 main.o
 .text.LL_RCC_HSI_Enable
                0x0800ea60       0x20 main.o
 .text.LL_RCC_HSI_IsReady
                0x0800ea80       0x28 main.o
 .text.LL_RCC_HSI_SetCalibTrimming
                0x0800eaa8       0x2c main.o
 .text.LL_RCC_SetSysClkSource
                0x0800ead4       0x28 main.o
 .text.LL_RCC_GetSysClkSource
                0x0800eafc       0x1c main.o
 .text.LL_RCC_SetAHBPrescaler
                0x0800eb18       0x28 main.o
 .text.LL_RCC_SetAPB1Prescaler
                0x0800eb40       0x28 main.o
 .text.LL_RCC_SetAPB2Prescaler
                0x0800eb68       0x28 main.o
 .text.LL_RCC_SetLPUARTClockSource
                0x0800eb90       0x2c main.o
 .text.LL_RCC_SetADCClockSource
                0x0800ebbc       0x48 main.o
 .text.LL_RCC_PLL_Enable
                0x0800ec04       0x20 main.o
 .text.LL_RCC_PLL_IsReady
                0x0800ec24       0x28 main.o
 .text.LL_RCC_PLL_ConfigDomain_SYS
                0x0800ec4c       0x40 main.o
 .text.LL_RCC_PLL_EnableDomain_SYS
                0x0800ec8c       0x20 main.o
 .text.LL_AHB1_GRP1_EnableClock
                0x0800ecac       0x30 main.o
 .text.LL_AHB2_GRP1_EnableClock
                0x0800ecdc       0x30 main.o
 .text.LL_APB1_GRP1_EnableClock
                0x0800ed0c       0x30 main.o
 .text.LL_APB1_GRP2_EnableClock
                0x0800ed3c       0x30 main.o
 .text.LL_APB2_GRP1_EnableClock
                0x0800ed6c       0x30 main.o
 .text.LL_SYSCFG_SetEXTISource
                0x0800ed9c       0x70 main.o
 .text.LL_FLASH_SetLatency
                0x0800ee0c       0x28 main.o
 .text.LL_FLASH_GetLatency
                0x0800ee34       0x1c main.o
 .text.LL_PWR_EnableRange1BoostMode
                0x0800ee50       0x24 main.o
 .text.LL_TIM_EnableARRPreload
                0x0800ee74       0x20 main.o
 .text.LL_TIM_OC_DisableFast
                0x0800ee94       0xb0 main.o
 .text.LL_TIM_OC_EnablePreload
                0x0800ef44       0xac main.o
 .text.LL_TIM_IC_SetActiveInput
                0x0800eff0       0xc0 main.o
 .text.LL_TIM_IC_SetPrescaler
                0x0800f0b0       0xc0 main.o
 .text.LL_TIM_IC_SetFilter
                0x0800f170       0xc0 main.o
 .text.LL_TIM_IC_SetPolarity
                0x0800f230       0xac main.o
 .text.LL_TIM_SetClockSource
                0x0800f2dc       0x2a main.o
 .text.LL_TIM_SetTriggerOutput
                0x0800f306       0x2a main.o
 .text.LL_TIM_SetTriggerOutput2
                0x0800f330       0x26 main.o
 .text.LL_TIM_EnableMasterSlaveMode
                0x0800f356       0x20 main.o
 .text.LL_TIM_DisableMasterSlaveMode
                0x0800f376       0x20 main.o
 .text.LL_TIM_SetBreakInputSourcePolarity
                0x0800f396       0x8e main.o
 .text.LL_GPIO_SetPinMode
                0x0800f424       0x7a main.o
 .text.LL_GPIO_SetPinPull
                0x0800f49e       0x7a main.o
 .text.LL_GPIO_ResetOutputPin
                0x0800f518       0x1c main.o
 .text.SystemClock_Config
                0x0800f534       0xc8 main.o
                0x0800f534                SystemClock_Config
 .text.MX_ADC1_Init
                0x0800f5fc      0x2a4 main.o
                0x0800f5fc                MX_ADC1_Init
 .text.MX_LPUART1_UART_Init
                0x0800f8a0      0x148 main.o
                0x0800f8a0                MX_LPUART1_UART_Init
 .text.MX_TIM1_Init
                0x0800f9e8      0x27c main.o
                0x0800f9e8                MX_TIM1_Init
 .text.MX_TIM3_Init
                0x0800fc64      0x298 main.o
                0x0800fc64                MX_TIM3_Init
 .text.MX_DMA_Init
                0x0800fefc       0xb4 main.o
                0x0800fefc                MX_DMA_Init
 .text.MX_GPIO_Init
                0x0800ffb0       0xf8 main.o
                0x0800ffb0                MX_GPIO_Init
 .text.HAL_TIM_PeriodElapsedCallback
                0x080100a8       0x1e main.o
                0x080100a8                HAL_TIM_PeriodElapsedCallback
 .text.Error_Handler
                0x080100c6        0xa main.o
                0x080100c6                Error_Handler
 .text.NMI_Handler
                0x080100d0        0x6 stm32g4xx_it.o
                0x080100d0                NMI_Handler
 .text.HardFault_Handler
                0x080100d6        0x6 stm32g4xx_it.o
                0x080100d6                HardFault_Handler
 .text.MemManage_Handler
                0x080100dc        0x6 stm32g4xx_it.o
                0x080100dc                MemManage_Handler
 .text.BusFault_Handler
                0x080100e2        0x6 stm32g4xx_it.o
                0x080100e2                BusFault_Handler
 .text.UsageFault_Handler
                0x080100e8        0x6 stm32g4xx_it.o
                0x080100e8                UsageFault_Handler
 .text.DebugMon_Handler
                0x080100ee        0xe stm32g4xx_it.o
                0x080100ee                DebugMon_Handler
 .text.DMA1_Channel1_IRQHandler
                0x080100fc        0xe stm32g4xx_it.o
                0x080100fc                DMA1_Channel1_IRQHandler
 .text.DMA1_Channel2_IRQHandler
                0x0801010a        0xe stm32g4xx_it.o
                0x0801010a                DMA1_Channel2_IRQHandler
 .text.DMA1_Channel4_IRQHandler
                0x08010118        0xe stm32g4xx_it.o
                0x08010118                DMA1_Channel4_IRQHandler
 .text.DMA1_Channel5_IRQHandler
                0x08010126        0xe stm32g4xx_it.o
                0x08010126                DMA1_Channel5_IRQHandler
 .text.TIM2_IRQHandler
                0x08010134       0x14 stm32g4xx_it.o
                0x08010134                TIM2_IRQHandler
 .text.HAL_MspInit
                0x08010148       0x48 stm32g4xx_hal_msp.o
                0x08010148                HAL_MspInit
 .text.HAL_InitTick
                0x08010190       0xdc stm32g4xx_hal_timebase_tim.o
                0x08010190                HAL_InitTick
 .text.LL_SetSystemCoreClock
                0x0801026c       0x20 stm32g4xx_ll_utils.o
                0x0801026c                LL_SetSystemCoreClock
 .text.LL_EXTI_EnableIT_0_31
                0x0801028c       0x24 stm32g4xx_ll_exti.o
 .text.LL_EXTI_EnableIT_32_63
                0x080102b0       0x24 stm32g4xx_ll_exti.o
 .text.LL_EXTI_DisableIT_0_31
                0x080102d4       0x28 stm32g4xx_ll_exti.o
 .text.LL_EXTI_DisableIT_32_63
                0x080102fc       0x28 stm32g4xx_ll_exti.o
 .text.LL_EXTI_EnableEvent_0_31
                0x08010324       0x24 stm32g4xx_ll_exti.o
 .text.LL_EXTI_EnableEvent_32_63
                0x08010348       0x24 stm32g4xx_ll_exti.o
 .text.LL_EXTI_DisableEvent_0_31
                0x0801036c       0x28 stm32g4xx_ll_exti.o
 .text.LL_EXTI_DisableEvent_32_63
                0x08010394       0x28 stm32g4xx_ll_exti.o
 .text.LL_EXTI_EnableRisingTrig_0_31
                0x080103bc       0x24 stm32g4xx_ll_exti.o
 .text.LL_EXTI_EnableRisingTrig_32_63
                0x080103e0       0x24 stm32g4xx_ll_exti.o
 .text.LL_EXTI_DisableRisingTrig_0_31
                0x08010404       0x28 stm32g4xx_ll_exti.o
 .text.LL_EXTI_DisableRisingTrig_32_63
                0x0801042c       0x28 stm32g4xx_ll_exti.o
 .text.LL_EXTI_EnableFallingTrig_0_31
                0x08010454       0x24 stm32g4xx_ll_exti.o
 .text.LL_EXTI_EnableFallingTrig_32_63
                0x08010478       0x24 stm32g4xx_ll_exti.o
 .text.LL_EXTI_DisableFallingTrig_0_31
                0x0801049c       0x28 stm32g4xx_ll_exti.o
 .text.LL_EXTI_DisableFallingTrig_32_63
                0x080104c4       0x28 stm32g4xx_ll_exti.o
 .text.LL_EXTI_Init
                0x080104ec      0x1ec stm32g4xx_ll_exti.o
                0x080104ec                LL_EXTI_Init
 .text.LL_GPIO_SetPinMode
                0x080106d8       0x7a stm32g4xx_ll_gpio.o
 .text.LL_GPIO_SetPinOutputType
                0x08010752       0x30 stm32g4xx_ll_gpio.o
 .text.LL_GPIO_SetPinSpeed
                0x08010782       0x7a stm32g4xx_ll_gpio.o
 .text.LL_GPIO_SetPinPull
                0x080107fc       0x7a stm32g4xx_ll_gpio.o
 .text.LL_GPIO_SetAFPin_0_7
                0x08010876       0x7a stm32g4xx_ll_gpio.o
 .text.LL_GPIO_SetAFPin_8_15
                0x080108f0       0x7e stm32g4xx_ll_gpio.o
 .text.LL_GPIO_Init
                0x0801096e       0xdc stm32g4xx_ll_gpio.o
                0x0801096e                LL_GPIO_Init
 .text.LL_ADC_REG_SetSequencerLength
                0x08010a4a       0x26 stm32g4xx_ll_adc.o
 .text.LL_ADC_IsEnabled
                0x08010a70       0x26 stm32g4xx_ll_adc.o
 *fill*         0x08010a96        0x2 
 .text.LL_ADC_CommonInit
                0x08010a98       0x80 stm32g4xx_ll_adc.o
                0x08010a98                LL_ADC_CommonInit
 .text.LL_ADC_Init
                0x08010b18       0x4c stm32g4xx_ll_adc.o
                0x08010b18                LL_ADC_Init
 .text.LL_ADC_REG_Init
                0x08010b64       0x94 stm32g4xx_ll_adc.o
                0x08010b64                LL_ADC_REG_Init
 .text.LL_ADC_INJ_Init
                0x08010bf8       0x7a stm32g4xx_ll_adc.o
                0x08010bf8                LL_ADC_INJ_Init
 .text.HAL_Init
                0x08010c72       0x30 stm32g4xx_hal.o
                0x08010c72                HAL_Init
 *fill*         0x08010ca2        0x2 
 .text.HAL_IncTick
                0x08010ca4       0x24 stm32g4xx_hal.o
                0x08010ca4                HAL_IncTick
 .text.HAL_GetTick
                0x08010cc8       0x18 stm32g4xx_hal.o
                0x08010cc8                HAL_GetTick
 .text.HAL_RCC_GetHCLKFreq
                0x08010ce0       0x18 stm32g4xx_hal_rcc.o
                0x08010ce0                HAL_RCC_GetHCLKFreq
 .text.HAL_RCC_GetPCLK1Freq
                0x08010cf8       0x2c stm32g4xx_hal_rcc.o
                0x08010cf8                HAL_RCC_GetPCLK1Freq
 .text.HAL_RCC_GetClockConfig
                0x08010d24       0x64 stm32g4xx_hal_rcc.o
                0x08010d24                HAL_RCC_GetClockConfig
 .text.HAL_PWREx_DisableUCPDDeadBattery
                0x08010d88       0x20 stm32g4xx_hal_pwr_ex.o
                0x08010d88                HAL_PWREx_DisableUCPDDeadBattery
 .text.__NVIC_SetPriorityGrouping
                0x08010da8       0x48 stm32g4xx_hal_cortex.o
 .text.__NVIC_GetPriorityGrouping
                0x08010df0       0x1c stm32g4xx_hal_cortex.o
 .text.__NVIC_EnableIRQ
                0x08010e0c       0x3c stm32g4xx_hal_cortex.o
 .text.__NVIC_SetPriority
                0x08010e48       0x54 stm32g4xx_hal_cortex.o
 .text.NVIC_EncodePriority
                0x08010e9c       0x66 stm32g4xx_hal_cortex.o
 .text.HAL_NVIC_SetPriorityGrouping
                0x08010f02       0x16 stm32g4xx_hal_cortex.o
                0x08010f02                HAL_NVIC_SetPriorityGrouping
 .text.HAL_NVIC_SetPriority
                0x08010f18       0x34 stm32g4xx_hal_cortex.o
                0x08010f18                HAL_NVIC_SetPriority
 .text.HAL_NVIC_EnableIRQ
                0x08010f4c       0x1c stm32g4xx_hal_cortex.o
                0x08010f4c                HAL_NVIC_EnableIRQ
 .text.LL_LPUART_IsEnabled
                0x08010f68       0x26 stm32g4xx_ll_lpuart.o
 .text.LL_LPUART_SetPrescaler
                0x08010f8e       0x28 stm32g4xx_ll_lpuart.o
 .text.LL_LPUART_SetStopBitsLength
                0x08010fb6       0x26 stm32g4xx_ll_lpuart.o
 .text.LL_LPUART_SetHWFlowCtrl
                0x08010fdc       0x26 stm32g4xx_ll_lpuart.o
 *fill*         0x08011002        0x2 
 .text.LL_LPUART_SetBaudRate
                0x08011004       0x98 stm32g4xx_ll_lpuart.o
 .text.LL_LPUART_Init
                0x0801109c       0x98 stm32g4xx_ll_lpuart.o
                0x0801109c                LL_LPUART_Init
 .text.LL_RCC_HSI_IsReady
                0x08011134       0x28 stm32g4xx_ll_rcc.o
 .text.LL_RCC_LSE_IsReady
                0x0801115c       0x28 stm32g4xx_ll_rcc.o
 .text.LL_RCC_GetSysClkSource
                0x08011184       0x1c stm32g4xx_ll_rcc.o
 .text.LL_RCC_GetAHBPrescaler
                0x080111a0       0x1c stm32g4xx_ll_rcc.o
 .text.LL_RCC_GetAPB1Prescaler
                0x080111bc       0x1c stm32g4xx_ll_rcc.o
 .text.LL_RCC_GetLPUARTClockSource
                0x080111d8       0x24 stm32g4xx_ll_rcc.o
 .text.LL_RCC_PLL_GetMainSource
                0x080111fc       0x1c stm32g4xx_ll_rcc.o
 .text.LL_RCC_PLL_GetN
                0x08011218       0x1c stm32g4xx_ll_rcc.o
 .text.LL_RCC_PLL_GetR
                0x08011234       0x1c stm32g4xx_ll_rcc.o
 .text.LL_RCC_PLL_GetDivider
                0x08011250       0x1c stm32g4xx_ll_rcc.o
 .text.LL_RCC_GetLPUARTClockFreq
                0x0801126c       0x84 stm32g4xx_ll_rcc.o
                0x0801126c                LL_RCC_GetLPUARTClockFreq
 .text.RCC_GetSystemClockFreq
                0x080112f0       0x4c stm32g4xx_ll_rcc.o
 .text.RCC_GetHCLKClockFreq
                0x0801133c       0x30 stm32g4xx_ll_rcc.o
 .text.RCC_GetPCLK1ClockFreq
                0x0801136c       0x2c stm32g4xx_ll_rcc.o
 .text.RCC_PLL_GetFreqDomain_SYS
                0x08011398       0x68 stm32g4xx_ll_rcc.o
 .text.HAL_TIM_Base_Init
                0x08011400       0xae stm32g4xx_hal_tim.o
                0x08011400                HAL_TIM_Base_Init
 .text.HAL_TIM_Base_MspInit
                0x080114ae       0x14 stm32g4xx_hal_tim.o
                0x080114ae                HAL_TIM_Base_MspInit
 *fill*         0x080114c2        0x2 
 .text.HAL_TIM_Base_Start_IT
                0x080114c4       0xd4 stm32g4xx_hal_tim.o
                0x080114c4                HAL_TIM_Base_Start_IT
 .text.HAL_TIM_IRQHandler
                0x08011598      0x2fe stm32g4xx_hal_tim.o
                0x08011598                HAL_TIM_IRQHandler
 .text.HAL_TIM_OC_DelayElapsedCallback
                0x08011896       0x14 stm32g4xx_hal_tim.o
                0x08011896                HAL_TIM_OC_DelayElapsedCallback
 .text.HAL_TIM_IC_CaptureCallback
                0x080118aa       0x14 stm32g4xx_hal_tim.o
                0x080118aa                HAL_TIM_IC_CaptureCallback
 .text.HAL_TIM_PWM_PulseFinishedCallback
                0x080118be       0x14 stm32g4xx_hal_tim.o
                0x080118be                HAL_TIM_PWM_PulseFinishedCallback
 .text.HAL_TIM_TriggerCallback
                0x080118d2       0x14 stm32g4xx_hal_tim.o
                0x080118d2                HAL_TIM_TriggerCallback
 *fill*         0x080118e6        0x2 
 .text.TIM_Base_SetConfig
                0x080118e8      0x120 stm32g4xx_hal_tim.o
                0x080118e8                TIM_Base_SetConfig
 .text.HAL_TIMEx_CommutCallback
                0x08011a08       0x14 stm32g4xx_hal_tim_ex.o
                0x08011a08                HAL_TIMEx_CommutCallback
 .text.HAL_TIMEx_BreakCallback
                0x08011a1c       0x14 stm32g4xx_hal_tim_ex.o
                0x08011a1c                HAL_TIMEx_BreakCallback
 .text.HAL_TIMEx_Break2Callback
                0x08011a30       0x14 stm32g4xx_hal_tim_ex.o
                0x08011a30                HAL_TIMEx_Break2Callback
 .text.HAL_TIMEx_EncoderIndexCallback
                0x08011a44       0x14 stm32g4xx_hal_tim_ex.o
                0x08011a44                HAL_TIMEx_EncoderIndexCallback
 .text.HAL_TIMEx_DirectionChangeCallback
                0x08011a58       0x14 stm32g4xx_hal_tim_ex.o
                0x08011a58                HAL_TIMEx_DirectionChangeCallback
 .text.HAL_TIMEx_IndexErrorCallback
                0x08011a6c       0x14 stm32g4xx_hal_tim_ex.o
                0x08011a6c                HAL_TIMEx_IndexErrorCallback
 .text.HAL_TIMEx_TransitionErrorCallback
                0x08011a80       0x14 stm32g4xx_hal_tim_ex.o
                0x08011a80                HAL_TIMEx_TransitionErrorCallback
 .text.LL_TIM_SetPrescaler
                0x08011a94       0x1c stm32g4xx_ll_tim.o
 .text.LL_TIM_SetAutoReload
                0x08011ab0       0x1c stm32g4xx_ll_tim.o
 .text.LL_TIM_SetRepetitionCounter
                0x08011acc       0x1c stm32g4xx_ll_tim.o
 .text.LL_TIM_OC_SetCompareCH1
                0x08011ae8       0x1c stm32g4xx_ll_tim.o
 .text.LL_TIM_OC_SetCompareCH2
                0x08011b04       0x1c stm32g4xx_ll_tim.o
 .text.LL_TIM_OC_SetCompareCH3
                0x08011b20       0x1c stm32g4xx_ll_tim.o
 .text.LL_TIM_OC_SetCompareCH4
                0x08011b3c       0x1c stm32g4xx_ll_tim.o
 .text.LL_TIM_OC_SetCompareCH5
                0x08011b58       0x20 stm32g4xx_ll_tim.o
 .text.LL_TIM_OC_SetCompareCH6
                0x08011b78       0x1c stm32g4xx_ll_tim.o
 .text.LL_TIM_GenerateEvent_UPDATE
                0x08011b94       0x20 stm32g4xx_ll_tim.o
 .text.LL_TIM_Init
                0x08011bb4      0x114 stm32g4xx_ll_tim.o
                0x08011bb4                LL_TIM_Init
 .text.LL_TIM_OC_Init
                0x08011cc8       0xbe stm32g4xx_ll_tim.o
                0x08011cc8                LL_TIM_OC_Init
 *fill*         0x08011d86        0x2 
 .text.LL_TIM_BDTR_Init
                0x08011d88      0x110 stm32g4xx_ll_tim.o
                0x08011d88                LL_TIM_BDTR_Init
 .text.OC1Config
                0x08011e98      0x100 stm32g4xx_ll_tim.o
 .text.OC2Config
                0x08011f98      0x108 stm32g4xx_ll_tim.o
 .text.OC3Config
                0x080120a0      0x108 stm32g4xx_ll_tim.o
 .text.OC4Config
                0x080121a8      0x108 stm32g4xx_ll_tim.o
 .text.OC5Config
                0x080122b0       0xc8 stm32g4xx_ll_tim.o
 .text.OC6Config
                0x08012378       0xc8 stm32g4xx_ll_tim.o
 .text.SystemInit
                0x08012440       0x24 system_stm32g4xx.o
                0x08012440                SystemInit
 .text.Reset_Handler
                0x08012464       0x50 startup_stm32g431rbtx.o
                0x08012464                Reset_Handler
 .text.Default_Handler
                0x080124b4        0x2 startup_stm32g431rbtx.o
                0x080124b4                RTC_Alarm_IRQHandler
                0x080124b4                EXTI2_IRQHandler
                0x080124b4                TIM8_TRG_COM_IRQHandler
                0x080124b4                TIM8_CC_IRQHandler
                0x080124b4                TIM1_CC_IRQHandler
                0x080124b4                USB_HP_IRQHandler
                0x080124b4                CORDIC_IRQHandler
                0x080124b4                EXTI3_IRQHandler
                0x080124b4                I2C3_ER_IRQHandler
                0x080124b4                EXTI0_IRQHandler
                0x080124b4                I2C2_EV_IRQHandler
                0x080124b4                FPU_IRQHandler
                0x080124b4                FDCAN1_IT1_IRQHandler
                0x080124b4                TIM1_UP_TIM16_IRQHandler
                0x080124b4                SPI1_IRQHandler
                0x080124b4                TIM6_DAC_IRQHandler
                0x080124b4                TIM8_UP_IRQHandler
                0x080124b4                DMA2_Channel2_IRQHandler
                0x080124b4                USART3_IRQHandler
                0x080124b4                TIM4_IRQHandler
                0x080124b4                DMA2_Channel1_IRQHandler
                0x080124b4                I2C1_EV_IRQHandler
                0x080124b4                DMA1_Channel6_IRQHandler
                0x080124b4                UART4_IRQHandler
                0x080124b4                DMA2_Channel4_IRQHandler
                0x080124b4                RCC_IRQHandler
                0x080124b4                Default_Handler
                0x080124b4                RTC_TAMP_LSECSS_IRQHandler
                0x080124b4                FMAC_IRQHandler
                0x080124b4                EXTI15_10_IRQHandler
                0x080124b4                TIM7_IRQHandler
                0x080124b4                UCPD1_IRQHandler
                0x080124b4                I2C3_EV_IRQHandler
                0x080124b4                EXTI9_5_IRQHandler
                0x080124b4                RTC_WKUP_IRQHandler
                0x080124b4                PVD_PVM_IRQHandler
                0x080124b4                SPI2_IRQHandler
                0x080124b4                DMA2_Channel5_IRQHandler
                0x080124b4                CRS_IRQHandler
                0x080124b4                USB_LP_IRQHandler
                0x080124b4                EXTI4_IRQHandler
                0x080124b4                RNG_IRQHandler
                0x080124b4                TIM1_TRG_COM_TIM17_IRQHandler
                0x080124b4                WWDG_IRQHandler
                0x080124b4                DMA2_Channel6_IRQHandler
                0x080124b4                FDCAN1_IT0_IRQHandler
                0x080124b4                COMP1_2_3_IRQHandler
                0x080124b4                EXTI1_IRQHandler
                0x080124b4                USART2_IRQHandler
                0x080124b4                I2C2_ER_IRQHandler
                0x080124b4                TIM8_BRK_IRQHandler
                0x080124b4                FLASH_IRQHandler
                0x080124b4                USART1_IRQHandler
                0x080124b4                SPI3_IRQHandler
                0x080124b4                I2C1_ER_IRQHandler
                0x080124b4                LPTIM1_IRQHandler
                0x080124b4                DMAMUX_OVR_IRQHandler
                0x080124b4                USBWakeUp_IRQHandler
                0x080124b4                SAI1_IRQHandler
                0x080124b4                DMA2_Channel3_IRQHandler
                0x080124b4                COMP4_IRQHandler
                0x080124b4                TIM1_BRK_TIM15_IRQHandler
 *fill*         0x080124b6        0x2 
 .text.fmod     0x080124b8       0x6c c:/programdata/matlab/supportpackages/r2024a/3p.instrset/gnuarm-armcortex.instrset/win/bin/../lib/gcc/arm-none-eabi/11.3.1/thumb/v7e-m+fp/hard\libm.a(libm_a-w_fmod.o)
                0x080124b8                fmod
 .text.fmodf    0x08012524       0x48 c:/programdata/matlab/supportpackages/r2024a/3p.instrset/gnuarm-armcortex.instrset/win/bin/../lib/gcc/arm-none-eabi/11.3.1/thumb/v7e-m+fp/hard\libm.a(libm_a-wf_fmod.o)
                0x08012524                fmodf
 .text.fmin     0x0801256c       0x50 c:/programdata/matlab/supportpackages/r2024a/3p.instrset/gnuarm-armcortex.instrset/win/bin/../lib/gcc/arm-none-eabi/11.3.1/thumb/v7e-m+fp/hard\libm.a(libm_a-s_fmin.o)
                0x0801256c                fmin
 .text.__fpclassifyd
                0x080125bc       0x54 c:/programdata/matlab/supportpackages/r2024a/3p.instrset/gnuarm-armcortex.instrset/win/bin/../lib/gcc/arm-none-eabi/11.3.1/thumb/v7e-m+fp/hard\libm.a(libm_a-s_fpclassify.o)
                0x080125bc                __fpclassifyd
 .text.fmaxf    0x08012610       0x3c c:/programdata/matlab/supportpackages/r2024a/3p.instrset/gnuarm-armcortex.instrset/win/bin/../lib/gcc/arm-none-eabi/11.3.1/thumb/v7e-m+fp/hard\libm.a(libm_a-sf_fmax.o)
                0x08012610                fmaxf
 .text.fminf    0x0801264c       0x3c c:/programdata/matlab/supportpackages/r2024a/3p.instrset/gnuarm-armcortex.instrset/win/bin/../lib/gcc/arm-none-eabi/11.3.1/thumb/v7e-m+fp/hard\libm.a(libm_a-sf_fmin.o)
                0x0801264c                fminf
 .text.__fpclassifyf
                0x08012688       0x38 c:/programdata/matlab/supportpackages/r2024a/3p.instrset/gnuarm-armcortex.instrset/win/bin/../lib/gcc/arm-none-eabi/11.3.1/thumb/v7e-m+fp/hard\libm.a(libm_a-sf_fpclassify.o)
                0x08012688                __fpclassifyf
 .text.floor    0x080126c0      0x118 c:/programdata/matlab/supportpackages/r2024a/3p.instrset/gnuarm-armcortex.instrset/win/bin/../lib/gcc/arm-none-eabi/11.3.1/thumb/v7e-m+fp/hard\libm.a(libm_a-s_floor.o)
                0x080126c0                floor
 .text.floorf   0x080127d8       0x90 c:/programdata/matlab/supportpackages/r2024a/3p.instrset/gnuarm-armcortex.instrset/win/bin/../lib/gcc/arm-none-eabi/11.3.1/thumb/v7e-m+fp/hard\libm.a(libm_a-sf_floor.o)
                0x080127d8                floorf
 .text.truncf   0x08012868       0x3c c:/programdata/matlab/supportpackages/r2024a/3p.instrset/gnuarm-armcortex.instrset/win/bin/../lib/gcc/arm-none-eabi/11.3.1/thumb/v7e-m+fp/hard\libm.a(libm_a-sf_trunc.o)
                0x08012868                truncf
 .text.__ieee754_fmod
                0x080128a4      0x27c c:/programdata/matlab/supportpackages/r2024a/3p.instrset/gnuarm-armcortex.instrset/win/bin/../lib/gcc/arm-none-eabi/11.3.1/thumb/v7e-m+fp/hard\libm.a(libm_a-e_fmod.o)
                0x080128a4                __ieee754_fmod
 .text.__ieee754_fmodf
                0x08012b20      0x120 c:/programdata/matlab/supportpackages/r2024a/3p.instrset/gnuarm-armcortex.instrset/win/bin/../lib/gcc/arm-none-eabi/11.3.1/thumb/v7e-m+fp/hard\libm.a(libm_a-ef_fmod.o)
                0x08012b20                __ieee754_fmodf
 .text.__udivmoddi4
                0x08012c40      0x2c8 c:/programdata/matlab/supportpackages/r2024a/3p.instrset/gnuarm-armcortex.instrset/win/bin/../lib/gcc/arm-none-eabi/11.3.1/thumb/v7e-m+fp/hard\libgcc.a(_udivmoddi4.o)
                0x08012c40                __udivmoddi4
 .text.memset   0x08012f08       0x10 c:/programdata/matlab/supportpackages/r2024a/3p.instrset/gnuarm-armcortex.instrset/win/bin/../lib/gcc/arm-none-eabi/11.3.1/thumb/v7e-m+fp/hard\libg_nano.a(libc_a-memset.o)
                0x08012f08                memset
 .text.__errno  0x08012f18        0xc c:/programdata/matlab/supportpackages/r2024a/3p.instrset/gnuarm-armcortex.instrset/win/bin/../lib/gcc/arm-none-eabi/11.3.1/thumb/v7e-m+fp/hard\libg_nano.a(libc_a-errno.o)
                0x08012f18                __errno
 .text.__libc_init_array
                0x08012f24       0x48 c:/programdata/matlab/supportpackages/r2024a/3p.instrset/gnuarm-armcortex.instrset/win/bin/../lib/gcc/arm-none-eabi/11.3.1/thumb/v7e-m+fp/hard\libg_nano.a(libc_a-init.o)
                0x08012f24                __libc_init_array
 .text.memcpy   0x08012f6c       0x1c c:/programdata/matlab/supportpackages/r2024a/3p.instrset/gnuarm-armcortex.instrset/win/bin/../lib/gcc/arm-none-eabi/11.3.1/thumb/v7e-m+fp/hard\libg_nano.a(libc_a-memcpy-stub.o)
                0x08012f6c                memcpy
 *(.glue_7)
 .glue_7        0x08012f88        0x0 linker stubs
 *(.glue_7t)
 .glue_7t       0x08012f88        0x0 linker stubs
 *(.eh_frame)
 .eh_frame      0x08012f88        0x0 c:/programdata/matlab/supportpackages/r2024a/3p.instrset/gnuarm-armcortex.instrset/win/bin/../lib/gcc/arm-none-eabi/11.3.1/thumb/v7e-m+fp/hard/crtbegin.o
 *(.init)
 .init          0x08012f88        0x4 c:/programdata/matlab/supportpackages/r2024a/3p.instrset/gnuarm-armcortex.instrset/win/bin/../lib/gcc/arm-none-eabi/11.3.1/thumb/v7e-m+fp/hard/crti.o
                0x08012f88                _init
 .init          0x08012f8c        0x8 c:/programdata/matlab/supportpackages/r2024a/3p.instrset/gnuarm-armcortex.instrset/win/bin/../lib/gcc/arm-none-eabi/11.3.1/thumb/v7e-m+fp/hard/crtn.o
 *(.fini)
 .fini          0x08012f94        0x4 c:/programdata/matlab/supportpackages/r2024a/3p.instrset/gnuarm-armcortex.instrset/win/bin/../lib/gcc/arm-none-eabi/11.3.1/thumb/v7e-m+fp/hard/crti.o
                0x08012f94                _fini
 .fini          0x08012f98        0x8 c:/programdata/matlab/supportpackages/r2024a/3p.instrset/gnuarm-armcortex.instrset/win/bin/../lib/gcc/arm-none-eabi/11.3.1/thumb/v7e-m+fp/hard/crtn.o
                0x08012fa0                . = ALIGN (0x4)
                0x08012fa0                _etext = .

.vfp11_veneer   0x08012fa0        0x0
 .vfp11_veneer  0x08012fa0        0x0 linker stubs

.v4_bx          0x08012fa0        0x0
 .v4_bx         0x08012fa0        0x0 linker stubs

.iplt           0x08012fa0        0x0
 .iplt          0x08012fa0        0x0 c:/programdata/matlab/supportpackages/r2024a/3p.instrset/gnuarm-armcortex.instrset/win/bin/../lib/gcc/arm-none-eabi/11.3.1/thumb/v7e-m+fp/hard/crtbegin.o

.rodata         0x08012fa0     0x2a28
                0x08012fa0                . = ALIGN (0x4)
 *(.rodata)
 .rodata        0x08012fa0      0x2b9 xcp_ext_mode.o
 *fill*         0x08013259        0x3 
 .rodata        0x0801325c      0x12e xcp_ext_common.o
 *fill*         0x0801338a        0x2 
 .rodata        0x0801338c       0x4c xcp_ext_classic_trigger.o
 .rodata        0x080133d8      0x278 xcp.o
 .rodata        0x08013650      0x3a9 xcp_standard.o
 *fill*         0x080139f9        0x3 
 .rodata        0x080139fc     0x1010 xcp_daq.o
 .rodata        0x08014a0c       0xdd xcp_calibration.o
 *fill*         0x08014ae9        0x3 
 .rodata        0x08014aec      0x56e xcp_transport.o
 *fill*         0x0801505a        0x2 
 .rodata        0x0801505c       0xf5 xcp_mem_default.o
 *fill*         0x08015151        0x3 
 .rodata        0x08015154      0x228 xcp_drv_rtiostream.o
 .rodata        0x0801537c      0x4aa xcp_frame_serial.o
 *(.rodata*)
 *fill*         0x08015826        0x2 
 .rodata.G431debug_M
                0x08015828        0x4 G431debug.o
                0x08015828                G431debug_M
 .rodata.rtAlwaysEnabled.0
                0x0801582c        0x1 G431debug.o
 *fill*         0x0801582d        0x3 
 .rodata.standardSupportedRxPacket
                0x08015830       0x54 xcp_standard.o
 .rodata.daqSupportedRxPacket
                0x08015884       0x9c xcp_daq.o
 .rodata.calibrationSupportedRxPacket
                0x08015920       0x18 xcp_calibration.o
 .rodata.CHANNEL_OFFSET_TAB
                0x08015938        0x6 stm_usart.o
 *fill*         0x0801593e        0x2 
 .rodata.CHANNEL_OFFSET_TAB
                0x08015940        0x6 stm_lpuart.o
 *fill*         0x08015946        0x2 
 .rodata.CHANNEL_OFFSET_TAB
                0x08015948        0x6 main.o
 *fill*         0x0801594e        0x2 
 .rodata.OFFSET_TAB_CCMRx
                0x08015950        0xa main.o
 *fill*         0x0801595a        0x2 
 .rodata.SHIFT_TAB_OCxx
                0x0801595c        0xa main.o
 *fill*         0x08015966        0x2 
 .rodata.SHIFT_TAB_ICxx
                0x08015968        0xa main.o
 *fill*         0x08015972        0x2 
 .rodata.SHIFT_TAB_CCxP
                0x08015974        0xa main.o
 *fill*         0x0801597e        0x2 
 .rodata.LPUART_PRESCALER_TAB
                0x08015980       0x18 stm32g4xx_ll_lpuart.o
 .rodata.AHBPrescTable
                0x08015998       0x10 system_stm32g4xx.o
                0x08015998                AHBPrescTable
 .rodata.APBPrescTable
                0x080159a8        0x8 system_stm32g4xx.o
                0x080159a8                APBPrescTable
 .rodata.Zero   0x080159b0       0x10 c:/programdata/matlab/supportpackages/r2024a/3p.instrset/gnuarm-armcortex.instrset/win/bin/../lib/gcc/arm-none-eabi/11.3.1/thumb/v7e-m+fp/hard\libm.a(libm_a-e_fmod.o)
 .rodata.Zero   0x080159c0        0x8 c:/programdata/matlab/supportpackages/r2024a/3p.instrset/gnuarm-armcortex.instrset/win/bin/../lib/gcc/arm-none-eabi/11.3.1/thumb/v7e-m+fp/hard\libm.a(libm_a-ef_fmod.o)
                0x080159c8                . = ALIGN (0x4)

.ARM.extab      0x080159c8        0x0
                0x080159c8                . = ALIGN (0x4)
 *(.ARM.extab* .gnu.linkonce.armextab.*)
                0x080159c8                . = ALIGN (0x4)

.ARM            0x080159c8        0x8
                0x080159c8                . = ALIGN (0x4)
                0x080159c8                __exidx_start = .
 *(.ARM.exidx*)
 .ARM.exidx.text.__udivmoddi4
                0x080159c8        0x8 c:/programdata/matlab/supportpackages/r2024a/3p.instrset/gnuarm-armcortex.instrset/win/bin/../lib/gcc/arm-none-eabi/11.3.1/thumb/v7e-m+fp/hard\libgcc.a(_udivmoddi4.o)
                0x080159d0                __exidx_end = .
                0x080159d0                . = ALIGN (0x4)

.rel.dyn        0x080159d0        0x0
 .rel.iplt      0x080159d0        0x0 c:/programdata/matlab/supportpackages/r2024a/3p.instrset/gnuarm-armcortex.instrset/win/bin/../lib/gcc/arm-none-eabi/11.3.1/thumb/v7e-m+fp/hard/crtbegin.o

.preinit_array  0x080159d0        0x0
                0x080159d0                . = ALIGN (0x4)
                0x080159d0                PROVIDE (__preinit_array_start = .)
 *(.preinit_array*)
                0x080159d0                PROVIDE (__preinit_array_end = .)
                0x080159d0                . = ALIGN (0x4)

.init_array     0x080159d0        0x4
                0x080159d0                . = ALIGN (0x4)
                0x080159d0                PROVIDE (__init_array_start = .)
 *(SORT_BY_NAME(.init_array.*))
 *(.init_array*)
 .init_array    0x080159d0        0x4 c:/programdata/matlab/supportpackages/r2024a/3p.instrset/gnuarm-armcortex.instrset/win/bin/../lib/gcc/arm-none-eabi/11.3.1/thumb/v7e-m+fp/hard/crtbegin.o
                0x080159d4                PROVIDE (__init_array_end = .)
                0x080159d4                . = ALIGN (0x4)

.fini_array     0x080159d4        0x4
                0x080159d4                . = ALIGN (0x4)
                [!provide]                PROVIDE (__fini_array_start = .)
 *(SORT_BY_NAME(.fini_array.*))
 *(.fini_array*)
 .fini_array    0x080159d4        0x4 c:/programdata/matlab/supportpackages/r2024a/3p.instrset/gnuarm-armcortex.instrset/win/bin/../lib/gcc/arm-none-eabi/11.3.1/thumb/v7e-m+fp/hard/crtbegin.o
                [!provide]                PROVIDE (__fini_array_end = .)
                0x080159d8                . = ALIGN (0x4)
                0x080159d8                _sidata = LOADADDR (.data)

.data           0x20000000     0x136c load address 0x080159d8
                0x20000000                . = ALIGN (0x4)
                0x20000000                _sdata = .
 *(.data)
 *(.data*)
 .data.G431debug_P
                0x20000000     0x1270 G431debug_data.o
                0x20000000                G431debug_P
 .data.rtInf    0x20001270        0x8 rt_nonfinite.o
                0x20001270                rtInf
 .data.rtMinusInf
                0x20001278        0x8 rt_nonfinite.o
                0x20001278                rtMinusInf
 .data.rtInfF   0x20001280        0x4 rt_nonfinite.o
                0x20001280                rtInfF
 .data.rtMinusInfF
                0x20001284        0x4 rt_nonfinite.o
                0x20001284                rtMinusInfF
 .data.xcpExtmodeFinalSimulationTime
                0x20001288        0x8 xcp_ext_common.o
                0x20001288                xcpExtmodeFinalSimulationTime
 .data.xcpClassicTriggerDuration
                0x20001290        0x4 xcp_ext_classic_trigger.o
                0x20001290                xcpClassicTriggerDuration
 .data.xcpClassicTriggerArmRequest
                0x20001294        0x1 xcp_ext_classic_trigger.o
                0x20001294                xcpClassicTriggerArmRequest
 *fill*         0x20001295        0x3 
 .data.startStopDaqListId
                0x20001298        0x4 xcp_daq.o
 .data.xcpCurrentDaq
                0x2000129c        0x4 xcp_daq.o
 .data.xcpEventCustomMemoryManager
                0x200012a0        0xc xcp_daq.o
 .data.xcpCtoReservedMemPoolId
                0x200012ac        0x4 xcp_transport.o
 .data.xcpMemMainBlockSizes
                0x200012b0        0xc xcp_mem_default.o
 .data.xcpMemMainBlocksNumber
                0x200012bc        0xc xcp_mem_default.o
 .data.drvID    0x200012c8        0x4 xcp_drv_rtiostream.o
 .data.xcpCtoReservedMemPoolId
                0x200012cc        0x4 xcp_frame_serial.o
 .data.uartObj  0x200012d0       0x40 rtiostream_serial.o
                0x200012d0                uartObj
 .data.uwTickPrio
                0x20001310        0x4 stm32g4xx_hal.o
                0x20001310                uwTickPrio
 .data.uwTickFreq
                0x20001314        0x4 stm32g4xx_hal.o
                0x20001314                uwTickFreq
 .data.SystemCoreClock
                0x20001318        0x4 system_stm32g4xx.o
                0x20001318                SystemCoreClock
 .data._impure_data
                0x2000131c       0x4c c:/programdata/matlab/supportpackages/r2024a/3p.instrset/gnuarm-armcortex.instrset/win/bin/../lib/gcc/arm-none-eabi/11.3.1/thumb/v7e-m+fp/hard\libg_nano.a(libc_a-impure.o)
                0x2000131c                _impure_data
 .data._impure_ptr
                0x20001368        0x4 c:/programdata/matlab/supportpackages/r2024a/3p.instrset/gnuarm-armcortex.instrset/win/bin/../lib/gcc/arm-none-eabi/11.3.1/thumb/v7e-m+fp/hard\libg_nano.a(libc_a-impure.o)
                0x20001368                _impure_ptr
 *(.RamFunc)
 *(.RamFunc*)
                0x2000136c                . = ALIGN (0x4)
                0x2000136c                _edata = .

.tm_clone_table
                0x2000136c        0x0 load address 0x08016d44
 .tm_clone_table