Archive member included to satisfy reference by file (symbol)

c:/programdata/matlab/supportpackages/r2024a/3p.instrset/gnuarm-armcortex.instrset/win/bin/../lib/gcc/arm-none-eabi/11.3.1/thumb/v7e-m+fp/hard\libm.a(libm_a-w_fmod.o)
                              Hallhardwaredebugslx.o (fmod)
c:/programdata/matlab/supportpackages/r2024a/3p.instrset/gnuarm-armcortex.instrset/win/bin/../lib/gcc/arm-none-eabi/11.3.1/thumb/v7e-m+fp/hard\libm.a(libm_a-s_fmax.o)
                              Hallhardwaredebugslx.o (fmax)
c:/programdata/matlab/supportpackages/r2024a/3p.instrset/gnuarm-armcortex.instrset/win/bin/../lib/gcc/arm-none-eabi/11.3.1/thumb/v7e-m+fp/hard\libm.a(libm_a-s_fmin.o)
                              Hallhardwaredebugslx.o (fmin)
c:/programdata/matlab/supportpackages/r2024a/3p.instrset/gnuarm-armcortex.instrset/win/bin/../lib/gcc/arm-none-eabi/11.3.1/thumb/v7e-m+fp/hard\libm.a(libm_a-s_fpclassify.o)
                              c:/programdata/matlab/supportpackages/r2024a/3p.instrset/gnuarm-armcortex.instrset/win/bin/../lib/gcc/arm-none-eabi/11.3.1/thumb/v7e-m+fp/hard\libm.a(libm_a-s_fmax.o) (__fpclassifyd)
c:/programdata/matlab/supportpackages/r2024a/3p.instrset/gnuarm-armcortex.instrset/win/bin/../lib/gcc/arm-none-eabi/11.3.1/thumb/v7e-m+fp/hard\libm.a(libm_a-s_floor.o)
                              Hallhardwaredebugslx.o (floor)
c:/programdata/matlab/supportpackages/r2024a/3p.instrset/gnuarm-armcortex.instrset/win/bin/../lib/gcc/arm-none-eabi/11.3.1/thumb/v7e-m+fp/hard\libm.a(libm_a-e_fmod.o)
                              c:/programdata/matlab/supportpackages/r2024a/3p.instrset/gnuarm-armcortex.instrset/win/bin/../lib/gcc/arm-none-eabi/11.3.1/thumb/v7e-m+fp/hard\libm.a(libm_a-w_fmod.o) (__ieee754_fmod)
c:/programdata/matlab/supportpackages/r2024a/3p.instrset/gnuarm-armcortex.instrset/win/bin/../lib/gcc/arm-none-eabi/11.3.1/thumb/v7e-m+fp/hard\libgcc.a(_arm_muldf3.o)
                              Hallhardwaredebugslx.o (__aeabi_dmul)
c:/programdata/matlab/supportpackages/r2024a/3p.instrset/gnuarm-armcortex.instrset/win/bin/../lib/gcc/arm-none-eabi/11.3.1/thumb/v7e-m+fp/hard\libgcc.a(_arm_addsubdf3.o)
                              Hallhardwaredebugslx.o (__aeabi_dsub)
c:/programdata/matlab/supportpackages/r2024a/3p.instrset/gnuarm-armcortex.instrset/win/bin/../lib/gcc/arm-none-eabi/11.3.1/thumb/v7e-m+fp/hard\libgcc.a(_arm_muldivdf3.o)
                              xcp_ext_common.o (__aeabi_ddiv)
c:/programdata/matlab/supportpackages/r2024a/3p.instrset/gnuarm-armcortex.instrset/win/bin/../lib/gcc/arm-none-eabi/11.3.1/thumb/v7e-m+fp/hard\libgcc.a(_arm_cmpdf2.o)
                              xcp_ext_mode.o (__aeabi_dcmpeq)
c:/programdata/matlab/supportpackages/r2024a/3p.instrset/gnuarm-armcortex.instrset/win/bin/../lib/gcc/arm-none-eabi/11.3.1/thumb/v7e-m+fp/hard\libgcc.a(_arm_unorddf2.o)
                              rt_nonfinite.o (__aeabi_dcmpun)
c:/programdata/matlab/supportpackages/r2024a/3p.instrset/gnuarm-armcortex.instrset/win/bin/../lib/gcc/arm-none-eabi/11.3.1/thumb/v7e-m+fp/hard\libgcc.a(_arm_fixunsdfsi.o)
                              Hallhardwaredebugslx.o (__aeabi_d2uiz)
c:/programdata/matlab/supportpackages/r2024a/3p.instrset/gnuarm-armcortex.instrset/win/bin/../lib/gcc/arm-none-eabi/11.3.1/thumb/v7e-m+fp/hard\libgcc.a(_arm_truncdfsf2.o)
                              Hallhardwaredebugslx.o (__aeabi_d2f)
c:/programdata/matlab/supportpackages/r2024a/3p.instrset/gnuarm-armcortex.instrset/win/bin/../lib/gcc/arm-none-eabi/11.3.1/thumb/v7e-m+fp/hard\libgcc.a(_aeabi_uldivmod.o)
                              stm32f4xx_hal_rcc.o (__aeabi_uldivmod)
c:/programdata/matlab/supportpackages/r2024a/3p.instrset/gnuarm-armcortex.instrset/win/bin/../lib/gcc/arm-none-eabi/11.3.1/thumb/v7e-m+fp/hard\libgcc.a(_udivmoddi4.o)
                              c:/programdata/matlab/supportpackages/r2024a/3p.instrset/gnuarm-armcortex.instrset/win/bin/../lib/gcc/arm-none-eabi/11.3.1/thumb/v7e-m+fp/hard\libgcc.a(_aeabi_uldivmod.o) (__udivmoddi4)
c:/programdata/matlab/supportpackages/r2024a/3p.instrset/gnuarm-armcortex.instrset/win/bin/../lib/gcc/arm-none-eabi/11.3.1/thumb/v7e-m+fp/hard\libgcc.a(_dvmd_tls.o)
                              c:/programdata/matlab/supportpackages/r2024a/3p.instrset/gnuarm-armcortex.instrset/win/bin/../lib/gcc/arm-none-eabi/11.3.1/thumb/v7e-m+fp/hard\libgcc.a(_aeabi_uldivmod.o) (__aeabi_ldiv0)
c:/programdata/matlab/supportpackages/r2024a/3p.instrset/gnuarm-armcortex.instrset/win/bin/../lib/gcc/arm-none-eabi/11.3.1/thumb/v7e-m+fp/hard\libg_nano.a(libc_a-exit.o)
                              c:/programdata/matlab/supportpackages/r2024a/3p.instrset/gnuarm-armcortex.instrset/win/bin/../lib/gcc/arm-none-eabi/11.3.1/thumb/v7e-m+fp/hard/crt0.o (exit)
c:/programdata/matlab/supportpackages/r2024a/3p.instrset/gnuarm-armcortex.instrset/win/bin/../lib/gcc/arm-none-eabi/11.3.1/thumb/v7e-m+fp/hard\libg_nano.a(libc_a-findfp.o)
[...]
Memory Configuration

Name             Origin             Length             Attributes
RAM              0x20000000         0x00018000         xrw
FLASH            0x08000000         0x00080000         xr
*default*        0x00000000         0xffffffff

Linker script and memory map

LOAD c:/programdata/matlab/supportpackages/r2024a/3p.instrset/gnuarm-armcortex.instrset/win/bin/../lib/gcc/arm-none-eabi/11.3.1/thumb/v7e-m+fp/hard/crti.o
LOAD c:/programdata/matlab/supportpackages/r2024a/3p.instrset/gnuarm-armcortex.instrset/win/bin/../lib/gcc/arm-none-eabi/11.3.1/thumb/v7e-m+fp/hard/crtbegin.o
LOAD c:/programdata/matlab/supportpackages/r2024a/3p.instrset/gnuarm-armcortex.instrset/win/bin/../lib/gcc/arm-none-eabi/11.3.1/thumb/v7e-m+fp/hard/crt0.o
LOAD stm_timer_ll.o
LOAD stm_adc_ll.o
LOAD xcp_ext_mode.o
LOAD mw_stm32_nvic.o
LOAD Hallhardwaredebugslx.o
LOAD Hallhardwaredebugslx_data.o
LOAD ert_main.o
LOAD rt_nonfinite.o
LOAD xcp_ext_common.o
LOAD xcp_ext_classic_trigger.o
LOAD xcp.o
LOAD xcp_standard.o
LOAD xcp_daq.o
LOAD xcp_calibration.o
LOAD xcp_fifo.o
LOAD xcp_transport.o
LOAD xcp_mem_default.o
LOAD xcp_drv_rtiostream.o
LOAD xcp_utils.o
LOAD xcp_frame_serial.o
LOAD xcp_ext_param_default_serial.o
LOAD overrideHALDelay.o
LOAD platform_timer.o
LOAD SysTickScheduler.o
LOAD m3m4m4f_multitasking.o
LOAD rtiostream_serial.o
LOAD stm_usart.o
LOAD sys_arch.o
LOAD main.o
LOAD stm32f4xx_it.o
LOAD stm32f4xx_hal_msp.o
LOAD stm32f4xx_hal_timebase_tim.o
LOAD stm32f4xx_ll_gpio.o
LOAD stm32f4xx_ll_adc.o
LOAD stm32f4xx_ll_dma.o
LOAD stm32f4xx_ll_rcc.o
LOAD stm32f4xx_ll_utils.o
LOAD stm32f4xx_ll_exti.o
LOAD stm32f4xx_hal_rcc.o
LOAD stm32f4xx_hal_rcc_ex.o
LOAD stm32f4xx_hal_flash.o
LOAD stm32f4xx_hal_flash_ex.o
LOAD stm32f4xx_hal_flash_ramfunc.o
LOAD stm32f4xx_hal_gpio.o
LOAD stm32f4xx_hal_dma_ex.o
LOAD stm32f4xx_hal_dma.o
LOAD stm32f4xx_hal_pwr.o
LOAD stm32f4xx_hal_pwr_ex.o
LOAD stm32f4xx_hal_cortex.o
LOAD stm32f4xx_hal.o
LOAD stm32f4xx_hal_exti.o
LOAD stm32f4xx_hal_tim.o
LOAD stm32f4xx_hal_tim_ex.o
LOAD stm32f4xx_ll_tim.o
LOAD stm32f4xx_ll_usart.o
LOAD system_stm32f4xx.o
LOAD syscalls.o
LOAD sysmem.o
LOAD startup_stm32f401retx.o
LOAD C:/ProgramData/MATLAB/SupportPackages/R2024a/3P.instrset/cmsis_dsp.instrset/Lib/GCC/arm_cortexm4ldfsp_math/libCMSISDSP.a
LOAD C:/ProgramData/MATLAB/SupportPackages/R2024a/toolbox/shared/supportpackages/stm32/lib/GCC/libmw_pdmfilter_m4_spfp.lib
LOAD c:/programdata/matlab/supportpackages/r2024a/3p.instrset/gnuarm-armcortex.instrset/win/bin/../lib/gcc/arm-none-eabi/11.3.1/thumb/v7e-m+fp/hard\libstdc++_nano.a
LOAD c:/programdata/matlab/supportpackages/r2024a/3p.instrset/gnuarm-armcortex.instrset/win/bin/../lib/gcc/arm-none-eabi/11.3.1/thumb/v7e-m+fp/hard\libm.a
START GROUP
LOAD c:/programdata/matlab/supportpackages/r2024a/3p.instrset/gnuarm-armcortex.instrset/win/bin/../lib/gcc/arm-none-eabi/11.3.1/thumb/v7e-m+fp/hard\libgcc.a
LOAD c:/programdata/matlab/supportpackages/r2024a/3p.instrset/gnuarm-armcortex.instrset/win/bin/../lib/gcc/arm-none-eabi/11.3.1/thumb/v7e-m+fp/hard\libg_nano.a
LOAD c:/programdata/matlab/supportpackages/r2024a/3p.instrset/gnuarm-armcortex.instrset/win/bin/../lib/gcc/arm-none-eabi/11.3.1/thumb/v7e-m+fp/hard\libc_nano.a
END GROUP
START GROUP
LOAD c:/programdata/matlab/supportpackages/r2024a/3p.instrset/gnuarm-armcortex.instrset/win/bin/../lib/gcc/arm-none-eabi/11.3.1/thumb/v7e-m+fp/hard\libgcc.a
LOAD c:/programdata/matlab/supportpackages/r2024a/3p.instrset/gnuarm-armcortex.instrset/win/bin/../lib/gcc/arm-none-eabi/11.3.1/thumb/v7e-m+fp/hard\libc_nano.a
LOAD c:/programdata/matlab/supportpackages/r2024a/3p.instrset/gnuarm-armcortex.instrset/win/bin/../lib/gcc/arm-none-eabi/11.3.1/thumb/v7e-m+fp/hard\libnosys.a
END GROUP
START GROUP
LOAD c:/programdata/matlab/supportpackages/r2024a/3p.instrset/gnuarm-armcortex.instrset/win/bin/../lib/gcc/arm-none-eabi/11.3.1/thumb/v7e-m+fp/hard\libgcc.a
LOAD c:/programdata/matlab/supportpackages/r2024a/3p.instrset/gnuarm-armcortex.instrset/win/bin/../lib/gcc/arm-none-eabi/11.3.1/thumb/v7e-m+fp/hard\libc_nano.a
LOAD c:/programdata/matlab/supportpackages/r2024a/3p.instrset/gnuarm-armcortex.instrset/win/bin/../lib/gcc/arm-none-eabi/11.3.1/thumb/v7e-m+fp/hard\libnosys.a
END GROUP
LOAD c:/programdata/matlab/supportpackages/r2024a/3p.instrset/gnuarm-armcortex.instrset/win/bin/../lib/gcc/arm-none-eabi/11.3.1/thumb/v7e-m+fp/hard/crtend.o
LOAD c:/programdata/matlab/supportpackages/r2024a/3p.instrset/gnuarm-armcortex.instrset/win/bin/../lib/gcc/arm-none-eabi/11.3.1/thumb/v7e-m+fp/hard/crtn.o
                0x20018000                _estack = (ORIGIN (RAM) + LENGTH (RAM))
                0x00000200                _Min_Heap_Size = 0x200
                0x00000400                _Min_Stack_Size = 0x400

.isr_vector     0x08000000      0x194
                0x08000000                . = ALIGN (0x4)
 *(.isr_vector)
 .isr_vector    0x08000000      0x194 startup_stm32f401retx.o
                0x08000000                g_pfnVectors
                0x08000194                . = ALIGN (0x4)

.text           0x08000198    0x1028c
                0x08000198                . = ALIGN (0x4)
 *(.text)
 .text          0x08000198      0x378 c:/programdata/matlab/supportpackages/r2024a/3p.instrset/gnuarm-armcortex.instrset/win/bin/../lib/gcc/arm-none-eabi/11.3.1/thumb/v7e-m+fp/hard\libgcc.a(_arm_addsubdf3.o)
                0x08000198                __aeabi_drsub
                0x080001a0                __aeabi_dsub
                0x080001a0                __subdf3
                0x080001a4                __aeabi_dadd
                0x080001a4                __adddf3
                0x0800041c                __floatunsidf
                0x0800041c                __aeabi_ui2d
                0x0800043c                __floatsidf
                0x0800043c                __aeabi_i2d
                0x08000460                __aeabi_f2d
                0x08000460                __extendsfdf2
                0x080004a4                __floatundidf
                0x080004a4                __aeabi_ul2d
                0x080004b4                __floatdidf
                0x080004b4                __aeabi_l2d
 .text          0x08000510      0x424 c:/programdata/matlab/supportpackages/r2024a/3p.instrset/gnuarm-armcortex.instrset/win/bin/../lib/gcc/arm-none-eabi/11.3.1/thumb/v7e-m+fp/hard\libgcc.a(_arm_muldivdf3.o)
                0x08000510                __aeabi_dmul
                0x08000510                __muldf3
                0x08000764                __divdf3
                0x08000764                __aeabi_ddiv
 .text          0x08000934      0x110 c:/programdata/matlab/supportpackages/r2024a/3p.instrset/gnuarm-armcortex.instrset/win/bin/../lib/gcc/arm-none-eabi/11.3.1/thumb/v7e-m+fp/hard\libgcc.a(_arm_cmpdf2.o)
                0x08000934                __gtdf2
                0x08000934                __gedf2
                0x0800093c                __ltdf2
                0x0800093c                __ledf2
                0x08000944                __nedf2
                0x08000944                __eqdf2
                0x08000944                __cmpdf2
                0x080009c0                __aeabi_cdrcmple
                0x080009d0                __aeabi_cdcmpeq
                0x080009d0                __aeabi_cdcmple
                0x080009e0                __aeabi_dcmpeq
                0x080009f4                __aeabi_dcmplt
                0x08000a08                __aeabi_dcmple
                0x08000a1c                __aeabi_dcmpge
                0x08000a30                __aeabi_dcmpgt
 .text          0x08000a44       0x2c c:/programdata/matlab/supportpackages/r2024a/3p.instrset/gnuarm-armcortex.instrset/win/bin/../lib/gcc/arm-none-eabi/11.3.1/thumb/v7e-m+fp/hard\libgcc.a(_arm_unorddf2.o)
                0x08000a44                __unorddf2
                0x08000a44                __aeabi_dcmpun
 .text          0x08000a70       0x40 c:/programdata/matlab/supportpackages/r2024a/3p.instrset/gnuarm-armcortex.instrset/win/bin/../lib/gcc/arm-none-eabi/11.3.1/thumb/v7e-m+fp/hard\libgcc.a(_arm_fixunsdfsi.o)
                0x08000a70                __aeabi_d2uiz
                0x08000a70                __fixunsdfsi
 .text          0x08000ab0       0xa0 c:/programdata/matlab/supportpackages/r2024a/3p.instrset/gnuarm-armcortex.instrset/win/bin/../lib/gcc/arm-none-eabi/11.3.1/thumb/v7e-m+fp/hard\libgcc.a(_arm_truncdfsf2.o)
                0x08000ab0                __truncdfsf2
                0x08000ab0                __aeabi_d2f
 .text          0x08000b50       0x30 c:/programdata/matlab/supportpackages/r2024a/3p.instrset/gnuarm-armcortex.instrset/win/bin/../lib/gcc/arm-none-eabi/11.3.1/thumb/v7e-m+fp/hard\libgcc.a(_aeabi_uldivmod.o)
                0x08000b50                __aeabi_uldivmod
 .text          0x08000b80        0x4 c:/programdata/matlab/supportpackages/r2024a/3p.instrset/gnuarm-armcortex.instrset/win/bin/../lib/gcc/arm-none-eabi/11.3.1/thumb/v7e-m+fp/hard\libgcc.a(_dvmd_tls.o)
                0x08000b80                __aeabi_idiv0
                0x08000b80                __aeabi_ldiv0
 *(.text*)
 .text.deregister_tm_clones
                0x08000b84       0x1c c:/programdata/matlab/supportpackages/r2024a/3p.instrset/gnuarm-armcortex.instrset/win/bin/../lib/gcc/arm-none-eabi/11.3.1/thumb/v7e-m+fp/hard/crtbegin.o
 .text.register_tm_clones
                0x08000ba0       0x24 c:/programdata/matlab/supportpackages/r2024a/3p.instrset/gnuarm-armcortex.instrset/win/bin/../lib/gcc/arm-none-eabi/11.3.1/thumb/v7e-m+fp/hard/crtbegin.o
 .text.__do_global_dtors_aux
                0x08000bc4       0x28 c:/programdata/matlab/supportpackages/r2024a/3p.instrset/gnuarm-armcortex.instrset/win/bin/../lib/gcc/arm-none-eabi/11.3.1/thumb/v7e-m+fp/hard/crtbegin.o
 .text.frame_dummy
                0x08000bec       0x24 c:/programdata/matlab/supportpackages/r2024a/3p.instrset/gnuarm-armcortex.instrset/win/bin/../lib/gcc/arm-none-eabi/11.3.1/thumb/v7e-m+fp/hard/crtbegin.o
 .text.LL_TIM_GetCounterMode
                0x08000c10       0x30 stm_timer_ll.o
 .text.LL_TIM_GetCounter
                0x08000c40       0x18 stm_timer_ll.o
 .text.LL_TIM_GetRepetitionCounter
                0x08000c58       0x18 stm_timer_ll.o
 .text.LL_TIM_CC_EnableChannel
                0x08000c70       0x22 stm_timer_ll.o
 .text.LL_TIM_CC_DisableChannel
                0x08000c92       0x24 stm_timer_ll.o
 .text.LL_TIM_EnableAllOutputs
                0x08000cb6       0x20 stm_timer_ll.o
 .text.LL_TIM_EnableIT_UPDATE
                0x08000cd6       0x20 stm_timer_ll.o
 .text.LL_TIM_DisableIT_UPDATE
                0x08000cf6       0x20 stm_timer_ll.o
 .text.LL_TIM_IsEnabledIT_UPDATE
                0x08000d16       0x26 stm_timer_ll.o
 .text.LL_TIM_EnableIT_CC1
                0x08000d3c       0x20 stm_timer_ll.o
 .text.LL_TIM_DisableIT_CC1
                0x08000d5c       0x20 stm_timer_ll.o
 .text.LL_TIM_IsEnabledIT_CC1
                0x08000d7c       0x26 stm_timer_ll.o
 .text.LL_TIM_EnableIT_CC2
                0x08000da2       0x20 stm_timer_ll.o
 .text.LL_TIM_DisableIT_CC2
                0x08000dc2       0x20 stm_timer_ll.o
 .text.LL_TIM_IsEnabledIT_CC2
                0x08000de2       0x26 stm_timer_ll.o
 .text.LL_TIM_EnableIT_CC3
                0x08000e08       0x20 stm_timer_ll.o
 .text.LL_TIM_DisableIT_CC3
                0x08000e28       0x20 stm_timer_ll.o
 .text.LL_TIM_IsEnabledIT_CC3
                0x08000e48       0x26 stm_timer_ll.o
 .text.LL_TIM_EnableIT_CC4
                0x08000e6e       0x20 stm_timer_ll.o
 .text.LL_TIM_DisableIT_CC4
                0x08000e8e       0x20 stm_timer_ll.o
 .text.LL_TIM_IsEnabledIT_CC4
                0x08000eae       0x26 stm_timer_ll.o
 .text.LL_TIM_EnableIT_COM
                0x08000ed4       0x20 stm_timer_ll.o
 .text.LL_TIM_DisableIT_COM
                0x08000ef4       0x20 stm_timer_ll.o
 .text.LL_TIM_IsEnabledIT_COM
                0x08000f14       0x26 stm_timer_ll.o
 .text.LL_TIM_EnableIT_TRIG
                0x08000f3a       0x20 stm_timer_ll.o
 .text.LL_TIM_DisableIT_TRIG
                0x08000f5a       0x20 stm_timer_ll.o
 .text.LL_TIM_IsEnabledIT_TRIG
                0x08000f7a       0x26 stm_timer_ll.o
 .text.LL_TIM_EnableIT_BRK
                0x08000fa0       0x20 stm_timer_ll.o
 .text.LL_TIM_DisableIT_BRK
                0x08000fc0       0x20 stm_timer_ll.o
 .text.LL_TIM_IsEnabledIT_BRK
                0x08000fe0       0x26 stm_timer_ll.o
 .text.enableTimerInterrupts
                0x08001006      0x134 stm_timer_ll.o
                0x08001006                enableTimerInterrupts
 .text.disableTimerInterrupts
                0x0800113a      0x134 stm_timer_ll.o
                0x0800113a                disableTimerInterrupts
 *fill*         0x0800126e        0x2 
 .text.enableTimerChannel1
                0x08001270       0x68 stm_timer_ll.o
                0x08001270                enableTimerChannel1
 .text.disableTimerChannel1
                0x080012d8       0x68 stm_timer_ll.o
                0x080012d8                disableTimerChannel1
 .text.enableTimerChannel2
                0x08001340       0x68 stm_timer_ll.o
                0x08001340                enableTimerChannel2
 .text.disableTimerChannel2
                0x080013a8       0x68 stm_timer_ll.o
                0x080013a8                disableTimerChannel2
 .text.enableTimerChannel3
                0x08001410       0x70 stm_timer_ll.o
                0x08001410                enableTimerChannel3
 .text.disableTimerChannel3
                0x08001480       0x70 stm_timer_ll.o
                0x08001480                disableTimerChannel3
 .text.Timer_Handle_Init
                0x080014f0       0xa0 stm_timer_ll.o
                0x080014f0                Timer_Handle_Init
 .text.getTimerCounterValue
                0x08001590       0x1c stm_timer_ll.o
                0x08001590                getTimerCounterValue
 .text.LL_ADC_REG_SetSequencerLength
                0x080015ac       0x26 stm_adc_ll.o
 .text.LL_ADC_REG_SetDMATransfer
                0x080015d2       0x26 stm_adc_ll.o
 .text.LL_ADC_INJ_IsTriggerSourceSWStart
                0x080015f8       0x26 stm_adc_ll.o
 .text.LL_ADC_Enable
                0x0800161e       0x20 stm_adc_ll.o
 .text.LL_ADC_Disable
                0x0800163e       0x20 stm_adc_ll.o
 .text.LL_ADC_IsEnabled
                0x0800165e       0x26 stm_adc_ll.o
 .text.LL_ADC_INJ_StartConversionSWStart
                0x08001684       0x20 stm_adc_ll.o
 .text.LL_ADC_IsActiveFlag_JEOS
                0x080016a4       0x26 stm_adc_ll.o
 .text.LL_ADC_ClearFlag_JEOS
                0x080016ca       0x1c stm_adc_ll.o
 .text.LL_ADC_EnableIT_EOCS
                0x080016e6       0x20 stm_adc_ll.o
 .text.LL_ADC_EnableIT_JEOS
                0x08001706       0x20 stm_adc_ll.o
 .text.LL_ADC_DisableIT_EOCS
                0x08001726       0x20 stm_adc_ll.o
 .text.LL_ADC_DisableIT_OVR
                0x08001746       0x20 stm_adc_ll.o
 .text.LL_ADC_DisableIT_JEOS
                0x08001766       0x20 stm_adc_ll.o
 .text.LL_ADC_DisableIT_AWD1
                0x08001786       0x20 stm_adc_ll.o
 .text.LL_ADC_IsEnabledIT_OVR
                0x080017a6       0x28 stm_adc_ll.o
 .text.LL_ADC_IsEnabledIT_AWD1
                0x080017ce       0x26 stm_adc_ll.o
 .text.injectedADCTrigger
                0x080017f4       0x70 stm_adc_ll.o
 .text.injectedOnlyReadADC
                0x08001864       0x4c stm_adc_ll.o
 .text.configure_ADCs_DMA
                0x080018b0       0x1a stm_adc_ll.o
 .text.deconfigure_ADCs_DMA
                0x080018ca       0x18 stm_adc_ll.o
 .text.ADC_IsActiveFlagJEOS
                0x080018e2       0x36 stm_adc_ll.o
                0x080018e2                ADC_IsActiveFlagJEOS
 .text.startADCConversionForExternalTrigger
                0x08001918       0x18 stm_adc_ll.o
                0x08001918                startADCConversionForExternalTrigger
 .text.ADC_Handle_Init
                0x08001930      0x120 stm_adc_ll.o
                0x08001930                ADC_Handle_Init
 .text.enableADC
                0x08001a50       0x2a stm_adc_ll.o
                0x08001a50                enableADC
 .text.injectedReadADCIntr
                0x08001a7a       0xbc stm_adc_ll.o
                0x08001a7a                injectedReadADCIntr
 .text.ADC_Handle_Deinit
                0x08001b36       0xee stm_adc_ll.o
                0x08001b36                ADC_Handle_Deinit
 .text.extmodeParseArgs
                0x08001c24       0x1e xcp_ext_mode.o
                0x08001c24                extmodeParseArgs
 *fill*         0x08001c42        0x2 
 .text.extmodeInit
                0x08001c44      0x128 xcp_ext_mode.o
                0x08001c44                extmodeInit
 .text.extmodeWaitForHostRequest
                0x08001d6c       0xcc xcp_ext_mode.o
                0x08001d6c                extmodeWaitForHostRequest
 .text.extmodeEvent
                0x08001e38       0xfc xcp_ext_mode.o
                0x08001e38                extmodeEvent
 .text.extmodeBackgroundRun
                0x08001f34       0x20 xcp_ext_mode.o
                0x08001f34                extmodeBackgroundRun
 .text.extmodeReset
                0x08001f54       0x40 xcp_ext_mode.o
                0x08001f54                extmodeReset
 .text.extmodeStopRequested
                0x08001f94       0x18 xcp_ext_mode.o
                0x08001f94                extmodeStopRequested
 .text.extmodeSimulationComplete
                0x08001fac       0x18 xcp_ext_mode.o
                0x08001fac                extmodeSimulationComplete
 .text.__NVIC_SetPriority
                0x08001fc4       0x54 mw_stm32_nvic.o
 .text.MW_NVIC_ConfigureIRQ
                0x08002018       0x26 mw_stm32_nvic.o
                0x08002018                MW_NVIC_ConfigureIRQ
 .text.MW_HWI_MaskInterrupt
                0x0800203e       0x2a mw_stm32_nvic.o
                0x0800203e                MW_HWI_MaskInterrupt
 .text.__NVIC_EnableIRQ
                0x08002068       0x3c Hallhardwaredebugslx.o
 .text.__NVIC_DisableIRQ
                0x080020a4       0x48 Hallhardwaredebugslx.o
 .text.LL_ADC_ClearFlag_JEOS
                0x080020ec       0x1c Hallhardwaredebugslx.o
 .text.LL_ADC_IsEnabledIT_JEOS
                0x08002108       0x26 Hallhardwaredebugslx.o
 *fill*         0x0800212e        0x2 
 .text.LL_EXTI_IsEnabledIT_0_31
                0x08002130       0x2c Hallhardwaredebugslx.o
 .text.LL_EXTI_IsActiveFlag_0_31
                0x0800215c       0x2c Hallhardwaredebugslx.o
 .text.LL_EXTI_ClearFlag_0_31
                0x08002188       0x20 Hallhardwaredebugslx.o
 .text.LL_TIM_EnableCounter
                0x080021a8       0x20 Hallhardwaredebugslx.o
 .text.LL_TIM_DisableCounter
                0x080021c8       0x20 Hallhardwaredebugslx.o
 .text.LL_TIM_SetUpdateSource
                0x080021e8       0x26 Hallhardwaredebugslx.o
 .text.LL_TIM_GetUpdateSource
                0x0800220e       0x1c Hallhardwaredebugslx.o
 .text.LL_TIM_GetAutoReload
                0x0800222a       0x18 Hallhardwaredebugslx.o
 .text.LL_TIM_SetRepetitionCounter
                0x08002242       0x1c Hallhardwaredebugslx.o
 .text.LL_TIM_OC_SetCompareCH1
                0x0800225e       0x1c Hallhardwaredebugslx.o
 .text.LL_TIM_OC_SetCompareCH2
                0x0800227a       0x1c Hallhardwaredebugslx.o
 .text.LL_TIM_OC_SetCompareCH3
                0x08002296       0x1c Hallhardwaredebugslx.o
 .text.LL_TIM_OC_GetCompareCH1
                0x080022b2       0x18 Hallhardwaredebugslx.o
 .text.LL_TIM_OC_GetCompareCH2
                0x080022ca       0x18 Hallhardwaredebugslx.o
 .text.LL_TIM_OC_GetCompareCH3
                0x080022e2       0x18 Hallhardwaredebugslx.o
 .text.LL_TIM_GenerateEvent_UPDATE
                0x080022fa       0x20 Hallhardwaredebugslx.o
 .text.LL_GPIO_ReadInputPort
                0x0800231a       0x18 Hallhardwaredebugslx.o
 .text.LL_GPIO_SetOutputPin
                0x08002332       0x1c Hallhardwaredebugslx.o
 .text.LL_GPIO_ResetOutputPin
                0x0800234e       0x1e Hallhardwaredebugslx.o
 .text.convertDutyCyclePercentageToCounts
                0x0800236c       0x88 Hallhardwaredebugslx.o
 .text.setDutyCycleChannel1
                0x080023f4       0x30 Hallhardwaredebugslx.o
 .text.setDutyCycleChannel2
                0x08002424       0x30 Hallhardwaredebugslx.o
 .text.setDutyCycleChannel3
                0x08002454       0x30 Hallhardwaredebugslx.o
 .text.setDutyCycleInPercentageChannel1
                0x08002484       0x28 Hallhardwaredebugslx.o
 .text.setDutyCycleInPercentageChannel2
                0x080024ac       0x28 Hallhardwaredebugslx.o
 .text.setDutyCycleInPercentageChannel3
                0x080024d4       0x28 Hallhardwaredebugslx.o
 .text.isSlaveTriggerModeEnabled
                0x080024fc       0x2c Hallhardwaredebugslx.o
 .text.enableCounter
                0x08002528       0xa0 Hallhardwaredebugslx.o
 .text.disableCounter
                0x080025c8       0x1a Hallhardwaredebugslx.o
 .text.Hallhardware_IfActionSubsystem6
                0x080025e2       0x2a Hallhardwaredebugslx.o
                0x080025e2                Hallhardware_IfActionSubsystem6
 .text.Hallhardwared_IfActionSubsystem
                0x0800260c       0x28 Hallhardwaredebugslx.o
                0x0800260c                Hallhardwared_IfActionSubsystem
 .text.Hallhardwaredeb_ValidHalls_Init
                0x08002634       0x38 Hallhardwaredebugslx.o
                0x08002634                Hallhardwaredeb_ValidHalls_Init
 .text.Hallhardwaredebugslx_ValidHalls
                0x0800266c      0x140 Hallhardwaredebugslx.o
                0x0800266c                Hallhardwaredebugslx_ValidHalls
 .text.Badhallglitchorwrongconnection
                0x080027ac       0x32 Hallhardwaredebugslx.o
                0x080027ac                Badhallglitchorwrongconnection
 .text.Hallhardwarede_SystemCore_setup
                0x080027de       0x6a Hallhardwaredebugslx.o
 .text.Hallhardware_SystemCore_setup_i
                0x08002848       0x6a Hallhardwaredebugslx.o
 .text.Hallhardware_SystemCore_setup_g
                0x080028b2       0x6a Hallhardwaredebugslx.o
 .text.Hallhardwaredebugs_HallValueof1
                0x0800291c       0x1e Hallhardwaredebugslx.o
                0x0800291c                Hallhardwaredebugs_HallValueof1
 *fill*         0x0800293a        0x2 
 .text.Hallhardwar_SystemCore_setup_gg
                0x0800293c       0x80 Hallhardwaredebugslx.o
 .text.Hallhardwar_PWMOutput_setupImpl
                0x080029bc       0x84 Hallhardwaredebugslx.o
 .text.Hallhardw_PWMOutput_setupImpl_f
                0x08002a40       0x84 Hallhardwaredebugslx.o
 .text.Hallhardwaredebugslx_step
                0x08002ac4      0x108 Hallhardwaredebugslx.o
                0x08002ac4                Hallhardwaredebugslx_step
 *fill*         0x08002bcc        0x4 
 .text.Hallhardwaredebugslx_initialize
                0x08002bd0      0x6b8 Hallhardwaredebugslx.o
                0x08002bd0                Hallhardwaredebugslx_initialize
 .text.Hallhardwaredebugslx_terminate
                0x08003288      0x19c Hallhardwaredebugslx.o
                0x08003288                Hallhardwaredebugslx_terminate
 .text.Hallhardwaredebugslx_configure_interrupts
                0x08003424       0x30 Hallhardwaredebugslx.o
                0x08003424                Hallhardwaredebugslx_configure_interrupts
 *fill*         0x08003454        0x4 
 .text.EXTI15_10_IRQHandler
                0x08003458      0xa68 Hallhardwaredebugslx.o
                0x08003458                EXTI15_10_IRQHandler
 .text.ADC_IRQHandler
                0x08003ec0      0xdf4 Hallhardwaredebugslx.o
                0x08003ec0                ADC_IRQHandler
 .text.Hallhardwaredebugslx_unconfigure_interrupts
                0x08004cb4       0x14 Hallhardwaredebugslx.o
                0x08004cb4                Hallhardwaredebugslx_unconfigure_interrupts
 .text.rt_OneStep
                0x08004cc8       0x78 ert_main.o
                0x08004cc8                rt_OneStep
 .text.main     0x08004d40      0x194 ert_main.o
                0x08004d40                main
 .text.rtIsInf  0x08004ed4       0x48 rt_nonfinite.o
                0x08004ed4                rtIsInf
 .text.rtIsNaN  0x08004f1c       0x2a rt_nonfinite.o
                0x08004f1c                rtIsNaN
 .text.xcp_void_printf
                0x08004f46       0x12 xcp_ext_common.o
                0x08004f46                xcp_void_printf
 .text.xcpCopyTimeValue
                0x08004f58       0x26 xcp_ext_common.o
 *fill*         0x08004f7e        0x2 
 .text.xcpExtModeUpdateTime
                0x08004f80      0x13c xcp_ext_common.o
                0x08004f80                xcpExtModeUpdateTime
 .text.xcpExtModeInit
                0x080050bc       0x9c xcp_ext_common.o
                0x080050bc                xcpExtModeInit
 .text.xcpExtModeRunBackground
                0x08005158      0x13c xcp_ext_common.o
                0x08005158                xcpExtModeRunBackground
 .text.xcpExtModeReset
                0x08005294      0x128 xcp_ext_common.o
                0x08005294                xcpExtModeReset
 .text.sampleSignalTrigger
                0x080053bc      0x1b4 xcp_ext_classic_trigger.o
 .text.updateTriggerStatus
                0x08005570      0x2b8 xcp_ext_classic_trigger.o
 .text.xcpExtModeClassicTriggerInit
                0x08005828       0x68 xcp_ext_classic_trigger.o
                0x08005828                xcpExtModeClassicTriggerInit
 .text.xcpExtModeClassicTriggerEnabled
                0x08005890      0x100 xcp_ext_classic_trigger.o
                0x08005890                xcpExtModeClassicTriggerEnabled
 .text.xcpExtModeClassicTriggerReset
                0x08005990       0xf4 xcp_ext_classic_trigger.o
                0x08005990                xcpExtModeClassicTriggerReset
 .text.xcpExtModeClassicTriggerForceEnableStatusUpdate
                0x08005a84       0x80 xcp_ext_classic_trigger.o
                0x08005a84                xcpExtModeClassicTriggerForceEnableStatusUpdate
 .text.msgBufferRealloc
                0x08005b04       0x72 xcp.o
 *fill*         0x08005b76        0x2 
 .text.discardInputPacketHandler
                0x08005b78       0x3c xcp.o
 .text.unknownInputPacketHandler
                0x08005bb4       0x34 xcp.o
 .text.xcpGetPacketGroupID
                0x08005be8       0x74 xcp.o
 .text.xcpGetPacketHandlers
                0x08005c5c      0x124 xcp.o
 .text.xcpStatusSet
                0x08005d80       0x20 xcp.o
                0x08005d80                xcpStatusSet
 .text.xcpSessionStatusGet
                0x08005da0       0x18 xcp.o
                0x08005da0                xcpSessionStatusGet
 .text.xcpSessionStatusSetMask
                0x08005db8       0x28 xcp.o
                0x08005db8                xcpSessionStatusSetMask
 .text.xcpSessionStatusClearMask
                0x08005de0       0x34 xcp.o
                0x08005de0                xcpSessionStatusClearMask
 .text.xcpResourceProtectionStatusGet
                0x08005e14       0x18 xcp.o
                0x08005e14                xcpResourceProtectionStatusGet
 .text.xcpSessionConfigurationIdGet
                0x08005e2c       0x18 xcp.o
                0x08005e2c                xcpSessionConfigurationIdGet
 .text.genericOutputPacketHandler
                0x08005e44      0x11c xcp.o
                0x08005e44                genericOutputPacketHandler
 .text.xcpFindPacket
                0x08005f60       0x6e xcp.o
                0x08005f60                xcpFindPacket
 *fill*         0x08005fce        0x2 
 .text.xcpInit  0x08005fd0       0x64 xcp.o
                0x08005fd0                xcpInit
 .text.xcpRun   0x08006034      0x194 xcp.o
                0x08006034                xcpRun
 .text.xcpEvent
                0x080061c8       0x50 xcp.o
                0x080061c8                xcpEvent
 .text.xcpGetStatus
                0x08006218       0x18 xcp.o
                0x08006218                xcpGetStatus
 .text.xcpReset
                0x08006230       0x40 xcp.o
                0x08006230                xcpReset
 .text.xcpPackedModeEventsFlush
                0x08006270       0x1e xcp.o
                0x08006270                xcpPackedModeEventsFlush
 .text.xcpPackedModeEventReset
                0x0800628e       0x2a xcp.o
                0x0800628e                xcpPackedModeEventReset
 .text.isValidUploadSize
                0x080062b8       0x30 xcp_standard.o
 .text.xcpMemcpyFromMTA
                0x080062e8       0x38 xcp_standard.o
 .text.connectInputPacketHandler
                0x08006320       0xa4 xcp_standard.o
 .text.connectOutputPacketHandler
                0x080063c4       0xd4 xcp_standard.o
 .text.disconnectInputPacketHandler
                0x08006498       0x54 xcp_standard.o
 .text.getStatusInputPacketHandler
                0x080064ec       0x28 xcp_standard.o
 .text.getStatusOutputPacketHandler
                0x08006514       0x80 xcp_standard.o
 .text.synchInputPacketHandler
                0x08006594       0x44 xcp_standard.o
 .text.setMTAInputPacketHandler
                0x080065d8       0x78 xcp_standard.o
 .text.uploadInputPacketHandler
                0x08006650       0x98 xcp_standard.o
 .text.uploadOutputPacketHandler
                0x080066e8       0x9c xcp_standard.o
 .text.shortUploadInputPacketHandler
                0x08006784       0xa4 xcp_standard.o
 .text.shortUploadOutputPacketHandler
                0x08006828       0x9c xcp_standard.o
 .text.getPacket
                0x080068c4       0x24 xcp_standard.o
 .text.xcpStandardInit
                0x080068e8       0x18 xcp_standard.o
                0x080068e8                xcpStandardInit
 .text.xcpStandardGetPacketLookup
                0x08006900       0x18 xcp_standard.o
                0x08006900                xcpStandardGetPacketLookup
 .text.xcpStandardSetPacketLookup
                0x08006918       0x20 xcp_standard.o
                0x08006918                xcpStandardSetPacketLookup
 .text.xcpStandardReset
                0x08006938       0x12 xcp_standard.o
                0x08006938                xcpStandardReset
 *fill*         0x0800694a        0x2 
 .text.xcpStandardGetAddressFromMta
                0x0800694c       0x18 xcp_standard.o
                0x0800694c                xcpStandardGetAddressFromMta
 .text.xcpStandardSetMta
                0x08006964       0x3c xcp_standard.o
                0x08006964                xcpStandardSetMta
 .text.xcpStandardIncrementMta
                0x080069a0       0x28 xcp_standard.o
                0x080069a0                xcpStandardIncrementMta
 .text.xcpStandardExtendedInit
                0x080069c8        0xe xcp_standard.o
                0x080069c8                xcpStandardExtendedInit
 .text.xcpStandardExtendedReset
                0x080069d6        0xe xcp_standard.o
                0x080069d6                xcpStandardExtendedReset
 .text.xcpDaqWriteLock
                0x080069e4       0x4c xcp_daq.o
 .text.xcpDaqWriteUnlock
                0x08006a30       0x20 xcp_daq.o
 .text.xcpDaqReadLock
                0x08006a50       0x38 xcp_daq.o
 .text.xcpDaqReadUnlock
                0x08006a88       0x38 xcp_daq.o
 .text.isActiveDaqList
                0x08006ac0       0x50 xcp_daq.o
 .text.noActiveDaqLists
                0x08006b10       0x50 xcp_daq.o
 .text.isValidDaqPtr
                0x08006b60       0xb8 xcp_daq.o
 .text.isValidDaqEntry
                0x08006c18       0x36 xcp_daq.o
 .text.isSupportedDaqListMode
                0x08006c4e       0x26 xcp_daq.o
 .text.isValidStartStopMode
                0x08006c74       0x32 xcp_daq.o
 .text.isValidStartStopSynchMode
                0x08006ca6       0x32 xcp_daq.o
 .text.absoluteOdtNumberIdentification
                0x08006cd8       0x10 xcp_daq.o
 .text.isDaqPackedModeEnabled
                0x08006ce8       0x6c xcp_daq.o
 .text.odtPacketSize
                0x08006d54       0x54 xcp_daq.o
 .text.createDaqReservedPool
                0x08006da8       0x88 xcp_daq.o
 .text.destroyDaqReservedPool
                0x08006e30       0x2c xcp_daq.o
 .text.setDaqPtrInputPacketHandler
                0x08006e5c       0xdc xcp_daq.o
 .text.writeDaqInputPacketHandler
                0x08006f38      0x198 xcp_daq.o
 .text.setDaqListModeInputPacketHandler
                0x080070d0      0x1c8 xcp_daq.o
 .text.startStopDaqListInputPacketHandler
                0x08007298      0x3f4 xcp_daq.o
 .text.startStopDaqListOutputPacketHandler
                0x0800768c       0x5c xcp_daq.o
 .text.startStopSynchInputPacketHandler
                0x080076e8      0x328 xcp_daq.o
 .text.getDaqProcessorInfoInputPacketHandler
                0x08007a10       0x28 xcp_daq.o
 .text.getDaqProcessorInfoOutputPacketHandler
                0x08007a38       0xac xcp_daq.o
 .text.getDaqResolutionInfoInputPacketHandler
                0x08007ae4       0x28 xcp_daq.o
 .text.getDaqResolutionInfoOutputPacketHandler
                0x08007b0c       0xb8 xcp_daq.o
 .text.freeDaqInputPacketHandler
                0x08007bc4       0x5c xcp_daq.o
 .text.allocDaqInputPacketHandler
                0x08007c20      0x18c xcp_daq.o
 .text.allocOdtInputPacketHandler
                0x08007dac      0x1c0 xcp_daq.o
 .text.allocOdtEntryInputPacketHandler
                0x08007f6c      0x270 xcp_daq.o
 .text.getDaqClockInputPacketHandler
                0x080081dc       0x22 xcp_daq.o
 *fill*         0x080081fe        0x2 
 .text.setDaqPackedModeInputPacketHandler
                0x08008200      0x21c xcp_daq.o
 .text.level1CommandInputPacketHandler
                0x0800841c       0x64 xcp_daq.o
 .text.getPacket
                0x08008480       0x24 xcp_daq.o
 .text.xcpDaqInit
                0x080084a4       0x38 xcp_daq.o
                0x080084a4                xcpDaqInit
 .text.xcpDaqGetPacketLookup
                0x080084dc       0x18 xcp_daq.o
                0x080084dc                xcpDaqGetPacketLookup
 .text.xcpDaqSetPacketLookup
                0x080084f4       0x20 xcp_daq.o
                0x080084f4                xcpDaqSetPacketLookup
 .text.xcpResetDaq
                0x08008514       0xa4 xcp_daq.o
 .text.daqWriteXCPDataForOdt
                0x080085b8       0x7c xcp_daq.o
 .text.odtWriteEntries
                0x08008634       0x9c xcp_daq.o
 .text.xcpProcessDaq
                0x080086d0      0x208 xcp_daq.o
 .text.xcpDaqEvent
                0x080088d8      0x108 xcp_daq.o
                0x080088d8                xcpDaqEvent
 .text.xcpDaqEventsFlush
                0x080089e0      0x284 xcp_daq.o
                0x080089e0                xcpDaqEventsFlush
 .text.xcpDaqLock
                0x08008c64       0x1e xcp_daq.o
                0x08008c64                xcpDaqLock
 .text.xcpDaqUnlock
                0x08008c82        0xe xcp_daq.o
                0x08008c82                xcpDaqUnlock
 .text.xcpResetDaqListStatus
                0x08008c90      0x19c xcp_daq.o
                0x08008c90                xcpResetDaqListStatus
 .text.xcpDaqReset
                0x08008e2c       0x20 xcp_daq.o
                0x08008e2c                xcpDaqReset
 .text.xcpDaqExtendedInit
                0x08008e4c        0xe xcp_daq.o
                0x08008e4c                xcpDaqExtendedInit
 .text.xcpDaqExtendedReset
                0x08008e5a        0xe xcp_daq.o
                0x08008e5a                xcpDaqExtendedReset
 .text.isValidShortDownloadSize
                0x08008e68       0x34 xcp_calibration.o
 .text.isValidDownloadSize
                0x08008e9c       0x3a xcp_calibration.o
 *fill*         0x08008ed6        0x2 
 .text.xcpMemcpyToMTA
                0x08008ed8       0x34 xcp_calibration.o
 .text.downloadInputPacketHandler
                0x08008f0c       0xb0 xcp_calibration.o
 .text.shortDownloadInputPacketHandler
                0x08008fbc       0xb8 xcp_calibration.o
 .text.getPacket
                0x08009074       0x24 xcp_calibration.o
 .text.xcpCalibrationInit
                0x08009098       0x14 xcp_calibration.o
                0x08009098                xcpCalibrationInit
 .text.xcpCalibrationGetPacketLookup
                0x080090ac       0x18 xcp_calibration.o
                0x080090ac                xcpCalibrationGetPacketLookup
 .text.xcpCalibrationSetPacketLookup
                0x080090c4       0x20 xcp_calibration.o
                0x080090c4                xcpCalibrationSetPacketLookup
 .text.xcpCalibrationReset
                0x080090e4        0xe xcp_calibration.o
                0x080090e4                xcpCalibrationReset
 .text.xcpFifoInit
                0x080090f2       0x20 xcp_fifo.o
                0x080090f2                xcpFifoInit
 .text.xcpFifoEnqueue
                0x08009112       0x2a xcp_fifo.o
                0x08009112                xcpFifoEnqueue
 .text.xcpFifoDequeue
                0x0800913c       0x3e xcp_fifo.o
                0x0800913c                xcpFifoDequeue
 .text.xcpFifoEnqueueHead
                0x0800917a       0x32 xcp_fifo.o
                0x0800917a                xcpFifoEnqueueHead
 .text.xcpFifoReset
                0x080091ac       0x16 xcp_fifo.o
                0x080091ac                xcpFifoReset
 *fill*         0x080091c2        0x2 
 .text.xcpTransportEmptyTxFifo
                0x080091c4       0x6c xcp_transport.o
 .text.xcpTransportEmptyRxFifo
                0x08009230       0x6c xcp_transport.o
 .text.xcpTransportInit
                0x0800929c      0x138 xcp_transport.o
                0x0800929c                xcpTransportInit
 .text.xcpTransportTxReady
                0x080093d4       0x1a xcp_transport.o
                0x080093d4                xcpTransportTxReady
 .text.xcpTransportTxTrigger
                0x080093ee       0x1a xcp_transport.o
                0x080093ee                xcpTransportTxTrigger
 .text.xcpTransportTxPacketSet
                0x08009408      0x144 xcp_transport.o
                0x08009408                xcpTransportTxPacketSet
 .text.xcpTransportTx
                0x0800954c       0xec xcp_transport.o
                0x0800954c                xcpTransportTx
 .text.xcpTransportRx
                0x08009638       0x80 xcp_transport.o
                0x08009638                xcpTransportRx
 .text.xcpTransportRxPacketGet
                0x080096b8      0x12c xcp_transport.o
                0x080096b8                xcpTransportRxPacketGet
 .text.xcpTransportPacketOffset
                0x080097e4       0x20 xcp_transport.o
                0x080097e4                xcpTransportPacketOffset
 .text.xcpTransportMsgBufferSize
                0x08009804       0x70 xcp_transport.o
                0x08009804                xcpTransportMsgBufferSize
 .text.xcpTransportMaxDtoSize
                0x08009874        0xe xcp_transport.o
                0x08009874                xcpTransportMaxDtoSize
 .text.xcpTransportMaxCtoSize
                0x08009882        0xe xcp_transport.o
                0x08009882                xcpTransportMaxCtoSize
 .text.xcpTransportRestart
                0x08009890       0x44 xcp_transport.o
                0x08009890                xcpTransportRestart
 .text.xcpTransportResynch
                0x080098d4       0x40 xcp_transport.o
                0x080098d4                xcpTransportResynch
 .text.xcpTransportCtoReservedMemPoolId
                0x08009914       0x18 xcp_transport.o
                0x08009914                xcpTransportCtoReservedMemPoolId
 .text.xcpTransportReset
                0x0800992c       0xe4 xcp_transport.o
                0x0800992c                xcpTransportReset
 .text.xcpInitializePoolMemoryArea
                0x08009a10       0x72 xcp_mem_default.o
 *fill*         0x08009a82        0x2 
 .text.xcpMemInit
                0x08009a84      0x1d4 xcp_mem_default.o
                0x08009a84                xcpMemInit
 .text.xcpMemAlloc
                0x08009c58       0xe8 xcp_mem_default.o
                0x08009c58                xcpMemAlloc
 .text.xcpMemFree
                0x08009d40      0x170 xcp_mem_default.o
                0x08009d40                xcpMemFree
 .text.xcpMemReservedPoolCreate
                0x08009eb0      0x224 xcp_mem_default.o
                0x08009eb0                xcpMemReservedPoolCreate
 .text.xcpMemReservedPoolDestroy
                0x0800a0d4      0x158 xcp_mem_default.o
                0x0800a0d4                xcpMemReservedPoolDestroy
 .text.xcpMemCustomPoolCreate
                0x0800a22c       0xbc xcp_mem_default.o
                0x0800a22c                xcpMemCustomPoolCreate
 .text.xcpMemCustomPoolDestroy
                0x0800a2e8       0x64 xcp_mem_default.o
                0x0800a2e8                xcpMemCustomPoolDestroy
 .text.xcpMemAllocFromPool
                0x0800a34c      0x170 xcp_mem_default.o
                0x0800a34c                xcpMemAllocFromPool
 .text.xcpMemReset
                0x0800a4bc       0x50 xcp_mem_default.o
                0x0800a4bc                xcpMemReset
 .text.xcpDrvOpen
                0x0800a50c       0x64 xcp_drv_rtiostream.o
                0x0800a50c                xcpDrvOpen
 .text.xcpDrvIoctl
                0x0800a570       0x4c xcp_drv_rtiostream.o
                0x0800a570                xcpDrvIoctl
 .text.xcpDrvSend
                0x0800a5bc      0x14c xcp_drv_rtiostream.o
                0x0800a5bc                xcpDrvSend
 .text.xcpDrvRecv
                0x0800a708      0x14c xcp_drv_rtiostream.o
                0x0800a708                xcpDrvRecv
 .text.xcpDrvClose
                0x0800a854       0x5c xcp_drv_rtiostream.o
                0x0800a854                xcpDrvClose
 .text.xcpSortArray
                0x0800a8b0       0xcc xcp_utils.o
                0x0800a8b0                xcpSortArray
 .text.xcpSxiHtons
                0x0800a97c       0x18 xcp_frame_serial.o
 .text.xcpSxiNtohs
                0x0800a994       0x1c xcp_frame_serial.o
 .text.xcpSxiChecksum
                0x0800a9b0       0x3e xcp_frame_serial.o
                0x0800a9b0                xcpSxiChecksum
 *fill*         0x0800a9ee        0x2 
 .text.xcpFrameInit
                0x0800a9f0       0x70 xcp_frame_serial.o
                0x0800a9f0                xcpFrameInit
 .text.xcpFrameMsgSend
                0x0800aa60      0x184 xcp_frame_serial.o
                0x0800aa60                xcpFrameMsgSend
 .text.xcpFrameMsgRecv
                0x0800abe4      0x180 xcp_frame_serial.o
                0x0800abe4                xcpFrameMsgRecv
 .text.xcpFrameCreateMsg
                0x0800ad64       0x94 xcp_frame_serial.o
                0x0800ad64                xcpFrameCreateMsg
 .text.xcpFrameExtractPacket
                0x0800adf8      0x154 xcp_frame_serial.o
                0x0800adf8                xcpFrameExtractPacket
 .text.xcpFrameHeaderSize
                0x0800af4c       0x10 xcp_frame_serial.o
                0x0800af4c                xcpFrameHeaderSize
 .text.xcpFrameTailSize
                0x0800af5c       0x10 xcp_frame_serial.o
                0x0800af5c                xcpFrameTailSize
 .text.xcpFrameMaxDtoSize
                0x0800af6c       0x12 xcp_frame_serial.o
                0x0800af6c                xcpFrameMaxDtoSize
 .text.xcpFrameMaxCtoSize
                0x0800af7e       0x10 xcp_frame_serial.o
                0x0800af7e                xcpFrameMaxCtoSize
 *fill*         0x0800af8e        0x2 
 .text.xcpFrameRestart
                0x0800af90       0x30 xcp_frame_serial.o
                0x0800af90                xcpFrameRestart
 .text.xcpFrameSetCtoReservedMemPoolId
                0x0800afc0       0x20 xcp_frame_serial.o
                0x0800afc0                xcpFrameSetCtoReservedMemPoolId
 .text.xcpFrameReset
                0x0800afe0       0x70 xcp_frame_serial.o
                0x0800afe0                xcpFrameReset
 .text.xcpTransportGetInitParameters
                0x0800b050       0x2e xcp_ext_param_default_serial.o
                0x0800b050                xcpTransportGetInitParameters
 .text.xcpGetInitParameters
                0x0800b07e       0x2e xcp_ext_param_default_serial.o
                0x0800b07e                xcpGetInitParameters
 .text.HAL_Delay
                0x0800b0ac       0x2e overrideHALDelay.o
                0x0800b0ac                HAL_Delay
 *fill*         0x0800b0da        0x2 
 .text.PeriphCommonClock_Config
                0x0800b0dc       0x10 platform_timer.o
                0x0800b0dc                PeriphCommonClock_Config
 .text.getCurrentTimestampInMicros
                0x0800b0ec       0x40 platform_timer.o
                0x0800b0ec                getCurrentTimestampInMicros
 .text.returnTimeElapsed
                0x0800b12c       0x2c platform_timer.o
                0x0800b12c                returnTimeElapsed
 .text.timestampInit
                0x0800b158       0x28 platform_timer.o
 .text.getCurrentTimestamp
                0x0800b180       0x44 platform_timer.o
                0x0800b180                getCurrentTimestamp
 .text.__NVIC_SetPriority
                0x0800b1c4       0x54 SysTickScheduler.o
 .text.SysTick_Config
                0x0800b218       0x44 SysTickScheduler.o
 .text.SysTick_Isr
                0x0800b25c       0x48 SysTickScheduler.o
 .text.SysTick_Handler
                0x0800b2a4       0x20 SysTickScheduler.o
                0x0800b2a4                SysTick_Handler
 .text.ARMCM_SysTick_Config
                0x0800b2c4       0xb8 SysTickScheduler.o
                0x0800b2c4                ARMCM_SysTick_Config
 .text.PendSV_Handler
                0x0800b37c       0x44 m3m4m4f_multitasking.o
                0x0800b37c                PendSV_Handler
 .text.SVC_Handler
                0x0800b3c0       0x58 m3m4m4f_multitasking.o
                0x0800b3c0                SVC_Handler
 .text.rtIOStreamOpen
                0x0800b418       0x44 rtiostream_serial.o
                0x0800b418                rtIOStreamOpen
 .text.rtIOStreamSend
                0x0800b45c       0x38 rtiostream_serial.o
                0x0800b45c                rtIOStreamSend
 .text.rtIOStreamRecv
                0x0800b494       0x48 rtiostream_serial.o
                0x0800b494                rtIOStreamRecv
 .text.rtIOStreamClose
                0x0800b4dc       0x20 rtiostream_serial.o
                0x0800b4dc                rtIOStreamClose
 .text.__NVIC_GetPriorityGrouping
                0x0800b4fc       0x1c stm_usart.o
 .text.__NVIC_EnableIRQ
                0x0800b518       0x3c stm_usart.o
 .text.__NVIC_SetPriority
                0x0800b554       0x54 stm_usart.o
 .text.NVIC_EncodePriority
                0x0800b5a8       0x66 stm_usart.o
 *fill*         0x0800b60e        0x2 
 .text.LL_DMA_EnableStream
                0x0800b610       0x40 stm_usart.o
 .text.LL_DMA_DisableStream
                0x0800b650       0x40 stm_usart.o
 .text.LL_DMA_GetMode
                0x0800b690       0x30 stm_usart.o
 .text.LL_DMA_SetDataLength
                0x0800b6c0       0x48 stm_usart.o
 .text.LL_DMA_GetDataLength
                0x0800b708       0x2c stm_usart.o
 .text.LL_DMA_ConfigAddresses
                0x0800b734       0x78 stm_usart.o
 .text.LL_DMA_IsActiveFlag_TC5
                0x0800b7ac       0x28 stm_usart.o
 .text.LL_DMA_ClearFlag_TC5
                0x0800b7d4       0x1c stm_usart.o
 .text.LL_DMA_EnableIT_TC
                0x0800b7f0       0x40 stm_usart.o
 .text.LL_DMA_DisableIT_TC
                0x0800b830       0x40 stm_usart.o
 .text.LL_DMA_IsEnabledIT_TC
                0x0800b870       0x38 stm_usart.o
 .text.LL_USART_Enable
                0x0800b8a8       0x20 stm_usart.o
 .text.LL_USART_Disable
                0x0800b8c8       0x20 stm_usart.o
 .text.LL_USART_IsActiveFlag_PE
                0x0800b8e8       0x26 stm_usart.o
 .text.LL_USART_IsActiveFlag_FE
                0x0800b90e       0x26 stm_usart.o
 .text.LL_USART_IsActiveFlag_NE
                0x0800b934       0x26 stm_usart.o
 .text.LL_USART_IsActiveFlag_ORE
                0x0800b95a       0x26 stm_usart.o
 .text.LL_USART_IsActiveFlag_TC
                0x0800b980       0x26 stm_usart.o
 .text.LL_USART_IsActiveFlag_TXE
                0x0800b9a6       0x26 stm_usart.o
 .text.LL_USART_ClearFlag_PE
                0x0800b9cc       0x24 stm_usart.o
 .text.LL_USART_ClearFlag_ORE
                0x0800b9f0       0x24 stm_usart.o
 .text.LL_USART_EnableIT_RXNE
                0x0800ba14       0x46 stm_usart.o
 .text.LL_USART_EnableIT_PE
                0x0800ba5a       0x46 stm_usart.o
 .text.LL_USART_EnableIT_ERROR
                0x0800baa0       0x46 stm_usart.o
 .text.LL_USART_DisableIT_RXNE
                0x0800bae6       0x46 stm_usart.o
 .text.LL_USART_DisableIT_TXE
                0x0800bb2c       0x46 stm_usart.o
 .text.LL_USART_DisableIT_PE
                0x0800bb72       0x46 stm_usart.o
 .text.LL_USART_DisableIT_ERROR
                0x0800bbb8       0x46 stm_usart.o
 .text.LL_USART_EnableDMAReq_RX
                0x0800bbfe       0x46 stm_usart.o
 .text.LL_USART_DisableDMAReq_RX
                0x0800bc44       0x46 stm_usart.o
 .text.LL_USART_EnableDMAReq_TX
                0x0800bc8a       0x46 stm_usart.o
 .text.LL_USART_DisableDMAReq_TX
                0x0800bcd0       0x46 stm_usart.o
 .text.LL_USART_DMA_GetRegAddr
                0x0800bd16       0x18 stm_usart.o
 .text.LL_USART_ReceiveData8
                0x0800bd2e       0x1a stm_usart.o
 .text.LL_USART_TransmitData8
                0x0800bd48       0x1e stm_usart.o
 .text.getAvailableDataInBuffer
                0x0800bd66       0xcc stm_usart.o
                0x0800bd66                getAvailableDataInBuffer
 .text.getBytesToBeReadFromBuffer
                0x0800be32       0x6e stm_usart.o
                0x0800be32                getBytesToBeReadFromBuffer
 .text.readDataFromBuffer
                0x0800bea0       0xcc stm_usart.o
                0x0800bea0                readDataFromBuffer
 .text.UART_RXDMAInterruptHandler
                0x0800bf6c       0xd4 stm_usart.o
                0x0800bf6c                UART_RXDMAInterruptHandler
 .text.UART_IsActiveFlagError
                0x0800c040       0xd6 stm_usart.o
                0x0800c040                UART_IsActiveFlagError
 *fill*         0x0800c116        0x2 
 .text.USART2_IRQHandler
                0x0800c118       0x14 stm_usart.o
                0x0800c118                USART2_IRQHandler
 .text.DMA1_Stream5_IRQHandler
                0x0800c12c       0x20 stm_usart.o
                0x0800c12c                DMA1_Stream5_IRQHandler
 .text.UART_ConfigureReceiveDMA
                0x0800c14c       0x88 stm_usart.o
                0x0800c14c                UART_ConfigureReceiveDMA
 .text.UART_ConfigureTransmitDMA
                0x0800c1d4       0x54 stm_usart.o
                0x0800c1d4                UART_ConfigureTransmitDMA
 .text.getReadErrorStatus
                0x0800c228       0xc8 stm_usart.o
                0x0800c228                getReadErrorStatus
 .text.MW_UART_Initialize
                0x0800c2f0      0x198 stm_usart.o
                0x0800c2f0                MW_UART_Initialize
 .text.MW_UART_ReceiveUsingBuffer
                0x0800c488       0x5c stm_usart.o
                0x0800c488                MW_UART_ReceiveUsingBuffer
 .text.MW_UART_TransmitUsingPolling
                0x0800c4e4      0x184 stm_usart.o
                0x0800c4e4                MW_UART_TransmitUsingPolling
 .text.MW_UART_DeInit
                0x0800c668       0xaa stm_usart.o
                0x0800c668                MW_UART_DeInit
 .text.sys_arch_protect
                0x0800c712       0x22 sys_arch.o
                0x0800c712                sys_arch_protect
 .text.sys_arch_unprotect
                0x0800c734       0x20 sys_arch.o
                0x0800c734                sys_arch_unprotect
 .text.__NVIC_GetPriorityGrouping
                0x0800c754       0x1c main.o
 .text.__NVIC_EnableIRQ
                0x0800c770       0x3c main.o
 .text.__NVIC_SetPriority
                0x0800c7ac       0x54 main.o
 .text.NVIC_EncodePriority
                0x0800c800       0x66 main.o
 .text.LL_ADC_REG_SetSequencerRanks
                0x0800c866       0x7a main.o
 .text.LL_ADC_REG_SetFlagEndOfConversion
                0x0800c8e0       0x26 main.o
 .text.LL_ADC_INJ_SetSequencerRanks
                0x0800c906       0x74 main.o
 .text.LL_ADC_INJ_SetOffset
                0x0800c97a       0x64 main.o
 .text.LL_ADC_SetChannelSamplingTime
                0x0800c9de       0xc2 main.o
 .text.LL_ADC_INJ_StartConversionExtTrig
                0x0800caa0       0x22 main.o
 .text.LL_ADC_DisableIT_JEOS
                0x0800cac2       0x20 main.o
 *fill*         0x0800cae2        0x2 
 .text.LL_DMA_SetDataTransferDirection
                0x0800cae4       0x48 main.o
 .text.LL_DMA_SetMode
                0x0800cb2c       0x48 main.o
 .text.LL_DMA_SetPeriphIncMode
                0x0800cb74       0x48 main.o
 .text.LL_DMA_SetMemoryIncMode
                0x0800cbbc       0x48 main.o
 .text.LL_DMA_SetPeriphSize
                0x0800cc04       0x48 main.o
 .text.LL_DMA_SetMemorySize
                0x0800cc4c       0x48 main.o
 .text.LL_DMA_SetStreamPriorityLevel
                0x0800cc94       0x48 main.o
 .text.LL_DMA_SetChannelSelection
                0x0800ccdc       0x48 main.o
 .text.LL_DMA_DisableFifoMode
                0x0800cd24       0x40 main.o
 .text.LL_RCC_HSI_Enable
                0x0800cd64       0x20 main.o
 .text.LL_RCC_HSI_IsReady
                0x0800cd84       0x24 main.o
 .text.LL_RCC_HSI_SetCalibTrimming
                0x0800cda8       0x2c main.o
 .text.LL_RCC_SetSysClkSource
                0x0800cdd4       0x28 main.o
 .text.LL_RCC_GetSysClkSource
                0x0800cdfc       0x1c main.o
 .text.LL_RCC_SetAHBPrescaler
                0x0800ce18       0x28 main.o
 .text.LL_RCC_SetAPB1Prescaler
                0x0800ce40       0x28 main.o
 .text.LL_RCC_SetAPB2Prescaler
                0x0800ce68       0x28 main.o
 .text.LL_RCC_SetTIMPrescaler
                0x0800ce90       0x2c main.o
 .text.LL_RCC_PLL_Enable
                0x0800cebc       0x20 main.o
 .text.LL_RCC_PLL_IsReady
                0x0800cedc       0x28 main.o
 .text.LL_RCC_PLL_ConfigDomain_SYS
                0x0800cf04       0x4c main.o
 .text.LL_AHB1_GRP1_EnableClock
                0x0800cf50       0x30 main.o
 .text.LL_APB1_GRP1_EnableClock
                0x0800cf80       0x30 main.o
 .text.LL_APB2_GRP1_EnableClock
                0x0800cfb0       0x30 main.o
 .text.LL_SYSCFG_SetEXTISource
                0x0800cfe0       0x6c main.o
 .text.LL_FLASH_SetLatency
                0x0800d04c       0x28 main.o
 .text.LL_FLASH_GetLatency
                0x0800d074       0x1c main.o
 .text.LL_PWR_SetRegulVoltageScaling
                0x0800d090       0x28 main.o
 .text.LL_TIM_EnableARRPreload
                0x0800d0b8       0x20 main.o
 .text.LL_TIM_DisableARRPreload
                0x0800d0d8       0x20 main.o
 .text.LL_TIM_OC_DisableFast
                0x0800d0f8       0x8c main.o
 .text.LL_TIM_OC_EnablePreload
                0x0800d184       0x88 main.o
 .text.LL_TIM_SetClockSource
                0x0800d20c       0x2a main.o
 .text.LL_TIM_SetTriggerOutput
                0x0800d236       0x26 main.o
 .text.LL_TIM_EnableMasterSlaveMode
                0x0800d25c       0x20 main.o
 .text.LL_TIM_DisableMasterSlaveMode
                0x0800d27c       0x20 main.o
 .text.LL_USART_Enable
                0x0800d29c       0x20 main.o
 .text.LL_USART_ConfigAsyncMode
                0x0800d2bc       0x2c main.o
 .text.LL_GPIO_SetPinMode
                0x0800d2e8       0x7a main.o
 .text.LL_GPIO_SetPinPull
                0x0800d362       0x7a main.o
 .text.LL_GPIO_ResetOutputPin
                0x0800d3dc       0x1e main.o
 *fill*         0x0800d3fa        0x2 
 .text.SystemClock_Config
                0x0800d3fc       0xa0 main.o
                0x0800d3fc                SystemClock_Config
 .text.MX_ADC1_Init
                0x0800d49c      0x260 main.o
                0x0800d49c                MX_ADC1_Init
 .text.MX_TIM1_Init
                0x0800d6fc      0x198 main.o
                0x0800d6fc                MX_TIM1_Init
 .text.MX_TIM2_Init
                0x0800d894       0x64 main.o
                0x0800d894                MX_TIM2_Init
 .text.MX_USART2_UART_Init
                0x0800d8f8      0x100 main.o
                0x0800d8f8                MX_USART2_UART_Init
 .text.MX_DMA_Init
                0x0800d9f8       0x58 main.o
                0x0800d9f8                MX_DMA_Init
 .text.MX_GPIO_Init
                0x0800da50      0x170 main.o
                0x0800da50                MX_GPIO_Init
 .text.HAL_TIM_PeriodElapsedCallback
                0x0800dbc0       0x24 main.o
                0x0800dbc0                HAL_TIM_PeriodElapsedCallback
 .text.Error_Handler
                0x0800dbe4        0xa main.o
                0x0800dbe4                Error_Handler
 .text.NMI_Handler
                0x0800dbee        0x6 stm32f4xx_it.o
                0x0800dbee                NMI_Handler
 .text.HardFault_Handler
                0x0800dbf4        0x6 stm32f4xx_it.o
                0x0800dbf4                HardFault_Handler
 .text.MemManage_Handler
                0x0800dbfa        0x6 stm32f4xx_it.o
                0x0800dbfa                MemManage_Handler
 .text.BusFault_Handler
                0x0800dc00        0x6 stm32f4xx_it.o
                0x0800dc00                BusFault_Handler
 .text.UsageFault_Handler
                0x0800dc06        0x6 stm32f4xx_it.o
                0x0800dc06                UsageFault_Handler
 .text.DebugMon_Handler
                0x0800dc0c        0xe stm32f4xx_it.o
                0x0800dc0c                DebugMon_Handler
 *fill*         0x0800dc1a        0x2 
 .text.TIM5_IRQHandler
                0x0800dc1c       0x14 stm32f4xx_it.o
                0x0800dc1c                TIM5_IRQHandler
 .text.DMA2_Stream0_IRQHandler
                0x0800dc30        0xe stm32f4xx_it.o
                0x0800dc30                DMA2_Stream0_IRQHandler
 *fill*         0x0800dc3e        0x2 
 .text.HAL_MspInit
                0x0800dc40       0x50 stm32f4xx_hal_msp.o
                0x0800dc40                HAL_MspInit
 .text.HAL_InitTick
                0x0800dc90       0xb4 stm32f4xx_hal_timebase_tim.o
                0x0800dc90                HAL_InitTick
 .text.LL_GPIO_SetPinMode
                0x0800dd44       0x7a stm32f4xx_ll_gpio.o
 .text.LL_GPIO_SetPinOutputType
                0x0800ddbe       0x30 stm32f4xx_ll_gpio.o
 .text.LL_GPIO_SetPinSpeed
                0x0800ddee       0x7a stm32f4xx_ll_gpio.o
 .text.LL_GPIO_SetPinPull
                0x0800de68       0x7a stm32f4xx_ll_gpio.o
 .text.LL_GPIO_SetAFPin_0_7
                0x0800dee2       0x7a stm32f4xx_ll_gpio.o
 .text.LL_GPIO_SetAFPin_8_15
                0x0800df5c       0x7e stm32f4xx_ll_gpio.o
 .text.LL_GPIO_Init
                0x0800dfda      0x102 stm32f4xx_ll_gpio.o
                0x0800dfda                LL_GPIO_Init
 .text.LL_ADC_SetCommonClock
                0x0800e0dc       0x26 stm32f4xx_ll_adc.o
 .text.LL_ADC_REG_SetSequencerLength
                0x0800e102       0x26 stm32f4xx_ll_adc.o
 .text.LL_ADC_INJ_SetSequencerLength
                0x0800e128       0x26 stm32f4xx_ll_adc.o
 .text.LL_ADC_IsEnabled
                0x0800e14e       0x26 stm32f4xx_ll_adc.o
 .text.LL_ADC_CommonInit
                0x0800e174       0x3c stm32f4xx_ll_adc.o
                0x0800e174                LL_ADC_CommonInit
 .text.LL_ADC_Init
                0x0800e1b0       0x58 stm32f4xx_ll_adc.o
                0x0800e1b0                LL_ADC_Init
 .text.LL_ADC_REG_Init
                0x0800e208       0x84 stm32f4xx_ll_adc.o
                0x0800e208                LL_ADC_REG_Init
 .text.LL_ADC_INJ_Init
                0x0800e28c       0x80 stm32f4xx_ll_adc.o
                0x0800e28c                LL_ADC_INJ_Init
 .text.LL_RCC_GetSysClkSource
                0x0800e30c       0x1c stm32f4xx_ll_rcc.o
 .text.LL_RCC_GetAHBPrescaler
                0x0800e328       0x1c stm32f4xx_ll_rcc.o
 .text.LL_RCC_GetAPB1Prescaler
                0x0800e344       0x1c stm32f4xx_ll_rcc.o
 .text.LL_RCC_GetAPB2Prescaler
                0x0800e360       0x1c stm32f4xx_ll_rcc.o
 .text.LL_RCC_PLL_GetMainSource
                0x0800e37c       0x1c stm32f4xx_ll_rcc.o
 .text.LL_RCC_PLL_GetN
                0x0800e398       0x1c stm32f4xx_ll_rcc.o
 .text.LL_RCC_PLL_GetP
                0x0800e3b4       0x1c stm32f4xx_ll_rcc.o
 .text.LL_RCC_PLL_GetDivider
                0x0800e3d0       0x1c stm32f4xx_ll_rcc.o
 .text.LL_RCC_GetSystemClocksFreq
                0x0800e3ec       0x4a stm32f4xx_ll_rcc.o
                0x0800e3ec                LL_RCC_GetSystemClocksFreq
 *fill*         0x0800e436        0x2 
 .text.RCC_GetSystemClockFreq
                0x0800e438       0x50 stm32f4xx_ll_rcc.o
                0x0800e438                RCC_GetSystemClockFreq
 .text.RCC_GetHCLKClockFreq
                0x0800e488       0x2c stm32f4xx_ll_rcc.o
                0x0800e488                RCC_GetHCLKClockFreq
 .text.RCC_GetPCLK1ClockFreq
                0x0800e4b4       0x28 stm32f4xx_ll_rcc.o
                0x0800e4b4                RCC_GetPCLK1ClockFreq
 .text.RCC_GetPCLK2ClockFreq
                0x0800e4dc       0x28 stm32f4xx_ll_rcc.o
                0x0800e4dc                RCC_GetPCLK2ClockFreq
 .text.RCC_PLL_GetFreqDomain_SYS
                0x0800e504       0x7c stm32f4xx_ll_rcc.o
                0x0800e504                RCC_PLL_GetFreqDomain_SYS
 .text.LL_SetSystemCoreClock
                0x0800e580       0x20 stm32f4xx_ll_utils.o
                0x0800e580                LL_SetSystemCoreClock
 .text.LL_EXTI_EnableIT_0_31
                0x0800e5a0       0x24 stm32f4xx_ll_exti.o
 .text.LL_EXTI_DisableIT_0_31
                0x0800e5c4       0x28 stm32f4xx_ll_exti.o
 .text.LL_EXTI_EnableEvent_0_31
                0x0800e5ec       0x24 stm32f4xx_ll_exti.o
 .text.LL_EXTI_DisableEvent_0_31
                0x0800e610       0x28 stm32f4xx_ll_exti.o
 .text.LL_EXTI_EnableRisingTrig_0_31
                0x0800e638       0x24 stm32f4xx_ll_exti.o
 .text.LL_EXTI_DisableRisingTrig_0_31
                0x0800e65c       0x28 stm32f4xx_ll_exti.o
 .text.LL_EXTI_EnableFallingTrig_0_31
                0x0800e684       0x24 stm32f4xx_ll_exti.o
 .text.LL_EXTI_DisableFallingTrig_0_31
                0x0800e6a8       0x28 stm32f4xx_ll_exti.o
 .text.LL_EXTI_Init
                0x0800e6d0       0xfe stm32f4xx_ll_exti.o
                0x0800e6d0                LL_EXTI_Init
 *fill*         0x0800e7ce        0x2 
 .text.HAL_RCC_GetHCLKFreq
                0x0800e7d0       0x18 stm32f4xx_hal_rcc.o
                0x0800e7d0                HAL_RCC_GetHCLKFreq
 .text.HAL_RCC_GetPCLK1Freq
                0x0800e7e8       0x28 stm32f4xx_hal_rcc.o
                0x0800e7e8                HAL_RCC_GetPCLK1Freq
 .text.HAL_RCC_GetClockConfig
                0x0800e810       0x64 stm32f4xx_hal_rcc.o
                0x0800e810                HAL_RCC_GetClockConfig
 .text.__NVIC_SetPriorityGrouping
                0x0800e874       0x48 stm32f4xx_hal_cortex.o
 .text.__NVIC_GetPriorityGrouping
                0x0800e8bc       0x1c stm32f4xx_hal_cortex.o
 .text.__NVIC_EnableIRQ
                0x0800e8d8       0x3c stm32f4xx_hal_cortex.o
 .text.__NVIC_SetPriority
                0x0800e914       0x54 stm32f4xx_hal_cortex.o
 .text.NVIC_EncodePriority
                0x0800e968       0x66 stm32f4xx_hal_cortex.o
 .text.HAL_NVIC_SetPriorityGrouping
                0x0800e9ce       0x16 stm32f4xx_hal_cortex.o
                0x0800e9ce                HAL_NVIC_SetPriorityGrouping
 .text.HAL_NVIC_SetPriority
                0x0800e9e4       0x38 stm32f4xx_hal_cortex.o
                0x0800e9e4                HAL_NVIC_SetPriority
 .text.HAL_NVIC_EnableIRQ
                0x0800ea1c       0x1c stm32f4xx_hal_cortex.o
                0x0800ea1c                HAL_NVIC_EnableIRQ
 .text.HAL_Init
                0x0800ea38       0x44 stm32f4xx_hal.o
                0x0800ea38                HAL_Init
 .text.HAL_IncTick
                0x0800ea7c       0x28 stm32f4xx_hal.o
                0x0800ea7c                HAL_IncTick
 .text.HAL_GetTick
                0x0800eaa4       0x18 stm32f4xx_hal.o
                0x0800eaa4                HAL_GetTick
 .text.HAL_TIM_Base_Init
                0x0800eabc       0x9e stm32f4xx_hal_tim.o
                0x0800eabc                HAL_TIM_Base_Init
 .text.HAL_TIM_Base_MspInit
                0x0800eb5a       0x14 stm32f4xx_hal_tim.o
                0x0800eb5a                HAL_TIM_Base_MspInit
 *fill*         0x0800eb6e        0x2 
 .text.HAL_TIM_Base_Start_IT
                0x0800eb70       0xc4 stm32f4xx_hal_tim.o
                0x0800eb70                HAL_TIM_Base_Start_IT
 .text.HAL_TIM_IRQHandler
                0x0800ec34      0x210 stm32f4xx_hal_tim.o
                0x0800ec34                HAL_TIM_IRQHandler
 .text.HAL_TIM_OC_DelayElapsedCallback
                0x0800ee44       0x14 stm32f4xx_hal_tim.o
                0x0800ee44                HAL_TIM_OC_DelayElapsedCallback
 .text.HAL_TIM_IC_CaptureCallback
                0x0800ee58       0x14 stm32f4xx_hal_tim.o
                0x0800ee58                HAL_TIM_IC_CaptureCallback
 .text.HAL_TIM_PWM_PulseFinishedCallback
                0x0800ee6c       0x14 stm32f4xx_hal_tim.o
                0x0800ee6c                HAL_TIM_PWM_PulseFinishedCallback
 .text.HAL_TIM_TriggerCallback
                0x0800ee80       0x14 stm32f4xx_hal_tim.o
                0x0800ee80                HAL_TIM_TriggerCallback
 .text.TIM_Base_SetConfig
                0x0800ee94      0x100 stm32f4xx_hal_tim.o
                0x0800ee94                TIM_Base_SetConfig
 .text.HAL_TIMEx_CommutCallback
                0x0800ef94       0x14 stm32f4xx_hal_tim_ex.o
                0x0800ef94                HAL_TIMEx_CommutCallback
 .text.HAL_TIMEx_BreakCallback
                0x0800efa8       0x14 stm32f4xx_hal_tim_ex.o
                0x0800efa8                HAL_TIMEx_BreakCallback
 .text.LL_TIM_SetPrescaler
                0x0800efbc       0x1c stm32f4xx_ll_tim.o
 .text.LL_TIM_SetAutoReload
                0x0800efd8       0x1c stm32f4xx_ll_tim.o
 .text.LL_TIM_SetRepetitionCounter
                0x0800eff4       0x1c stm32f4xx_ll_tim.o
 .text.LL_TIM_OC_SetCompareCH1
                0x0800f010       0x1c stm32f4xx_ll_tim.o
 .text.LL_TIM_OC_SetCompareCH2
                0x0800f02c       0x1c stm32f4xx_ll_tim.o
 .text.LL_TIM_OC_SetCompareCH3
                0x0800f048       0x1c stm32f4xx_ll_tim.o
 .text.LL_TIM_OC_SetCompareCH4
                0x0800f064       0x1c stm32f4xx_ll_tim.o
 .text.LL_TIM_GenerateEvent_UPDATE
                0x0800f080       0x20 stm32f4xx_ll_tim.o
 .text.LL_TIM_Init
                0x0800f0a0       0xf4 stm32f4xx_ll_tim.o
                0x0800f0a0                LL_TIM_Init
 .text.LL_TIM_OC_Init
                0x0800f194       0x82 stm32f4xx_ll_tim.o
                0x0800f194                LL_TIM_OC_Init
 .text.LL_TIM_BDTR_Init
                0x0800f216       0x92 stm32f4xx_ll_tim.o
                0x0800f216                LL_TIM_BDTR_Init
 .text.OC1Config
                0x0800f2a8       0xcc stm32f4xx_ll_tim.o
 .text.OC2Config
                0x0800f374       0xd4 stm32f4xx_ll_tim.o
 .text.OC3Config
                0x0800f448       0xd4 stm32f4xx_ll_tim.o
 .text.OC4Config
                0x0800f51c       0xa4 stm32f4xx_ll_tim.o
 .text.LL_USART_IsEnabled
                0x0800f5c0       0x28 stm32f4xx_ll_usart.o
 .text.LL_USART_SetStopBitsLength
                0x0800f5e8       0x26 stm32f4xx_ll_usart.o
 .text.LL_USART_SetHWFlowCtrl
                0x0800f60e       0x26 stm32f4xx_ll_usart.o
 .text.LL_USART_SetBaudRate
                0x0800f634      0x45c stm32f4xx_ll_usart.o
 .text.LL_USART_Init
                0x0800fa90       0xc8 stm32f4xx_ll_usart.o
                0x0800fa90                LL_USART_Init
 .text.SystemInit
                0x0800fb58       0x24 system_stm32f4xx.o
                0x0800fb58                SystemInit
 .text.Reset_Handler
                0x0800fb7c       0x50 startup_stm32f401retx.o
                0x0800fb7c                Reset_Handler
 .text.Default_Handler
                0x0800fbcc        0x2 startup_stm32f401retx.o
                0x0800fbcc                RTC_Alarm_IRQHandler
                0x0800fbcc                EXTI2_IRQHandler
                0x0800fbcc                SPI4_IRQHandler
                0x0800fbcc                TIM1_CC_IRQHandler
                0x0800fbcc                DMA2_Stream5_IRQHandler
                0x0800fbcc                PVD_IRQHandler
                0x0800fbcc                SDIO_IRQHandler
                0x0800fbcc                TAMP_STAMP_IRQHandler
                0x0800fbcc                EXTI3_IRQHandler
                0x0800fbcc                TIM1_UP_TIM10_IRQHandler
                0x0800fbcc                I2C3_ER_IRQHandler
                0x0800fbcc                EXTI0_IRQHandler
                0x0800fbcc                I2C2_EV_IRQHandler
                0x0800fbcc                DMA1_Stream2_IRQHandler
                0x0800fbcc                FPU_IRQHandler
                0x0800fbcc                DMA2_Stream2_IRQHandler
                0x0800fbcc                SPI1_IRQHandler
                0x0800fbcc                TIM1_BRK_TIM9_IRQHandler
                0x0800fbcc                DMA2_Stream3_IRQHandler
                0x0800fbcc                USART6_IRQHandler
                0x0800fbcc                TIM4_IRQHandler
                0x0800fbcc                I2C1_EV_IRQHandler
                0x0800fbcc                DMA1_Stream6_IRQHandler
                0x0800fbcc                DMA1_Stream1_IRQHandler
                0x0800fbcc                TIM3_IRQHandler
                0x0800fbcc                RCC_IRQHandler
                0x0800fbcc                Default_Handler
                0x0800fbcc                DMA1_Stream7_IRQHandler
                0x0800fbcc                DMA2_Stream7_IRQHandler
                0x0800fbcc                I2C3_EV_IRQHandler
                0x0800fbcc                EXTI9_5_IRQHandler
                0x0800fbcc                RTC_WKUP_IRQHandler
                0x0800fbcc                SPI2_IRQHandler
                0x0800fbcc                DMA1_Stream0_IRQHandler
                0x0800fbcc                EXTI4_IRQHandler
                0x0800fbcc                WWDG_IRQHandler
                0x0800fbcc                TIM2_IRQHandler
                0x0800fbcc                OTG_FS_WKUP_IRQHandler
                0x0800fbcc                TIM1_TRG_COM_TIM11_IRQHandler
                0x0800fbcc                EXTI1_IRQHandler
                0x0800fbcc                I2C2_ER_IRQHandler
                0x0800fbcc                DMA2_Stream1_IRQHandler
                0x0800fbcc                FLASH_IRQHandler
                0x0800fbcc                DMA2_Stream4_IRQHandler
                0x0800fbcc                USART1_IRQHandler
                0x0800fbcc                OTG_FS_IRQHandler
                0x0800fbcc                SPI3_IRQHandler
                0x0800fbcc                DMA1_Stream4_IRQHandler
                0x0800fbcc                I2C1_ER_IRQHandler
                0x0800fbcc                DMA2_Stream6_IRQHandler
                0x0800fbcc                DMA1_Stream3_IRQHandler
 *fill*         0x0800fbce        0x2 
 .text.fmod     0x0800fbd0       0x6c c:/programdata/matlab/supportpackages/r2024a/3p.instrset/gnuarm-armcortex.instrset/win/bin/../lib/gcc/arm-none-eabi/11.3.1/thumb/v7e-m+fp/hard\libm.a(libm_a-w_fmod.o)
                0x0800fbd0                fmod
 .text.fmax     0x0800fc3c       0x50 c:/programdata/matlab/supportpackages/r2024a/3p.instrset/gnuarm-armcortex.instrset/win/bin/../lib/gcc/arm-none-eabi/11.3.1/thumb/v7e-m+fp/hard\libm.a(libm_a-s_fmax.o)
                0x0800fc3c                fmax
 .text.fmin     0x0800fc8c       0x50 c:/programdata/matlab/supportpackages/r2024a/3p.instrset/gnuarm-armcortex.instrset/win/bin/../lib/gcc/arm-none-eabi/11.3.1/thumb/v7e-m+fp/hard\libm.a(libm_a-s_fmin.o)
                0x0800fc8c                fmin
 .text.__fpclassifyd
                0x0800fcdc       0x54 c:/programdata/matlab/supportpackages/r2024a/3p.instrset/gnuarm-armcortex.instrset/win/bin/../lib/gcc/arm-none-eabi/11.3.1/thumb/v7e-m+fp/hard\libm.a(libm_a-s_fpclassify.o)
                0x0800fcdc                __fpclassifyd
 .text.floor    0x0800fd30      0x118 c:/programdata/matlab/supportpackages/r2024a/3p.instrset/gnuarm-armcortex.instrset/win/bin/../lib/gcc/arm-none-eabi/11.3.1/thumb/v7e-m+fp/hard\libm.a(libm_a-s_floor.o)
                0x0800fd30                floor
 .text.__ieee754_fmod
                0x0800fe48      0x27c c:/programdata/matlab/supportpackages/r2024a/3p.instrset/gnuarm-armcortex.instrset/win/bin/../lib/gcc/arm-none-eabi/11.3.1/thumb/v7e-m+fp/hard\libm.a(libm_a-e_fmod.o)
                0x0800fe48                __ieee754_fmod
 .text.__udivmoddi4
                0x080100c4      0x2c8 c:/programdata/matlab/supportpackages/r2024a/3p.instrset/gnuarm-armcortex.instrset/win/bin/../lib/gcc/arm-none-eabi/11.3.1/thumb/v7e-m+fp/hard\libgcc.a(_udivmoddi4.o)
                0x080100c4                __udivmoddi4
 .text.memset   0x0801038c       0x10 c:/programdata/matlab/supportpackages/r2024a/3p.instrset/gnuarm-armcortex.instrset/win/bin/../lib/gcc/arm-none-eabi/11.3.1/thumb/v7e-m+fp/hard\libg_nano.a(libc_a-memset.o)
                0x0801038c                memset
 .text.__errno  0x0801039c        0xc c:/programdata/matlab/supportpackages/r2024a/3p.instrset/gnuarm-armcortex.instrset/win/bin/../lib/gcc/arm-none-eabi/11.3.1/thumb/v7e-m+fp/hard\libg_nano.a(libc_a-errno.o)
                0x0801039c                __errno
 .text.__libc_init_array
                0x080103a8       0x48 c:/programdata/matlab/supportpackages/r2024a/3p.instrset/gnuarm-armcortex.instrset/win/bin/../lib/gcc/arm-none-eabi/11.3.1/thumb/v7e-m+fp/hard\libg_nano.a(libc_a-init.o)
                0x080103a8                __libc_init_array
 .text.memcpy   0x080103f0       0x1c c:/programdata/matlab/supportpackages/r2024a/3p.instrset/gnuarm-armcortex.instrset/win/bin/../lib/gcc/arm-none-eabi/11.3.1/thumb/v7e-m+fp/hard\libg_nano.a(libc_a-memcpy-stub.o)
                0x080103f0                memcpy
 *(.glue_7)
 .glue_7        0x0801040c        0x0 linker stubs
 *(.glue_7t)
 .glue_7t       0x0801040c        0x0 linker stubs
 *(.eh_frame)
 .eh_frame      0x0801040c        0x0 c:/programdata/matlab/supportpackages/r2024a/3p.instrset/gnuarm-armcortex.instrset/win/bin/../lib/gcc/arm-none-eabi/11.3.1/thumb/v7e-m+fp/hard/crtbegin.o
 *(.init)
 .init          0x0801040c        0x4 c:/programdata/matlab/supportpackages/r2024a/3p.instrset/gnuarm-armcortex.instrset/win/bin/../lib/gcc/arm-none-eabi/11.3.1/thumb/v7e-m+fp/hard/crti.o
                0x0801040c                _init
 .init          0x08010410        0x8 c:/programdata/matlab/supportpackages/r2024a/3p.instrset/gnuarm-armcortex.instrset/win/bin/../lib/gcc/arm-none-eabi/11.3.1/thumb/v7e-m+fp/hard/crtn.o
 *(.fini)
 .fini          0x08010418        0x4 c:/programdata/matlab/supportpackages/r2024a/3p.instrset/gnuarm-armcortex.instrset/win/bin/../lib/gcc/arm-none-eabi/11.3.1/thumb/v7e-m+fp/hard/crti.o
                0x08010418                _fini
 .fini          0x0801041c        0x8 c:/programdata/matlab/supportpackages/r2024a/3p.instrset/gnuarm-armcortex.instrset/win/bin/../lib/gcc/arm-none-eabi/11.3.1/thumb/v7e-m+fp/hard/crtn.o
                0x08010424                . = ALIGN (0x4)
                0x08010424                _etext = .

.vfp11_veneer   0x08010424        0x0
 .vfp11_veneer  0x08010424        0x0 linker stubs

.v4_bx          0x08010424        0x0
 .v4_bx         0x08010424        0x0 linker stubs

.iplt           0x08010424        0x0
 .iplt          0x08010424        0x0 c:/programdata/matlab/supportpackages/r2024a/3p.instrset/gnuarm-armcortex.instrset/win/bin/../lib/gcc/arm-none-eabi/11.3.1/thumb/v7e-m+fp/hard/crtbegin.o

.rodata         0x08010428     0x29e0
                0x08010428                . = ALIGN (0x4)
 *(.rodata)
 .rodata        0x08010428      0x2b9 xcp_ext_mode.o
 *fill*         0x080106e1        0x3 
 .rodata        0x080106e4      0x12e xcp_ext_common.o
 *fill*         0x08010812        0x2 
 .rodata        0x08010814       0x4c xcp_ext_classic_trigger.o
 .rodata        0x08010860      0x278 xcp.o
 .rodata        0x08010ad8      0x3a9 xcp_standard.o
 *fill*         0x08010e81        0x3 
 .rodata        0x08010e84     0x1010 xcp_daq.o
 .rodata        0x08011e94       0xdd xcp_calibration.o
 *fill*         0x08011f71        0x3 
 .rodata        0x08011f74      0x56e xcp_transport.o
 *fill*         0x080124e2        0x2 
 .rodata        0x080124e4       0xf5 xcp_mem_default.o
 *fill*         0x080125d9        0x3 
 .rodata        0x080125dc      0x228 xcp_drv_rtiostream.o
 .rodata        0x08012804      0x4aa xcp_frame_serial.o
 *(.rodata*)
 *fill*         0x08012cae        0x2 
 .rodata.Hallhardwaredebugslx_M
                0x08012cb0        0x4 Hallhardwaredebugslx.o
                0x08012cb0                Hallhardwaredebugslx_M
 .rodata.rtAlwaysEnabled.0
                0x08012cb4        0x1 Hallhardwaredebugslx.o
 *fill*         0x08012cb5        0x3 
 .rodata.standardSupportedRxPacket
                0x08012cb8       0x54 xcp_standard.o
 .rodata.daqSupportedRxPacket
                0x08012d0c       0x9c xcp_daq.o
 .rodata.calibrationSupportedRxPacket
                0x08012da8       0x18 xcp_calibration.o
 .rodata.STREAM_OFFSET_TAB
                0x08012dc0        0x8 stm_usart.o
 .rodata.STREAM_OFFSET_TAB
                0x08012dc8        0x8 main.o
 .rodata.OFFSET_TAB_CCMRx
                0x08012dd0        0x7 main.o
 *fill*         0x08012dd7        0x1 
 .rodata.SHIFT_TAB_OCxx
                0x08012dd8        0x7 main.o
 *fill*         0x08012ddf        0x1 
 .rodata.AHBPrescTable
                0x08012de0       0x10 system_stm32f4xx.o
                0x08012de0                AHBPrescTable
 .rodata.APBPrescTable
                0x08012df0        0x8 system_stm32f4xx.o
                0x08012df0                APBPrescTable
 .rodata.Zero   0x08012df8       0x10 c:/programdata/matlab/supportpackages/r2024a/3p.instrset/gnuarm-armcortex.instrset/win/bin/../lib/gcc/arm-none-eabi/11.3.1/thumb/v7e-m+fp/hard\libm.a(libm_a-e_fmod.o)
                0x08012e08                . = ALIGN (0x4)

.ARM.extab      0x08012e08        0x0
                0x08012e08                . = ALIGN (0x4)
 *(.ARM.extab* .gnu.linkonce.armextab.*)
                0x08012e08                . = ALIGN (0x4)

.ARM            0x08012e08        0x8
                0x08012e08                . = ALIGN (0x4)
                0x08012e08                __exidx_start = .
 *(.ARM.exidx*)
 .ARM.exidx.text.__udivmoddi4
                0x08012e08        0x8 c:/programdata/matlab/supportpackages/r2024a/3p.instrset/gnuarm-armcortex.instrset/win/bin/../lib/gcc/arm-none-eabi/11.3.1/thumb/v7e-m+fp/hard\libgcc.a(_udivmoddi4.o)
                0x08012e10                __exidx_end = .
                0x08012e10                . = ALIGN (0x4)

.rel.dyn        0x08012e10        0x0
 .rel.iplt      0x08012e10        0x0 c:/programdata/matlab/supportpackages/r2024a/3p.instrset/gnuarm-armcortex.instrset/win/bin/../lib/gcc/arm-none-eabi/11.3.1/thumb/v7e-m+fp/hard/crtbegin.o

.preinit_array  0x08012e10        0x0
                0x08012e10                . = ALIGN (0x4)
                0x08012e10                PROVIDE (__preinit_array_start = .)
 *(.preinit_array*)
                0x08012e10                PROVIDE (__preinit_array_end = .)
                0x08012e10                . = ALIGN (0x4)

.init_array     0x08012e10        0x4
                0x08012e10                . = ALIGN (0x4)
                0x08012e10                PROVIDE (__init_array_start = .)
 *(SORT_BY_NAME(.init_array.*))
 *(.init_array*)
 .init_array    0x08012e10        0x4 c:/programdata/matlab/supportpackages/r2024a/3p.instrset/gnuarm-armcortex.instrset/win/bin/../lib/gcc/arm-none-eabi/11.3.1/thumb/v7e-m+fp/hard/crtbegin.o
                0x08012e14                PROVIDE (__init_array_end = .)
                0x08012e14                . = ALIGN (0x4)

.fini_array     0x08012e14        0x4
                0x08012e14                . = ALIGN (0x4)
                [!provide]                PROVIDE (__fini_array_start = .)
 *(SORT_BY_NAME(.fini_array.*))
 *(.fini_array*)
 .fini_array    0x08012e14        0x4 c:/programdata/matlab/supportpackages/r2024a/3p.instrset/gnuarm-armcortex.instrset/win/bin/../lib/gcc/arm-none-eabi/11.3.1/thumb/v7e-m+fp/hard/crtbegin.o
                [!provide]                PROVIDE (__fini_array_end = .)
                0x08012e18                . = ALIGN (0x4)
                0x08012e18                _sidata = LOADADDR (.data)

.data           0x20000000      0x338 load address 0x08012e18
                0x20000000                . = ALIGN (0x4)
                0x20000000                _sdata = .
 *(.data)
 *(.data*)
 .data.Hallhardwaredebugslx_P
                0x20000000      0x248 Hallhardwaredebugslx_data.o
                0x20000000                Hallhardwaredebugslx_P
 .data.rtInf    0x20000248        0x8 rt_nonfinite.o
                0x20000248                rtInf
 .data.rtMinusInf
                0x20000250        0x8 rt_nonfinite.o
                0x20000250                rtMinusInf
 .data.xcpExtmodeFinalSimulationTime
                0x20000258        0x8 xcp_ext_common.o
                0x20000258                xcpExtmodeFinalSimulationTime
 .data.xcpClassicTriggerDuration
                0x20000260        0x4 xcp_ext_classic_trigger.o
                0x20000260                xcpClassicTriggerDuration
 .data.xcpClassicTriggerArmRequest
                0x20000264        0x1 xcp_ext_classic_trigger.o
                0x20000264                xcpClassicTriggerArmRequest
 *fill*         0x20000265        0x3 
 .data.startStopDaqListId
                0x20000268        0x4 xcp_daq.o
 .data.xcpCurrentDaq
                0x2000026c        0x4 xcp_daq.o
 .data.xcpEventCustomMemoryManager
                0x20000270        0xc xcp_daq.o
 .data.xcpCtoReservedMemPoolId
                0x2000027c        0x4 xcp_transport.o
 .data.xcpMemMainBlockSizes
                0x20000280        0xc xcp_mem_default.o
 .data.xcpMemMainBlocksNumber
                0x2000028c        0xc xcp_mem_default.o
 .data.drvID    0x20000298        0x4 xcp_drv_rtiostream.o
 .data.xcpCtoReservedMemPoolId
                0x2000029c        0x4 xcp_frame_serial.o
 .data.uartObj  0x200002a0       0x40 rtiostream_serial.o
                0x200002a0                uartObj
 .data.uwTickFreq
                0x200002e0        0x1 stm32f4xx_hal.o
                0x200002e0                uwTickFreq
 *fill*         0x200002e1        0x3 
 .data.SystemCoreClock
                0x200002e4        0x4 system_stm32f4xx.o
                0x200002e4                SystemCoreClock
 .data._impure_data
                0x200002e8       0x4c c:/programdata/matlab/supportpackages/r2024a/3p.instrset/gnuarm-armcortex.instrset/win/bin/../lib/gcc/arm-none-eabi/11.3.1/thumb/v7e-m+fp/hard\libg_nano.a(libc_a-impure.o)
                0x200002e8                _impure_data
 .data._impure_ptr
                0x20000334        0x4 c:/programdata/matlab/supportpackages/r2024a/3p.instrset/gnuarm-armcortex.instrset/win/bin/../lib/gcc/arm-none-eabi/11.3.1/thumb/v7e-m+fp/hard\libg_nano.a(libc_a-impure.o)
                0x20000334                _impure_ptr
 *(.RamFunc)
 *(.RamFunc*)
                0x20000338                . = ALIGN (0x4)
                0x20000338                _edata = .

.tm_clone_table
                0x20000338        0x0 load address 0x08013150
 .tm_clone_table
                0x20000338        0x0 c:/programdata/matlab/supportpackages/r2024a/3p.instrset/gnuarm-armcortex.instrset/win/bin/../lib/gcc/arm-none-eabi/11.3.1/thumb/v7e-m+fp/hard/crtbegin.o
 .tm_clone_table
                0x20000338        0x0 c:/programdata/matlab/supportpackages/r2024a/3p.instrset/gnuarm-armcortex.instrset/win/bin/../lib/gcc/arm-none-eabi/11.3.1/thumb/v7e-m+fp/hard/crtend.o

.igot.plt       0x20000338        0x0 load address 0x08013150
 .igot.plt      0x20000338        0x0 c:/programdata/matlab/supportpackages/r2024a/3p.instrset/gnuarm-armcortex.instrset/win/bin/../lib/gcc/arm-none-eabi/11.3.1/thumb/v7e-m+fp/hard/crtbegin.o
                0x20000338                . = ALIGN (0x4)

.bss            0x20000338     0x1150 load address 0x08013150
                0x20000338                _sbss = .
                0x20000338                __bss_start__ = _sbss
 *(.bss)
 *(.bss*)
 .bss.completed.1
                0x20000338        0x1 c:/programdata/matlab/supportpackages/r2024a/3p.instrset/gnuarm-armcortex.instrset/win/bin/../lib/gcc/arm-none-eabi/11.3.1/thumb/v7e-m+fp/hard/crtbegin.o
 *fill*         0x20000339        0x3 
 .bss.object.0  0x2000033c       0x18 c:/programdata/matlab/supportpackages/r2024a/3p.instrset/gnuarm-armcortex.instrset/win/bin/../lib/gcc/arm-none-eabi/11.3.1/thumb/v7e-m+fp/hard/crtbegin.o
 .bss.mw_tim1   0x20000354       0x8c stm_timer_ll.o
                0x20000354                mw_tim1
 .bss.mw_tim2   0x200003e0       0x8c stm_timer_ll.o
                0x200003e0                mw_tim2
 .bss.mw_adc1   0x2000046c       0x1c stm_adc_ll.o
                0x2000046c                mw_adc1
 .bss.xcpCustomTriggerFunction
                0x20000488        0x8 xcp_ext_mode.o
 .bss.currentTime
                0x20000490        0x8 Hallhardwaredebugslx.o
                0x20000490                currentTime
 .bss.Hallhardwaredebugslx_B
                0x20000498       0x1c Hallhardwaredebugslx.o
                0x20000498                Hallhardwaredebugslx_B
 *fill*         0x200004b4        0x4 
 .bss.Hallhardwaredebugslx_DW
                0x200004b8       0xf0 Hallhardwaredebugslx.o
                0x200004b8                Hallhardwaredebugslx_DW
 .bss.Hallhardwaredebugslx_M_
                0x200005a8       0x60 Hallhardwaredebugslx.o
 .bss.rt_ExtModeInfo.2
                0x20000608       0x14 Hallhardwaredebugslx.o
 .bss.systemRan.1
                0x2000061c      0x188 Hallhardwaredebugslx.o
 .bss.IsrOverrun
                0x200007a4        0x4 ert_main.o
                0x200007a4                IsrOverrun
 .bss.OverrunFlag
                0x200007a8        0x1 ert_main.o
 .bss.stopRequested
                0x200007a9        0x1 ert_main.o
                0x200007a9                stopRequested
 .bss.runModel  0x200007aa        0x1 ert_main.o
                0x200007aa                runModel
 .bss.xcpModelStartRequest
                0x200007ab        0x1 xcp_ext_common.o
                0x200007ab                xcpModelStartRequest
 .bss.xcpModelStopRequest
                0x200007ac        0x1 xcp_ext_common.o
                0x200007ac                xcpModelStopRequest
 .bss.xcpModelStatus
                0x200007ad        0x1 xcp_ext_common.o
                0x200007ad                xcpModelStatus
 *fill*         0x200007ae        0x2 
 .bss.xcpModelChecksum0
                0x200007b0        0x4 xcp_ext_common.o
                0x200007b0                xcpModelChecksum0
 .bss.xcpModelChecksum1
                0x200007b4        0x4 xcp_ext_common.o
                0x200007b4                xcpModelChecksum1
 .bss.xcpModelChecksum2
                0x200007b8        0x4 xcp_ext_common.o
                0x200007b8                xcpModelChecksum2
 .bss.xcpModelChecksum3
                0x200007bc        0x4 xcp_ext_common.o
                0x200007bc                xcpModelChecksum3
 .bss.xcpModelIntegerCode
                0x200007c0        0x4 xcp_ext_common.o
                0x200007c0                xcpModelIntegerCode
 .bss.xcpExtmodeSimulationComplete
                0x200007c4        0x1 xcp_ext_common.o
                0x200007c4                xcpExtmodeSimulationComplete
 *fill*         0x200007c5        0x3 
 .bss.xcpDummyDoubleVariable
                0x200007c8        0x8 xcp_ext_common.o
                0x200007c8                xcpDummyDoubleVariable
 .bss.xcpCurrentSimulationTimeInMs
                0x200007d0        0x8 xcp_ext_common.o
                0x200007d0                xcpCurrentSimulationTimeInMs
 .bss.xcpBaseRateSimulationTime
                0x200007d8        0x8 xcp_ext_common.o
 .bss.xcpClassicTriggerEventId
                0x200007e0        0x2 xcp_ext_classic_trigger.o
                0x200007e0                xcpClassicTriggerEventId
 *fill*         0x200007e2        0x2 
 .bss.xcpClassicTriggerSignalAddress
                0x200007e4        0x4 xcp_ext_classic_trigger.o
                0x200007e4                xcpClassicTriggerSignalAddress
 .bss.xcpClassicTriggerSignalAddressExtension
                0x200007e8        0x1 xcp_ext_classic_trigger.o
                0x200007e8                xcpClassicTriggerSignalAddressExtension
 *fill*         0x200007e9        0x7 
 .bss.xcpClassicTriggerLevel
                0x200007f0        0x8 xcp_ext_classic_trigger.o
                0x200007f0                xcpClassicTriggerLevel
 .bss.xcpClassicTriggerHoldOff
                0x200007f8        0x4 xcp_ext_classic_trigger.o
                0x200007f8                xcpClassicTriggerHoldOff
 .bss.xcpClassicTriggerDelay
                0x200007fc        0x4 xcp_ext_classic_trigger.o
                0x200007fc                xcpClassicTriggerDelay
 .bss.xcpClassicTriggerDirection
                0x20000800        0x1 xcp_ext_classic_trigger.o
                0x20000800                xcpClassicTriggerDirection
 .bss.xcpClassicTriggerCancelRequest
                0x20000801        0x1 xcp_ext_classic_trigger.o
                0x20000801                xcpClassicTriggerCancelRequest
 .bss.xcpClassicTriggerSource
                0x20000802        0x1 xcp_ext_classic_trigger.o
                0x20000802                xcpClassicTriggerSource
 .bss.xcpClassicTriggerMode
                0x20000803        0x1 xcp_ext_classic_trigger.o
                0x20000803                xcpClassicTriggerMode
 .bss.xcpClassicTriggerStatus
                0x20000804        0x1 xcp_ext_classic_trigger.o
                0x20000804                xcpClassicTriggerStatus
 *fill*         0x20000805        0x3 
 .bss.xcpOldSignalValue
                0x20000808        0x8 xcp_ext_classic_trigger.o
 .bss.xcpOldSignalValueAvailable
                0x20000810        0x1 xcp_ext_classic_trigger.o
 .bss.xcpOldClassicTriggerSource
                0x20000811        0x1 xcp_ext_classic_trigger.o
 .bss.xcpTriggerEnabled
                0x20000812        0x1 xcp_ext_classic_trigger.o
 .bss.xcpSignalTriggerFired
                0x20000813        0x1 xcp_ext_classic_trigger.o
 .bss.xcpTriggerCount
                0x20000814        0x4 xcp_ext_classic_trigger.o
 .bss.xcpForcedTriggerEnabled
                0x20000818        0x1 xcp_ext_classic_trigger.o
 .bss.xcpForceTriggerEnableRequest
                0x20000819        0x1 xcp_ext_classic_trigger.o
 .bss.initialized
                0x2000081a        0x1 xcp.o
 .bss.xcpStatus
                0x2000081b        0x1 xcp.o
 .bss.xcpSessionStatus
                0x2000081c        0x1 xcp.o
 .bss.xcpResourceProtectionStatus
                0x2000081d        0x1 xcp.o
 .bss.xcpSessionConfigurationId
                0x2000081e        0x2 xcp.o
 .bss.groupPacketLookup
                0x20000820       0x10 xcp.o
 .bss.xcpMta    0x20000830        0x8 xcp_standard.o
 .bss.xcpUploadSize
                0x20000838        0x1 xcp_standard.o
 *fill*         0x20000839        0x3 
 .bss.packetLookup
                0x2000083c        0x4 xcp_standard.o
 .bss.xcpDynamicDaqLists
                0x20000840        0x8 xcp_daq.o
 .bss.xcpRunningEventCounter
                0x20000848        0x4 xcp_daq.o
 .bss.daqLock   0x2000084c        0x4 xcp_daq.o
 .bss.packetLookup
                0x20000850        0x4 xcp_daq.o
 .bss.packetLookup
                0x20000854        0x4 xcp_calibration.o
 .bss.txFifo    0x20000858       0x10 xcp_transport.o
 .bss.txLock    0x20000868        0x4 xcp_transport.o
 .bss.rxFifo    0x2000086c        0x8 xcp_transport.o
 .bss.rxLock    0x20000874        0x4 xcp_transport.o
 .bss.initialized
                0x20000878        0x1 xcp_transport.o
 *fill*         0x20000879        0x3 
 .bss.xcpMemPoolDescriptors
                0x2000087c       0xa8 xcp_mem_default.o
 .bss.xcpMemCustomPoolDescriptors
                0x20000924        0x8 xcp_mem_default.o
 .bss.xcpMemMainChunk
                0x2000092c      0x2bf xcp_mem_default.o
 *fill*         0x20000beb        0x1 
 .bss.xcpMemReservedPoolsChunk
                0x20000bec      0x2a1 xcp_mem_default.o
 *fill*         0x20000e8d        0x3 
 .bss.xcpMemReservedPoolsChunkUsedBytes
                0x20000e90        0x4 xcp_mem_default.o
 .bss.xcpMemLock
                0x20000e94        0x4 xcp_mem_default.o
 .bss.forceBlocking
                0x20000e98        0x1 xcp_drv_rtiostream.o
 *fill*         0x20000e99        0x1 
 .bss.txCounter
                0x20000e9a        0x2 xcp_frame_serial.o
 .bss.rxCounter
                0x20000e9c        0x2 xcp_frame_serial.o
 *fill*         0x20000e9e        0x2 
 .bss.firstRxCounterReceived
                0x20000ea0        0x4 xcp_frame_serial.o
 .bss.initialized
                0x20000ea4        0x1 xcp_frame_serial.o
 *fill*         0x20000ea5        0x3 
 .bss.timestampInitialized
                0x20000ea8        0x4 platform_timer.o
 .bss.timestampStartTime
                0x20000eac        0x4 platform_timer.o
 .bss.schdl_counter
                0x20000eb0        0x4 SysTickScheduler.o
                0x20000eb0                schdl_counter
 .bss.schdl_counter_max
                0x20000eb4        0x4 SysTickScheduler.o
                0x20000eb4                schdl_counter_max
 .bss.taskToSchedule
                0x20000eb8        0x4 m3m4m4f_multitasking.o
                0x20000eb8                taskToSchedule
 .bss.mw_ext_h  0x20000ebc        0x4 rtiostream_serial.o
                0x20000ebc                mw_ext_h
 .bss.UARTRxBuffer
                0x20000ec0        0x4 rtiostream_serial.o
                0x20000ec0                UARTRxBuffer
 .bss.mw_usart2
                0x20000ec4       0x40 stm_usart.o