../../Drivers/CMSIS/Include/core_cm4.h:1676:26:__NVIC_GetPriorityGrouping	4	static
../../Drivers/CMSIS/Include/core_cm4.h:1688:22:__NVIC_EnableIRQ	16	static
../../Drivers/CMSIS/Include/core_cm4.h:1816:22:__NVIC_SetPriority	16	static
../../Drivers/CMSIS/Include/core_cm4.h:1863:26:NVIC_EncodePriority	40	static
../../Drivers/STM32F4xx_HAL_Driver/Inc/stm32f4xx_ll_adc.h:2491:22:LL_ADC_REG_SetSequencerRanks	40	static,ignoring_inline_asm
../../Drivers/STM32F4xx_HAL_Driver/Inc/stm32f4xx_ll_adc.h:2723:22:LL_ADC_REG_SetFlagEndOfConversion	16	static
../../Drivers/STM32F4xx_HAL_Driver/Inc/stm32f4xx_ll_adc.h:3008:22:LL_ADC_INJ_SetSequencerRanks	32	static
../../Drivers/STM32F4xx_HAL_Driver/Inc/stm32f4xx_ll_adc.h:3157:22:LL_ADC_INJ_SetOffset	40	static,ignoring_inline_asm
../../Drivers/STM32F4xx_HAL_Driver/Inc/stm32f4xx_ll_adc.h:3277:22:LL_ADC_SetChannelSamplingTime	56	static,ignoring_inline_asm
../../Drivers/STM32F4xx_HAL_Driver/Inc/stm32f4xx_ll_adc.h:4113:22:LL_ADC_INJ_StartConversionExtTrig	16	static
../../Drivers/STM32F4xx_HAL_Driver/Inc/stm32f4xx_ll_adc.h:4649:22:LL_ADC_DisableIT_JEOS	16	static
../../Drivers/STM32F4xx_HAL_Driver/Inc/stm32f4xx_ll_dma.h:596:22:LL_DMA_SetDataTransferDirection	24	static
../../Drivers/STM32F4xx_HAL_Driver/Inc/stm32f4xx_ll_dma.h:644:22:LL_DMA_SetMode	24	static
../../Drivers/STM32F4xx_HAL_Driver/Inc/stm32f4xx_ll_dma.h:691:22:LL_DMA_SetPeriphIncMode	24	static
../../Drivers/STM32F4xx_HAL_Driver/Inc/stm32f4xx_ll_dma.h:736:22:LL_DMA_SetMemoryIncMode	24	static
../../Drivers/STM32F4xx_HAL_Driver/Inc/stm32f4xx_ll_dma.h:782:22:LL_DMA_SetPeriphSize	24	static
../../Drivers/STM32F4xx_HAL_Driver/Inc/stm32f4xx_ll_dma.h:829:22:LL_DMA_SetMemorySize	24	static
../../Drivers/STM32F4xx_HAL_Driver/Inc/stm32f4xx_ll_dma.h:922:22:LL_DMA_SetStreamPriorityLevel	24	static
../../Drivers/STM32F4xx_HAL_Driver/Inc/stm32f4xx_ll_dma.h:1020:22:LL_DMA_SetChannelSelection	24	static
../../Drivers/STM32F4xx_HAL_Driver/Inc/stm32f4xx_ll_dma.h:1277:22:LL_DMA_DisableFifoMode	16	static
../../Drivers/STM32F4xx_HAL_Driver/Inc/stm32f4xx_ll_rcc.h:2989:22:LL_RCC_HSI_Enable	4	static
../../Drivers/STM32F4xx_HAL_Driver/Inc/stm32f4xx_ll_rcc.h:3009:26:LL_RCC_HSI_IsReady	4	static
../../Drivers/STM32F4xx_HAL_Driver/Inc/stm32f4xx_ll_rcc.h:3035:22:LL_RCC_HSI_SetCalibTrimming	16	static
../../Drivers/STM32F4xx_HAL_Driver/Inc/stm32f4xx_ll_rcc.h:3190:22:LL_RCC_SetSysClkSource	16	static
../../Drivers/STM32F4xx_HAL_Driver/Inc/stm32f4xx_ll_rcc.h:3206:26:LL_RCC_GetSysClkSource	4	static
../../Drivers/STM32F4xx_HAL_Driver/Inc/stm32f4xx_ll_rcc.h:3226:22:LL_RCC_SetAHBPrescaler	16	static
../../Drivers/STM32F4xx_HAL_Driver/Inc/stm32f4xx_ll_rcc.h:3242:22:LL_RCC_SetAPB1Prescaler	16	static
../../Drivers/STM32F4xx_HAL_Driver/Inc/stm32f4xx_ll_rcc.h:3258:22:LL_RCC_SetAPB2Prescaler	16	static
../../Drivers/STM32F4xx_HAL_Driver/Inc/stm32f4xx_ll_rcc.h:4155:22:LL_RCC_SetTIMPrescaler	16	static
../../Drivers/STM32F4xx_HAL_Driver/Inc/stm32f4xx_ll_rcc.h:4186:22:LL_RCC_PLL_Enable	4	static
../../Drivers/STM32F4xx_HAL_Driver/Inc/stm32f4xx_ll_rcc.h:4207:26:LL_RCC_PLL_IsReady	4	static
../../Drivers/STM32F4xx_HAL_Driver/Inc/stm32f4xx_ll_rcc.h:4306:22:LL_RCC_PLL_ConfigDomain_SYS	24	static
../../Drivers/STM32F4xx_HAL_Driver/Inc/stm32f4xx_ll_bus.h:411:22:LL_AHB1_GRP1_EnableClock	24	static
../../Drivers/STM32F4xx_HAL_Driver/Inc/stm32f4xx_ll_bus.h:1187:22:LL_APB1_GRP1_EnableClock	24	static
../../Drivers/STM32F4xx_HAL_Driver/Inc/stm32f4xx_ll_bus.h:1706:22:LL_APB2_GRP1_EnableClock	24	static
../../Drivers/STM32F4xx_HAL_Driver/Inc/stm32f4xx_ll_system.h:670:22:LL_SYSCFG_SetEXTISource	24	static,ignoring_inline_asm
../../Drivers/STM32F4xx_HAL_Driver/Inc/stm32f4xx_ll_system.h:1542:22:LL_FLASH_SetLatency	16	static
../../Drivers/STM32F4xx_HAL_Driver/Inc/stm32f4xx_ll_system.h:1568:26:LL_FLASH_GetLatency	4	static
../../Drivers/STM32F4xx_HAL_Driver/Inc/stm32f4xx_ll_pwr.h:507:22:LL_PWR_SetRegulVoltageScaling	16	static
../../Drivers/STM32F4xx_HAL_Driver/Inc/stm32f4xx_ll_tim.h:1305:22:LL_TIM_EnableARRPreload	16	static
../../Drivers/STM32F4xx_HAL_Driver/Inc/stm32f4xx_ll_tim.h:1923:22:LL_TIM_OC_DisableFast	24	static
../../Drivers/STM32F4xx_HAL_Driver/Inc/stm32f4xx_ll_tim.h:2738:22:LL_TIM_SetTriggerOutput	16	static
../../Drivers/STM32F4xx_HAL_Driver/Inc/stm32f4xx_ll_tim.h:2791:22:LL_TIM_EnableMasterSlaveMode	16	static
../../Drivers/STM32F4xx_HAL_Driver/Inc/stm32f4xx_ll_usart.h:411:22:LL_USART_Enable	16	static
../../Drivers/STM32F4xx_HAL_Driver/Inc/stm32f4xx_ll_usart.h:1480:22:LL_USART_ConfigAsyncMode	16	static
../../Drivers/STM32F4xx_HAL_Driver/Inc/stm32f4xx_ll_gpio.h:274:22:LL_GPIO_SetPinMode	40	static,ignoring_inline_asm
../../Drivers/STM32F4xx_HAL_Driver/Inc/stm32f4xx_ll_gpio.h:485:22:LL_GPIO_SetPinPull	40	static,ignoring_inline_asm
../../Drivers/STM32F4xx_HAL_Driver/Inc/stm32f4xx_ll_gpio.h:911:22:LL_GPIO_ResetOutputPin	16	static
D:/Work/Matlab/PMSM/01/STM32CubeMXClark/Core/Src/main.c:67:6:SystemClock_Config	8	static
D:/Work/Matlab/PMSM/01/STM32CubeMXClark/Core/Src/main.c:115:6:MX_ADC1_Init	88	static
D:/Work/Matlab/PMSM/01/STM32CubeMXClark/Core/Src/main.c:222:6:MX_TIM1_Init	112	static
D:/Work/Matlab/PMSM/01/STM32CubeMXClark/Core/Src/main.c:296:6:MX_USART2_UART_Init	64	static
D:/Work/Matlab/PMSM/01/STM32CubeMXClark/Core/Src/main.c:366:6:MX_DMA_Init	8	static
D:/Work/Matlab/PMSM/01/STM32CubeMXClark/Core/Src/main.c:385:6:MX_GPIO_Init	40	static
D:/Work/Matlab/PMSM/01/STM32CubeMXClark/Core/Src/main.c:437:6:HAL_TIM_PeriodElapsedCallback	16	static
D:/Work/Matlab/PMSM/01/STM32CubeMXClark/Core/Src/main.c:454:6:Error_Handler	4	static,ignoring_inline_asm
